 zlibwapi

 Timestamp is 5ec69d36 (Thu May 21 23:24:38 2020)

 Preferred load address is 0000000180000000

 Start         Length     Name                   Class
 0001:00000000 00012370H .text$mn                CODE
 0001:00012370 00000012H .text$mn$00             CODE
 0001:00012382 00000092H .text$x                 CODE
 0002:00000000 00000248H .idata$5                DATA
 0002:00000248 00000028H .00cfg                  DATA
 0002:00000270 00000008H .CRT$XCA                DATA
 0002:00000278 00000008H .CRT$XCZ                DATA
 0002:00000280 00000008H .CRT$XIA                DATA
 0002:00000288 00000008H .CRT$XIZ                DATA
 0002:00000290 00000008H .CRT$XPA                DATA
 0002:00000298 00000008H .CRT$XPZ                DATA
 0002:000002a0 00000008H .CRT$XTA                DATA
 0002:000002a8 00000008H .CRT$XTZ                DATA
 0002:000002b0 00000000H .gfids$y                DATA
 0002:000002b0 00004450H .rdata                  DATA
 0002:00004700 000002d0H .rdata$zzzdbg           DATA
 0002:000049d0 00000008H .rtc$IAA                DATA
 0002:000049d8 00000008H .rtc$IZZ                DATA
 0002:000049e0 00000008H .rtc$TAA                DATA
 0002:000049e8 00000008H .rtc$TZZ                DATA
 0002:000049f0 00001770H .xdata                  DATA
 0002:00006160 00000d50H .edata                  DATA
 0002:00006eb0 000000a0H .idata$2                DATA
 0002:00006f50 00000018H .idata$3                DATA
 0002:00006f68 00000248H .idata$4                DATA
 0002:000071b0 0000052cH .idata$6                DATA
 0003:00000000 00000040H .data                   DATA
 0003:00000040 000000a0H .bss                    DATA
 0004:00000000 000010f8H .pdata                  DATA
 0005:00000000 00000060H .rsrc$01                DATA
 0005:00000060 00000338H .rsrc$02                DATA

  Address         Publics by Value              Rva+Base               Lib:Object

 0000:00000000       ___safe_se_handler_table   0000000000000000     <absolute>
 0000:00000000       __hybrid_code_map          0000000000000000     <absolute>
 0000:00000000       __hybrid_code_map_count    0000000000000000     <absolute>
 0000:00000000       __dynamic_value_reloc_table 0000000000000000     <absolute>
 0000:00000000       __guard_iat_table          0000000000000000     <absolute>
 0000:00000000       __guard_iat_count          0000000000000000     <absolute>
 0000:00000000       __guard_longjmp_count      0000000000000000     <absolute>
 0000:00000000       __guard_eh_cont_table      0000000000000000     <absolute>
 0000:00000000       ___safe_se_handler_count   0000000000000000     <absolute>
 0000:00000000       __hybrid_auxiliary_iat     0000000000000000     <absolute>
 0000:00000000       __enclave_config           0000000000000000     <absolute>
 0000:00000000       __guard_fids_count         0000000000000000     <absolute>
 0000:00000000       __guard_eh_cont_count      0000000000000000     <absolute>
 0000:00000000       __guard_longjmp_table      0000000000000000     <absolute>
 0000:00000000       __AbsoluteZero             0000000000000000     <absolute>
 0000:00000000       __guard_fids_table         0000000000000000     <absolute>
 0000:00000000       __volatile_metadata        0000000000000000     <absolute>
 0000:00000100       __guard_flags              0000000000000100     <absolute>
 0000:00000000       __ImageBase                0000000180000000     <linker-defined>
 0001:00000000       compress4                  0000000180001000 f   zlibaddons.obj
 0001:00000120       compress3                  0000000180001120 f   zlibaddons.obj
 0001:00000140       uncompress4                0000000180001140 f   zlibaddons.obj
 0001:000002b0       uncompress3                00000001800012b0 f   zlibaddons.obj
 0001:000002d0       adler32_z                  00000001800012d0 f   adler32.obj
 0001:000005b0       adler32                    00000001800015b0 f   adler32.obj
 0001:000006a0       adler32_combine            00000001800016a0 f   adler32.obj
 0001:000006b0       compress2                  00000001800016b0 f   compress.obj
 0001:000007b0       compress                   00000001800017b0 f   compress.obj
 0001:000007d0       compressBound              00000001800017d0 f   compress.obj
 0001:000007f0       get_crc_table              00000001800017f0 f   crc32.obj
 0001:00000800       crc32_z                    0000000180001800 f   crc32.obj
 0001:00000810       crc32                      0000000180001810 f   crc32.obj
 0001:00000ff0       crc32_combine              0000000180001ff0 f   crc32.obj
 0001:00001080       deflateInit_               0000000180002080 f   deflate.obj
 0001:000010c0       deflateInit2_              00000001800020c0 f   deflate.obj
 0001:000013b0       deflateSetDictionary       00000001800023b0 f   deflate.obj
 0001:000015b0       deflateGetDictionary       00000001800025b0 f   deflate.obj
 0001:00001630       deflateResetKeep           0000000180002630 f   deflate.obj
 0001:000016e0       deflateReset               00000001800026e0 f   deflate.obj
 0001:00001710       deflateSetHeader           0000000180002710 f   deflate.obj
 0001:00001750       deflatePending             0000000180002750 f   deflate.obj
 0001:000017a0       deflatePrime               00000001800027a0 f   deflate.obj
 0001:00001850       deflateParams              0000000180002850 f   deflate.obj
 0001:000019c0       deflateTune                00000001800029c0 f   deflate.obj
 0001:00001a10       deflateBound               0000000180002a10 f   deflate.obj
 0001:00001bd0       deflate                    0000000180002bd0 f   deflate.obj
 0001:000024f0       deflateEnd                 00000001800034f0 f   deflate.obj
 0001:000025a0       deflateCopy                00000001800035a0 f   deflate.obj
 0001:00003d80       gzclose                    0000000180004d80 f   gzclose.obj
 0001:00003da0       __local_stdio_printf_options 0000000180004da0 f i gzlib.obj
 0001:00003db0       vsnprintf                  0000000180004db0 f i gzlib.obj
 0001:00003e20       snprintf                   0000000180004e20 f i gzlib.obj
 0001:00004200       gzopen                     0000000180005200 f   gzlib.obj
 0001:00004210       gzdopen                    0000000180005210 f   gzlib.obj
 0001:000042a0       gzopen_w                   00000001800052a0 f   gzlib.obj
 0001:000042b0       gzbuffer                   00000001800052b0 f   gzlib.obj
 0001:000042f0       gzrewind                   00000001800052f0 f   gzlib.obj
 0001:00004350       gzseek64                   0000000180005350 f   gzlib.obj
 0001:000044b0       gzseek                     00000001800054b0 f   gzlib.obj
 0001:000044e0       gztell64                   00000001800054e0 f   gzlib.obj
 0001:00004520       gztell                     0000000180005520 f   gzlib.obj
 0001:00004540       gzoffset64                 0000000180005540 f   gzlib.obj
 0001:000045a0       gzoffset                   00000001800055a0 f   gzlib.obj
 0001:000045c0       gzeof                      00000001800055c0 f   gzlib.obj
 0001:000045e0       gzerror                    00000001800055e0 f   gzlib.obj
 0001:00004630       gzclearerr                 0000000180005630 f   gzlib.obj
 0001:00004670       gz_error                   0000000180005670 f   gzlib.obj
 0001:00004e30       gzread                     0000000180005e30 f   gzread.obj
 0001:00004ea0       gzfread                    0000000180005ea0 f   gzread.obj
 0001:00004f20       gzgetc                     0000000180005f20 f   gzread.obj
 0001:00004fa0       gzgetc_                    0000000180005fa0 f   gzread.obj
 0001:00004fb0       gzungetc                   0000000180005fb0 f   gzread.obj
 0001:000050d0       gzgets                     00000001800060d0 f   gzread.obj
 0001:00005210       gzdirect                   0000000180006210 f   gzread.obj
 0001:00005250       gzclose_r                  0000000180006250 f   gzread.obj
 0001:000057f0       gzwrite                    00000001800067f0 f   gzwrite.obj
 0001:00005840       gzfwrite                   0000000180006840 f   gzwrite.obj
 0001:000058c0       gzputc                     00000001800068c0 f   gzwrite.obj
 0001:00005990       gzputs                     0000000180006990 f   gzwrite.obj
 0001:00005a00       gzvprintf                  0000000180006a00 f   gzwrite.obj
 0001:00005b90       gzprintf                   0000000180006b90 f   gzwrite.obj
 0001:00005bc0       gzflush                    0000000180006bc0 f   gzwrite.obj
 0001:00005c30       gzsetparams                0000000180006c30 f   gzwrite.obj
 0001:00005ce0       gzclose_w                  0000000180006ce0 f   gzwrite.obj
 0001:00005db0       inflateBackInit_           0000000180006db0 f   infback.obj
 0001:00005f00       inflateBack                0000000180006f00 f   infback.obj
 0001:00006de0       inflateBackEnd             0000000180007de0 f   infback.obj
 0001:00006e30       inflate_fast               0000000180007e30 f   inffas8664.obj
 0001:00007040       inflateResetKeep           0000000180008040 f   inflate.obj
 0001:000070d0       inflateReset               00000001800080d0 f   inflate.obj
 0001:00007100       inflateReset2              0000000180008100 f   inflate.obj
 0001:000071a0       inflateInit2_              00000001800081a0 f   inflate.obj
 0001:000072a0       inflateInit_               00000001800082a0 f   inflate.obj
 0001:000072b0       inflatePrime               00000001800082b0 f   inflate.obj
 0001:00007450       inflate                    0000000180008450 f   inflate.obj
 0001:00008bd0       inflateEnd                 0000000180009bd0 f   inflate.obj
 0001:00008c20       inflateGetDictionary       0000000180009c20 f   inflate.obj
 0001:00008cb0       inflateSetDictionary       0000000180009cb0 f   inflate.obj
 0001:00008d60       inflateGetHeader           0000000180009d60 f   inflate.obj
 0001:00008e10       inflateSync                0000000180009e10 f   inflate.obj
 0001:00008f30       inflateSyncPoint           0000000180009f30 f   inflate.obj
 0001:00008f70       inflateCopy                0000000180009f70 f   inflate.obj
 0001:00009120       inflateUndermine           000000018000a120 f   inflate.obj
 0001:00009150       inflateValidate            000000018000a150 f   inflate.obj
 0001:00009190       inflateMark                000000018000a190 f   inflate.obj
 0001:00009200       inflateCodesUsed           000000018000a200 f   inflate.obj
 0001:00009240       inflate_table              000000018000a240 f   inftrees.obj
 0001:00009760       call_zopen64               000000018000a760 f   ioapi.obj
 0001:00009780       call_zseek64               000000018000a780 f   ioapi.obj
 0001:000097b0       call_ztell64               000000018000a7b0 f   ioapi.obj
 0001:000097f0       fill_zlib_filefunc64_32_def_from_filefunc32 000000018000a7f0 f   ioapi.obj
 0001:00009a20       fill_fopen64_filefunc      000000018000aa20 f   ioapi.obj
 0001:00009b50       win32_open64_file_func     000000018000ab50 f   iowin32.obj
 0001:00009bf0       win32_open64_file_funcA    000000018000abf0 f   iowin32.obj
 0001:00009c90       win32_open64_file_funcW    000000018000ac90 f   iowin32.obj
 0001:00009d00       win32_open_file_func       000000018000ad00 f   iowin32.obj
 0001:00009da0       win32_read_file_func       000000018000ada0 f   iowin32.obj
 0001:00009e10       win32_write_file_func      000000018000ae10 f   iowin32.obj
 0001:00009e90       win32_tell_file_func       000000018000ae90 f   iowin32.obj
 0001:00009ef0       win32_tell64_file_func     000000018000aef0 f   iowin32.obj
 0001:00009f50       win32_seek_file_func       000000018000af50 f   iowin32.obj
 0001:00009fd0       win32_seek64_file_func     000000018000afd0 f   iowin32.obj
 0001:0000a050       win32_close_file_func      000000018000b050 f   iowin32.obj
 0001:0000a090       win32_error_file_func      000000018000b090 f   iowin32.obj
 0001:0000a0a0       fill_win32_filefunc        000000018000b0a0 f   iowin32.obj
 0001:0000a100       fill_win32_filefunc64      000000018000b100 f   iowin32.obj
 0001:0000a160       fill_win32_filefunc64A     000000018000b160 f   iowin32.obj
 0001:0000a1c0       fill_win32_filefunc64W     000000018000b1c0 f   iowin32.obj
 0001:0000a230       _tr_init                   000000018000b230 f   trees.obj
 0001:0000b420       _tr_stored_block           000000018000c420 f   trees.obj
 0001:0000b530       _tr_flush_bits             000000018000c530 f   trees.obj
 0001:0000b540       _tr_align                  000000018000c540 f   trees.obj
 0001:0000b630       _tr_flush_block            000000018000c630 f   trees.obj
 0001:0000be60       uncompress2                000000018000ce60 f   uncompr.obj
 0001:0000bfc0       uncompress                 000000018000cfc0 f   uncompr.obj
 0001:0000c390       unzStringFileNameCompare   000000018000d390 f   unzip.obj
 0001:0000cbc0       unzOpen2                   000000018000dbc0 f   unzip.obj
 0001:0000cc10       unzOpen2_64                000000018000dc10 f   unzip.obj
 0001:0000cc70       unzOpen                    000000018000dc70 f   unzip.obj
 0001:0000cc80       unzOpen64                  000000018000dc80 f   unzip.obj
 0001:0000cc90       unzClose                   000000018000dc90 f   unzip.obj
 0001:0000cce0       unzGetGlobalInfo64         000000018000dce0 f   unzip.obj
 0001:0000cd00       unzGetGlobalInfo           000000018000dd00 f   unzip.obj
 0001:0000d300       unzGetCurrentFileInfo64    000000018000e300 f   unzip.obj
 0001:0000d350       unzGetCurrentFileInfo      000000018000e350 f   unzip.obj
 0001:0000d450       unzGoToFirstFile           000000018000e450 f   unzip.obj
 0001:0000d4d0       unzGoToNextFile            000000018000e4d0 f   unzip.obj
 0001:0000d590       unzLocateFile              000000018000e590 f   unzip.obj
 0001:0000d780       unzGetFilePos64            000000018000e780 f   unzip.obj
 0001:0000d7c0       unzGetFilePos              000000018000e7c0 f   unzip.obj
 0001:0000d7f0       unzGoToFilePos64           000000018000e7f0 f   unzip.obj
 0001:0000d870       unzGoToFilePos             000000018000e870 f   unzip.obj
 0001:0000dad0       unzOpenCurrentFile3        000000018000ead0 f   unzip.obj
 0001:0000dd60       unzOpenCurrentFile         000000018000ed60 f   unzip.obj
 0001:0000dd80       unzOpenCurrentFilePassword 000000018000ed80 f   unzip.obj
 0001:0000dda0       unzOpenCurrentFile2        000000018000eda0 f   unzip.obj
 0001:0000ddc0       unzGetCurrentFileZStreamPos64 000000018000edc0 f   unzip.obj
 0001:0000dde0       unzReadCurrentFile         000000018000ede0 f   unzip.obj
 0001:0000e0b0       unztell                    000000018000f0b0 f   unzip.obj
 0001:0000e0d0       unztell64                  000000018000f0d0 f   unzip.obj
 0001:0000e100       unzeof                     000000018000f100 f   unzip.obj
 0001:0000e130       unzGetLocalExtrafield      000000018000f130 f   unzip.obj
 0001:0000e220       unzCloseCurrentFile        000000018000f220 f   unzip.obj
 0001:0000e2e0       unzGetGlobalComment        000000018000f2e0 f   unzip.obj
 0001:0000ef20       LoadCentralDirectoryRecord 000000018000ff20 f   zip.obj
 0001:0000f2e0       zipOpen3                   00000001800102e0 f   zip.obj
 0001:0000f480       zipOpen2                   0000000180010480 f   zip.obj
 0001:0000f4d0       zipOpen2_64                00000001800104d0 f   zip.obj
 0001:0000f530       zipOpen                    0000000180010530 f   zip.obj
 0001:0000f540       zipOpen64                  0000000180010540 f   zip.obj
 0001:0000f550       Write_LocalFileHeader      0000000180010550 f   zip.obj
 0001:0000f7b0       zipOpenNewFileInZip4_64    00000001800107b0 f   zip.obj
 0001:0000fd70       zipOpenNewFileInZip3       0000000180010d70 f   zip.obj
 0001:0000fe20       zipOpenNewFileInZip3_64    0000000180010e20 f   zip.obj
 0001:0000fee0       zipOpenNewFileInZip2       0000000180010ee0 f   zip.obj
 0001:0000ff70       zipOpenNewFileInZip2_64    0000000180010f70 f   zip.obj
 0001:00010010       zipOpenNewFileInZip64      0000000180011010 f   zip.obj
 0001:000100a0       zipOpenNewFileInZip        00000001800110a0 f   zip.obj
 0001:00010210       zipWriteInFileInZip        0000000180011210 f   zip.obj
 0001:00010380       zipCloseFileInZipRaw       0000000180011380 f   zip.obj
 0001:00010390       zipCloseFileInZipRaw64     0000000180011390 f   zip.obj
 0001:00010820       zipCloseFileInZip          0000000180011820 f   zip.obj
 0001:00010830       Write_Zip64EndOfCentralDirectoryLocator 0000000180011830 f   zip.obj
 0001:000108b0       Write_Zip64EndOfCentralDirectoryRecord 00000001800118b0 f   zip.obj
 0001:000109e0       Write_EndOfCentralDirectoryRecord 00000001800119e0 f   zip.obj
 0001:00010b00       Write_GlobalComment        0000000180011b00 f   zip.obj
 0001:00010b90       zipClose                   0000000180011b90 f   zip.obj
 0001:00010d00       zlibVersion                0000000180011d00 f   zutil.obj
 0001:00010d10       zlibCompileFlags           0000000180011d10 f   zutil.obj
 0001:00010d20       zError                     0000000180011d20 f   zutil.obj
 0001:00010d40       zcalloc                    0000000180011d40 f   zutil.obj
 0001:00010d50       zcfree                     0000000180011d50 f   zutil.obj
 0001:00010d60       longest_match              0000000180011d60 f   gvmat64.obj
 0001:00011038       match_init                 0000000180012038 f   gvmat64.obj
 0001:00011040       inffas8664fnc              0000000180012040 f   inffasx64.obj
 0001:00011357       ReadFile                   0000000180012357 f   kernel32:KERNEL32.dll
 0001:0001135d       WriteFile                  000000018001235d f   kernel32:KERNEL32.dll
 0001:00011363       CreateFile2                0000000180012363 f   kernel32:KERNEL32.dll
 0001:00011369       MultiByteToWideChar        0000000180012369 f   kernel32:KERNEL32.dll
 0001:0001136f       GetLastError               000000018001236f f   kernel32:KERNEL32.dll
 0001:00011375       CloseHandle                0000000180012375 f   kernel32:KERNEL32.dll
 0001:0001137b       SetFilePointerEx           000000018001237b f   kernel32:KERNEL32.dll
 0001:000116c0       _CRT_INIT                  00000001800126c0 f   MSVCRT:dll_dllmain.obj
 0001:000116c8       _DllMainCRTStartup         00000001800126c8 f   MSVCRT:dll_dllmain.obj
 0001:00011774       __security_init_cookie     0000000180012774 f   MSVCRT:gs_support.obj
 0001:00011820       DllMain                    0000000180012820 f   MSVCRT:dll_dllmain_stub.obj
 0001:00011844       ?__scrt_initialize_type_info@@YAXXZ 0000000180012844 f   MSVCRT:tncleanup.obj
 0001:00011854       ?__scrt_uninitialize_type_info@@YAXXZ 0000000180012854 f   MSVCRT:tncleanup.obj
 0001:00011860       __local_stdio_scanf_options 0000000180012860 f i MSVCRT:default_local_stdio_options.obj
 0001:00011868       __scrt_initialize_default_local_stdio_options 0000000180012868 f   MSVCRT:default_local_stdio_options.obj
 0001:00011884       ?configure_argv@__scrt_narrow_argv_policy@@SAHXZ 0000000180012884 f i MSVCRT:utility.obj
 0001:000118e4       ?initialize_environment@__scrt_narrow_environment_policy@@SAHXZ 00000001800128e4 f i MSVCRT:utility.obj
 0001:0001191c       NtCurrentTeb               000000018001291c f i MSVCRT:utility.obj
 0001:00011928       __scrt_acquire_startup_lock 0000000180012928 f   MSVCRT:utility.obj
 0001:00011964       __scrt_dllmain_after_initialize_c 0000000180012964 f   MSVCRT:utility.obj
 0001:00011998       __scrt_dllmain_before_initialize_c 0000000180012998 f   MSVCRT:utility.obj
 0001:000119b0       __scrt_dllmain_crt_thread_attach 00000001800129b0 f   MSVCRT:utility.obj
 0001:000119d8       __scrt_dllmain_crt_thread_detach 00000001800129d8 f   MSVCRT:utility.obj
 0001:000119f0       __scrt_dllmain_exception_filter 00000001800129f0 f   MSVCRT:utility.obj
 0001:00011a50       __scrt_dllmain_uninitialize_c 0000000180012a50 f   MSVCRT:utility.obj
 0001:00011a80       __scrt_dllmain_uninitialize_critical 0000000180012a80 f   MSVCRT:utility.obj
 0001:00011a94       __scrt_initialize_crt      0000000180012a94 f   MSVCRT:utility.obj
 0001:00011ae0       __scrt_initialize_onexit_tables 0000000180012ae0 f   MSVCRT:utility.obj
 0001:00011b6c       __scrt_is_nonwritable_in_current_image 0000000180012b6c f   MSVCRT:utility.obj
 0001:00011c04       __scrt_release_startup_lock 0000000180012c04 f   MSVCRT:utility.obj
 0001:00011c28       __scrt_uninitialize_crt    0000000180012c28 f   MSVCRT:utility.obj
 0001:00011c54       _onexit                    0000000180012c54 f   MSVCRT:utility.obj
 0001:00011c90       at_quick_exit              0000000180012c90 f   MSVCRT:utility.obj
 0001:00011cb0       atexit                     0000000180012cb0 f   MSVCRT:utility.obj
 0001:00011cc8       __scrt_get_dyn_tls_init_callback 0000000180012cc8 f   MSVCRT:dyn_tls_init.obj
 0001:00011cd0       __crt_debugger_hook        0000000180012cd0 f   MSVCRT:utility_desktop.obj
 0001:00011cd8       __scrt_fastfail            0000000180012cd8 f   MSVCRT:utility_desktop.obj
 0001:00011e24       __scrt_get_show_window_mode 0000000180012e24 f   MSVCRT:utility_desktop.obj
 0001:00011e60       __scrt_initialize_mta      0000000180012e60 f   MSVCRT:utility_desktop.obj
 0001:00011e68       __scrt_initialize_winrt    0000000180012e68 f   MSVCRT:utility_desktop.obj
 0001:00011e6c       __scrt_is_managed_app      0000000180012e6c f   MSVCRT:utility_desktop.obj
 0001:00011ec0       __scrt_set_unhandled_exception_filter 0000000180012ec0 f   MSVCRT:utility_desktop.obj
 0001:00011ed0       __scrt_exe_initialize_mta  0000000180012ed0 f   MSVCRT:utility_desktop.obj
 0001:00011ed0       __scrt_stub_for_initialize_mta 0000000180012ed0 f   MSVCRT:utility_desktop.obj
 0001:00011ed4       __scrt_unhandled_exception_filter 0000000180012ed4 f   MSVCRT:utility_desktop.obj
 0001:00011f30       _RTC_Initialize            0000000180012f30 f   MSVCRT:initsect.obj
 0001:00011f6c       _RTC_Terminate             0000000180012f6c f   MSVCRT:initsect.obj
 0001:00011fa8       _guard_check_icall_nop     0000000180012fa8 f i MSVCRT:guard_support.obj
 0001:00011fac       ReadNoFence64              0000000180012fac f i MSVCRT:guard_support.obj
 0001:00011fb0       ReadPointerNoFence         0000000180012fb0 f i MSVCRT:guard_support.obj
 0001:00011fb4       _guard_icall_checks_enforced 0000000180012fb4 f i MSVCRT:guard_support.obj
 0001:00011fcc       _guard_rf_checks_enforced  0000000180012fcc f i MSVCRT:guard_support.obj
 0001:00011fd0       __isa_available_init       0000000180012fd0 f   MSVCRT:cpu_disp.obj
 0001:00012174       _get_startup_argv_mode     0000000180013174 f   MSVCRT:argv_mode.obj
 0001:0001217c       __scrt_is_ucrt_dll_in_use  000000018001317c f   MSVCRT:ucrt_detection.obj
 0001:00012190       __C_specific_handler       0000000180013190 f   vcruntime:VCRUNTIME140.dll
 0001:00012196       __std_type_info_destroy_list 0000000180013196 f   vcruntime:VCRUNTIME140.dll
 0001:0001219c       __current_exception        000000018001319c f   vcruntime:VCRUNTIME140.dll
 0001:000121a2       __current_exception_context 00000001800131a2 f   vcruntime:VCRUNTIME140.dll
 0001:000121a8       memset                     00000001800131a8 f   vcruntime:VCRUNTIME140.dll
 0001:000121ae       _lseeki64                  00000001800131ae f   ucrt:api-ms-win-crt-stdio-l1-1-0.dll
 0001:000121b4       _wopen                     00000001800131b4 f   ucrt:api-ms-win-crt-stdio-l1-1-0.dll
 0001:000121ba       _open                      00000001800131ba f   ucrt:api-ms-win-crt-stdio-l1-1-0.dll
 0001:000121c0       wcstombs                   00000001800131c0 f   ucrt:api-ms-win-crt-convert-l1-1-0.dll
 0001:000121c6       __stdio_common_vsprintf    00000001800131c6 f   ucrt:api-ms-win-crt-stdio-l1-1-0.dll
 0001:000121cc       free                       00000001800131cc f   ucrt:api-ms-win-crt-heap-l1-1-0.dll
 0001:000121d2       malloc                     00000001800131d2 f   ucrt:api-ms-win-crt-heap-l1-1-0.dll
 0001:000121d8       _read                      00000001800131d8 f   ucrt:api-ms-win-crt-stdio-l1-1-0.dll
 0001:000121de       _close                     00000001800131de f   ucrt:api-ms-win-crt-stdio-l1-1-0.dll
 0001:000121e4       _errno                     00000001800131e4 f   ucrt:api-ms-win-crt-runtime-l1-1-0.dll
 0001:000121ea       strerror                   00000001800131ea f   ucrt:api-ms-win-crt-runtime-l1-1-0.dll
 0001:000121f0       _write                     00000001800131f0 f   ucrt:api-ms-win-crt-stdio-l1-1-0.dll
 0001:000121f6       ftell                      00000001800131f6 f   ucrt:api-ms-win-crt-stdio-l1-1-0.dll
 0001:000121fc       ferror                     00000001800131fc f   ucrt:api-ms-win-crt-stdio-l1-1-0.dll
 0001:00012202       fopen                      0000000180013202 f   ucrt:api-ms-win-crt-stdio-l1-1-0.dll
 0001:00012208       fclose                     0000000180013208 f   ucrt:api-ms-win-crt-stdio-l1-1-0.dll
 0001:0001220e       fseek                      000000018001320e f   ucrt:api-ms-win-crt-stdio-l1-1-0.dll
 0001:00012214       fwrite                     0000000180013214 f   ucrt:api-ms-win-crt-stdio-l1-1-0.dll
 0001:0001221a       _ftelli64                  000000018001321a f   ucrt:api-ms-win-crt-stdio-l1-1-0.dll
 0001:00012220       fread                      0000000180013220 f   ucrt:api-ms-win-crt-stdio-l1-1-0.dll
 0001:00012226       _fseeki64                  0000000180013226 f   ucrt:api-ms-win-crt-stdio-l1-1-0.dll
 0001:0001222c       srand                      000000018001322c f   ucrt:api-ms-win-crt-utility-l1-1-0.dll
 0001:00012232       rand                       0000000180013232 f   ucrt:api-ms-win-crt-utility-l1-1-0.dll
 0001:00012238       _time64                    0000000180013238 f   ucrt:api-ms-win-crt-time-l1-1-0.dll
 0001:0001223e       _initterm                  000000018001323e f   ucrt:api-ms-win-crt-runtime-l1-1-0.dll
 0001:00012244       _initterm_e                0000000180013244 f   ucrt:api-ms-win-crt-runtime-l1-1-0.dll
 0001:0001224a       _seh_filter_dll            000000018001324a f   ucrt:api-ms-win-crt-runtime-l1-1-0.dll
 0001:00012250       _configure_narrow_argv     0000000180013250 f   ucrt:api-ms-win-crt-runtime-l1-1-0.dll
 0001:00012256       _initialize_narrow_environment 0000000180013256 f   ucrt:api-ms-win-crt-runtime-l1-1-0.dll
 0001:0001225c       _initialize_onexit_table   000000018001325c f   ucrt:api-ms-win-crt-runtime-l1-1-0.dll
 0001:00012262       _register_onexit_function  0000000180013262 f   ucrt:api-ms-win-crt-runtime-l1-1-0.dll
 0001:00012268       _execute_onexit_table      0000000180013268 f   ucrt:api-ms-win-crt-runtime-l1-1-0.dll
 0001:0001226e       _crt_atexit                000000018001326e f   ucrt:api-ms-win-crt-runtime-l1-1-0.dll
 0001:00012274       _crt_at_quick_exit         0000000180013274 f   ucrt:api-ms-win-crt-runtime-l1-1-0.dll
 0001:0001227a       _cexit                     000000018001327a f   ucrt:api-ms-win-crt-runtime-l1-1-0.dll
 0001:00012280       terminate                  0000000180013280 f   ucrt:api-ms-win-crt-runtime-l1-1-0.dll
 0001:00012286       QueryPerformanceCounter    0000000180013286 f   kernel32:KERNEL32.dll
 0001:0001228c       GetCurrentProcessId        000000018001328c f   kernel32:KERNEL32.dll
 0001:00012292       GetCurrentThreadId         0000000180013292 f   kernel32:KERNEL32.dll
 0001:00012298       GetSystemTimeAsFileTime    0000000180013298 f   kernel32:KERNEL32.dll
 0001:0001229e       DisableThreadLibraryCalls  000000018001329e f   kernel32:KERNEL32.dll
 0001:000122a4       InitializeSListHead        00000001800132a4 f   kernel32:KERNEL32.dll
 0001:000122aa       RtlCaptureContext          00000001800132aa f   kernel32:KERNEL32.dll
 0001:000122b0       RtlLookupFunctionEntry     00000001800132b0 f   kernel32:KERNEL32.dll
 0001:000122b6       RtlVirtualUnwind           00000001800132b6 f   kernel32:KERNEL32.dll
 0001:000122bc       IsDebuggerPresent          00000001800132bc f   kernel32:KERNEL32.dll
 0001:000122c2       UnhandledExceptionFilter   00000001800132c2 f   kernel32:KERNEL32.dll
 0001:000122c8       SetUnhandledExceptionFilter 00000001800132c8 f   kernel32:KERNEL32.dll
 0001:000122ce       GetStartupInfoW            00000001800132ce f   kernel32:KERNEL32.dll
 0001:000122d4       IsProcessorFeaturePresent  00000001800132d4 f   kernel32:KERNEL32.dll
 0001:000122da       GetModuleHandleW           00000001800132da f   kernel32:KERNEL32.dll
 0001:000122e0       __scrt_stub_for_acrt_initialize 00000001800132e0 f   MSVCRT:ucrt_stubs.obj
 0001:000122e0       __acrt_initialize          00000001800132e0 f   MSVCRT:ucrt_stubs.obj
 0001:000122e0       __vcrt_initialize          00000001800132e0 f   MSVCRT:ucrt_stubs.obj
 0001:000122e4       __scrt_stub_for_acrt_thread_attach 00000001800132e4 f   MSVCRT:ucrt_stubs.obj
 0001:000122e4       __vcrt_thread_attach       00000001800132e4 f   MSVCRT:ucrt_stubs.obj
 0001:000122e4       __acrt_thread_attach       00000001800132e4 f   MSVCRT:ucrt_stubs.obj
 0001:000122e8       __scrt_stub_for_acrt_thread_detach 00000001800132e8 f   MSVCRT:ucrt_stubs.obj
 0001:000122e8       __acrt_thread_detach       00000001800132e8 f   MSVCRT:ucrt_stubs.obj
 0001:000122e8       __vcrt_thread_detach       00000001800132e8 f   MSVCRT:ucrt_stubs.obj
 0001:000122ec       __scrt_stub_for_acrt_uninitialize 00000001800132ec f   MSVCRT:ucrt_stubs.obj
 0001:000122ec       __acrt_uninitialize        00000001800132ec f   MSVCRT:ucrt_stubs.obj
 0001:000122ec       __vcrt_uninitialize        00000001800132ec f   MSVCRT:ucrt_stubs.obj
 0001:000122f0       __scrt_stub_for_acrt_uninitialize_critical 00000001800132f0 f   MSVCRT:ucrt_stubs.obj
 0001:000122f0       __acrt_uninitialize_critical 00000001800132f0 f   MSVCRT:ucrt_stubs.obj
 0001:000122f0       __vcrt_uninitialize_critical 00000001800132f0 f   MSVCRT:ucrt_stubs.obj
 0001:000122f4       __scrt_stub_for_is_c_termination_complete 00000001800132f4 f   MSVCRT:ucrt_stubs.obj
 0001:000122f4       _is_c_termination_complete 00000001800132f4 f   MSVCRT:ucrt_stubs.obj
 0001:00012310       _alloca_probe              0000000180013310 f   MSVCRT:chkstk.obj
 0001:00012310       __chkstk                   0000000180013310 f   MSVCRT:chkstk.obj
 0001:00012361       memchr                     0000000180013361 f   vcruntime:VCRUNTIME140.dll
 0001:00012367       memcpy                     0000000180013367 f   vcruntime:VCRUNTIME140.dll
 0001:00012380       _guard_dispatch_icall_nop  0000000180013380 f   MSVCRT:guard_dispatch.obj
 0002:00000000       __imp_ReadFile             0000000180014000     kernel32:KERNEL32.dll
 0002:00000008       __imp_WriteFile            0000000180014008     kernel32:KERNEL32.dll
 0002:00000010       __imp_CreateFile2          0000000180014010     kernel32:KERNEL32.dll
 0002:00000018       __imp_MultiByteToWideChar  0000000180014018     kernel32:KERNEL32.dll
 0002:00000020       __imp_GetLastError         0000000180014020     kernel32:KERNEL32.dll
 0002:00000028       __imp_CloseHandle          0000000180014028     kernel32:KERNEL32.dll
 0002:00000030       __imp_SetFilePointerEx     0000000180014030     kernel32:KERNEL32.dll
 0002:00000038       __imp_GetCurrentProcessId  0000000180014038     kernel32:KERNEL32.dll
 0002:00000040       __imp_GetCurrentThreadId   0000000180014040     kernel32:KERNEL32.dll
 0002:00000048       __imp_GetSystemTimeAsFileTime 0000000180014048     kernel32:KERNEL32.dll
 0002:00000050       __imp_DisableThreadLibraryCalls 0000000180014050     kernel32:KERNEL32.dll
 0002:00000058       __imp_InitializeSListHead  0000000180014058     kernel32:KERNEL32.dll
 0002:00000060       __imp_RtlCaptureContext    0000000180014060     kernel32:KERNEL32.dll
 0002:00000068       __imp_RtlLookupFunctionEntry 0000000180014068     kernel32:KERNEL32.dll
 0002:00000070       __imp_GetModuleHandleW     0000000180014070     kernel32:KERNEL32.dll
 0002:00000078       __imp_IsProcessorFeaturePresent 0000000180014078     kernel32:KERNEL32.dll
 0002:00000080       __imp_GetStartupInfoW      0000000180014080     kernel32:KERNEL32.dll
 0002:00000088       __imp_SetUnhandledExceptionFilter 0000000180014088     kernel32:KERNEL32.dll
 0002:00000090       __imp_UnhandledExceptionFilter 0000000180014090     kernel32:KERNEL32.dll
 0002:00000098       __imp_IsDebuggerPresent    0000000180014098     kernel32:KERNEL32.dll
 0002:000000a0       __imp_RtlVirtualUnwind     00000001800140a0     kernel32:KERNEL32.dll
 0002:000000a8       __imp_QueryPerformanceCounter 00000001800140a8     kernel32:KERNEL32.dll
 0002:000000b0       \177KERNEL32_NULL_THUNK_DATA 00000001800140b0     kernel32:KERNEL32.dll
 0002:000000b8       __imp___current_exception  00000001800140b8     vcruntime:VCRUNTIME140.dll
 0002:000000c0       __imp___std_type_info_destroy_list 00000001800140c0     vcruntime:VCRUNTIME140.dll
 0002:000000c8       __imp___C_specific_handler 00000001800140c8     vcruntime:VCRUNTIME140.dll
 0002:000000d0       __imp___current_exception_context 00000001800140d0     vcruntime:VCRUNTIME140.dll
 0002:000000d8       __imp_memset               00000001800140d8     vcruntime:VCRUNTIME140.dll
 0002:000000e0       __imp_memchr               00000001800140e0     vcruntime:VCRUNTIME140.dll
 0002:000000e8       __imp_memcpy               00000001800140e8     vcruntime:VCRUNTIME140.dll
 0002:000000f0       \177VCRUNTIME140_NULL_THUNK_DATA 00000001800140f0     vcruntime:VCRUNTIME140.dll
 0002:000000f8       __imp_wcstombs             00000001800140f8     ucrt:api-ms-win-crt-convert-l1-1-0.dll
 0002:00000100       \177api-ms-win-crt-convert-l1-1-0_NULL_THUNK_DATA 0000000180014100     ucrt:api-ms-win-crt-convert-l1-1-0.dll
 0002:00000108       __imp_free                 0000000180014108     ucrt:api-ms-win-crt-heap-l1-1-0.dll
 0002:00000110       __imp_malloc               0000000180014110     ucrt:api-ms-win-crt-heap-l1-1-0.dll
 0002:00000118       \177api-ms-win-crt-heap-l1-1-0_NULL_THUNK_DATA 0000000180014118     ucrt:api-ms-win-crt-heap-l1-1-0.dll
 0002:00000120       __imp_strerror             0000000180014120     ucrt:api-ms-win-crt-runtime-l1-1-0.dll
 0002:00000128       __imp__cexit               0000000180014128     ucrt:api-ms-win-crt-runtime-l1-1-0.dll
 0002:00000130       __imp__initterm            0000000180014130     ucrt:api-ms-win-crt-runtime-l1-1-0.dll
 0002:00000138       __imp__initterm_e          0000000180014138     ucrt:api-ms-win-crt-runtime-l1-1-0.dll
 0002:00000140       __imp__seh_filter_dll      0000000180014140     ucrt:api-ms-win-crt-runtime-l1-1-0.dll
 0002:00000148       __imp__configure_narrow_argv 0000000180014148     ucrt:api-ms-win-crt-runtime-l1-1-0.dll
 0002:00000150       __imp__initialize_narrow_environment 0000000180014150     ucrt:api-ms-win-crt-runtime-l1-1-0.dll
 0002:00000158       __imp__initialize_onexit_table 0000000180014158     ucrt:api-ms-win-crt-runtime-l1-1-0.dll
 0002:00000160       __imp__register_onexit_function 0000000180014160     ucrt:api-ms-win-crt-runtime-l1-1-0.dll
 0002:00000168       __imp__execute_onexit_table 0000000180014168     ucrt:api-ms-win-crt-runtime-l1-1-0.dll
 0002:00000170       __imp__crt_atexit          0000000180014170     ucrt:api-ms-win-crt-runtime-l1-1-0.dll
 0002:00000178       __imp__crt_at_quick_exit   0000000180014178     ucrt:api-ms-win-crt-runtime-l1-1-0.dll
 0002:00000180       __imp__errno               0000000180014180     ucrt:api-ms-win-crt-runtime-l1-1-0.dll
 0002:00000188       __imp_terminate            0000000180014188     ucrt:api-ms-win-crt-runtime-l1-1-0.dll
 0002:00000190       \177api-ms-win-crt-runtime-l1-1-0_NULL_THUNK_DATA 0000000180014190     ucrt:api-ms-win-crt-runtime-l1-1-0.dll
 0002:00000198       __imp__lseeki64            0000000180014198     ucrt:api-ms-win-crt-stdio-l1-1-0.dll
 0002:000001a0       __imp_fseek                00000001800141a0     ucrt:api-ms-win-crt-stdio-l1-1-0.dll
 0002:000001a8       __imp__wopen               00000001800141a8     ucrt:api-ms-win-crt-stdio-l1-1-0.dll
 0002:000001b0       __imp__open                00000001800141b0     ucrt:api-ms-win-crt-stdio-l1-1-0.dll
 0002:000001b8       __imp__ftelli64            00000001800141b8     ucrt:api-ms-win-crt-stdio-l1-1-0.dll
 0002:000001c0       __imp_fopen                00000001800141c0     ucrt:api-ms-win-crt-stdio-l1-1-0.dll
 0002:000001c8       __imp_ferror               00000001800141c8     ucrt:api-ms-win-crt-stdio-l1-1-0.dll
 0002:000001d0       __imp_ftell                00000001800141d0     ucrt:api-ms-win-crt-stdio-l1-1-0.dll
 0002:000001d8       __imp__write               00000001800141d8     ucrt:api-ms-win-crt-stdio-l1-1-0.dll
 0002:000001e0       __imp_fclose               00000001800141e0     ucrt:api-ms-win-crt-stdio-l1-1-0.dll
 0002:000001e8       __imp_fread                00000001800141e8     ucrt:api-ms-win-crt-stdio-l1-1-0.dll
 0002:000001f0       __imp__close               00000001800141f0     ucrt:api-ms-win-crt-stdio-l1-1-0.dll
 0002:000001f8       __imp__read                00000001800141f8     ucrt:api-ms-win-crt-stdio-l1-1-0.dll
 0002:00000200       __imp_fwrite               0000000180014200     ucrt:api-ms-win-crt-stdio-l1-1-0.dll
 0002:00000208       __imp__fseeki64            0000000180014208     ucrt:api-ms-win-crt-stdio-l1-1-0.dll
 0002:00000210       __imp___stdio_common_vsprintf 0000000180014210     ucrt:api-ms-win-crt-stdio-l1-1-0.dll
 0002:00000218       \177api-ms-win-crt-stdio-l1-1-0_NULL_THUNK_DATA 0000000180014218     ucrt:api-ms-win-crt-stdio-l1-1-0.dll
 0002:00000220       __imp__time64              0000000180014220     ucrt:api-ms-win-crt-time-l1-1-0.dll
 0002:00000228       \177api-ms-win-crt-time-l1-1-0_NULL_THUNK_DATA 0000000180014228     ucrt:api-ms-win-crt-time-l1-1-0.dll
 0002:00000230       __imp_srand                0000000180014230     ucrt:api-ms-win-crt-utility-l1-1-0.dll
 0002:00000238       __imp_rand                 0000000180014238     ucrt:api-ms-win-crt-utility-l1-1-0.dll
 0002:00000240       \177api-ms-win-crt-utility-l1-1-0_NULL_THUNK_DATA 0000000180014240     ucrt:api-ms-win-crt-utility-l1-1-0.dll
 0002:00000248       __guard_check_icall_fptr   0000000180014248     MSVCRT:guard_support.obj
 0002:00000250       __guard_xfg_check_icall_fptr 0000000180014250     MSVCRT:guard_support.obj
 0002:00000258       __guard_dispatch_icall_fptr 0000000180014258     MSVCRT:guard_support.obj
 0002:00000260       __guard_xfg_dispatch_icall_fptr 0000000180014260     MSVCRT:guard_support.obj
 0002:00000268       __guard_xfg_table_dispatch_icall_fptr 0000000180014268     MSVCRT:guard_support.obj
 0002:00000270       __xc_a                     0000000180014270     MSVCRT:initializers.obj
 0002:00000278       __xc_z                     0000000180014278     MSVCRT:initializers.obj
 0002:00000280       __xi_a                     0000000180014280     MSVCRT:initializers.obj
 0002:00000288       __xi_z                     0000000180014288     MSVCRT:initializers.obj
 0002:00000290       __xp_a                     0000000180014290     MSVCRT:initializers.obj
 0002:00000298       __xp_z                     0000000180014298     MSVCRT:initializers.obj
 0002:000002a0       __xt_a                     00000001800142a0     MSVCRT:initializers.obj
 0002:000002a8       __xt_z                     00000001800142a8     MSVCRT:initializers.obj
 0002:000002b0       _pDefaultRawDllMain        00000001800142b0     MSVCRT:dll_dllmain.obj
 0002:000002b0       _pRawDllMain               00000001800142b0     MSVCRT:dll_dllmain.obj
 0002:000002c0       __xmm@ffffffffffffffffffffffffffffffff 00000001800142c0     MSVCRT:utility.obj
 0002:000002d0       ??_C@_06CJNJFBNP@1?42?411@ 00000001800142d0     zlibaddons.obj
 0002:000035f0       _length_code               00000001800175f0     trees.obj
 0002:000036f0       _dist_code                 00000001800176f0     trees.obj
 0002:000040c0       unz_copyright              00000001800180c0     unzip.obj
 0002:00004120       z_errmsg                   0000000180018120     zutil.obj
 0002:00004170       ??_C@_02DKCKIIND@?$CFs@    0000000180018170     gzlib.obj
 0002:00004178       ??_C@_07EBNKNFJN@?$DMfd?3?$CFd?$DO@ 0000000180018178     gzlib.obj
 0002:00004180       ??_C@_0O@BNNCBLEN@out?5of?5memory@ 0000000180018180     gzlib.obj
 0002:0000418e       ??_C@_00CNPNBAHC@@         000000018001818e     gzlib.obj
 0002:00004190       ??_C@_02LMMGGCAJ@?3?5@     0000000180018190     gzlib.obj
 0002:00004194       ??_C@_06DIJPEION@?$CFs?$CFs?$CFs@ 0000000180018194     gzlib.obj
 0002:000041a0       ??_C@_0BH@CFIIDOJD@unexpected?5end?5of?5file@ 00000001800181a0     gzread.obj
 0002:000041b8       ??_C@_0CH@CPOLIEKA@internal?5error?3?5inflate?5stream?5@ 00000001800181b8     gzread.obj
 0002:000041e0       ??_C@_0BG@HCKBMIHF@compressed?5data?5error@ 00000001800181e0     gzread.obj
 0002:000041f8       ??_C@_0BP@HLDABFKK@request?5does?5not?5fit?5in?5an?5int@ 00000001800181f8     gzread.obj
 0002:00004218       ??_C@_0CB@EGGJDMIK@request?5does?5not?5fit?5in?5a?5size_@ 0000000180018218     gzread.obj
 0002:00004240       ??_C@_0BP@IIKIGMCC@out?5of?5room?5to?5push?5characters@ 0000000180018240     gzread.obj
 0002:00004260       ??_C@_0CH@DEEGAHIB@internal?5error?3?5deflate?5stream?5@ 0000000180018260     gzwrite.obj
 0002:00004288       ??_C@_0CF@MLPJFDMM@requested?5length?5does?5not?5fit?5i@ 0000000180018288     gzwrite.obj
 0002:000042b0       ??_C@_0BD@PJCBIDD@invalid?5block?5type@ 00000001800182b0     infback.obj
 0002:000042c8       ??_C@_0BN@LGAADGOK@invalid?5stored?5block?5lengths@ 00000001800182c8     infback.obj
 0002:000042e8       ??_C@_0CE@GMIGFPBB@too?5many?5length?5or?5distance?5sym@ 00000001800182e8     infback.obj
 0002:00004310       ??_C@_0BJ@HDEPPGOH@invalid?5code?5lengths?5set@ 0000000180018310     infback.obj
 0002:00004330       ??_C@_0BK@BMMPFBBH@invalid?5bit?5length?5repeat@ 0000000180018330     infback.obj
 0002:00004350       ??_C@_0CF@DGDMADCD@invalid?5code?5?9?9?5missing?5end?9of?9@ 0000000180018350     infback.obj
 0002:00004378       ??_C@_0BM@IIMGAINC@invalid?5literal?1lengths?5set@ 0000000180018378     infback.obj
 0002:00004398       ??_C@_0BG@GMDFCBGP@invalid?5distances?5set@ 0000000180018398     infback.obj
 0002:000043b0       ??_C@_0BM@FFFLPBBC@invalid?5literal?1length?5code@ 00000001800183b0     infback.obj
 0002:000043d0       ??_C@_0BG@LBKINIKP@invalid?5distance?5code@ 00000001800183d0     infback.obj
 0002:000043e8       ??_C@_0BO@ECPMAOGG@invalid?5distance?5too?5far?5back@ 00000001800183e8     infback.obj
 0002:00004408       ??_C@_0BH@LIBMMIGA@incorrect?5header?5check@ 0000000180018408     inflate.obj
 0002:00004420       ??_C@_0BL@IHKGDAEE@unknown?5compression?5method@ 0000000180018420     inflate.obj
 0002:00004440       ??_C@_0BE@EMOGCLGO@invalid?5window?5size@ 0000000180018440     inflate.obj
 0002:00004458       ??_C@_0BJ@BLBBCOMO@unknown?5header?5flags?5set@ 0000000180018458     inflate.obj
 0002:00004478       ??_C@_0BE@GONKLEPM@header?5crc?5mismatch@ 0000000180018478     inflate.obj
 0002:00004490       ??_C@_0BF@MEIGEHBE@incorrect?5data?5check@ 0000000180018490     inflate.obj
 0002:000044a8       ??_C@_0BH@FGKKJGOC@incorrect?5length?5check@ 00000001800184a8     inflate.obj
 0002:000044c0       ??_C@_02JDPG@rb@           00000001800184c0     ioapi.obj
 0002:000044c4       ??_C@_03HMFOOINA@r?$CLb@   00000001800184c4     ioapi.obj
 0002:000044c8       ??_C@_02GMLFBBN@wb@        00000001800184c8     ioapi.obj
 0002:000044cc       ??_C@_01JOAMLHOP@?9@       00000001800184cc     zip.obj
 0002:000044d0       ??_C@_0BA@MOKMMFOD@need?5dictionary@ 00000001800184d0     zutil.obj
 0002:000044e0       ??_C@_0L@FNAOCBOG@stream?5end@ 00000001800184e0     zutil.obj
 0002:000044f0       ??_C@_0L@KIJFAKBJ@file?5error@ 00000001800184f0     zutil.obj
 0002:00004500       ??_C@_0N@MKKNPMJD@stream?5error@ 0000000180018500     zutil.obj
 0002:00004510       ??_C@_0L@HAHMBNLP@data?5error@ 0000000180018510     zutil.obj
 0002:00004520       ??_C@_0BE@OGGJBMCE@insufficient?5memory@ 0000000180018520     zutil.obj
 0002:00004538       ??_C@_0N@DFPGLBGC@buffer?5error@ 0000000180018538     zutil.obj
 0002:00004548       ??_C@_0BF@CJFPCCEG@incompatible?5version@ 0000000180018548     zutil.obj
 0002:000045d0       _load_config_used          00000001800185d0     MSVCRT:loadcfg.obj
 0002:000049d0       __rtc_iaa                  00000001800189d0     MSVCRT:initsect.obj
 0002:000049d8       __rtc_izz                  00000001800189d8     MSVCRT:initsect.obj
 0002:000049e0       __rtc_taa                  00000001800189e0     MSVCRT:initsect.obj
 0002:000049e8       __rtc_tzz                  00000001800189e8     MSVCRT:initsect.obj
 0002:00006eb0       __IMPORT_DESCRIPTOR_KERNEL32 000000018001aeb0     kernel32:KERNEL32.dll
 0002:00006ec4       __IMPORT_DESCRIPTOR_VCRUNTIME140 000000018001aec4     vcruntime:VCRUNTIME140.dll
 0002:00006ed8       __IMPORT_DESCRIPTOR_api-ms-win-crt-stdio-l1-1-0 000000018001aed8     ucrt:api-ms-win-crt-stdio-l1-1-0.dll
 0002:00006eec       __IMPORT_DESCRIPTOR_api-ms-win-crt-convert-l1-1-0 000000018001aeec     ucrt:api-ms-win-crt-convert-l1-1-0.dll
 0002:00006f00       __IMPORT_DESCRIPTOR_api-ms-win-crt-heap-l1-1-0 000000018001af00     ucrt:api-ms-win-crt-heap-l1-1-0.dll
 0002:00006f14       __IMPORT_DESCRIPTOR_api-ms-win-crt-runtime-l1-1-0 000000018001af14     ucrt:api-ms-win-crt-runtime-l1-1-0.dll
 0002:00006f28       __IMPORT_DESCRIPTOR_api-ms-win-crt-utility-l1-1-0 000000018001af28     ucrt:api-ms-win-crt-utility-l1-1-0.dll
 0002:00006f3c       __IMPORT_DESCRIPTOR_api-ms-win-crt-time-l1-1-0 000000018001af3c     ucrt:api-ms-win-crt-time-l1-1-0.dll
 0002:00006f50       __NULL_IMPORT_DESCRIPTOR   000000018001af50     kernel32:KERNEL32.dll
 0003:00000000       __scrt_native_dllmain_reason 000000018001c000     MSVCRT:utility.obj
 0003:00000008       __security_cookie_complement 000000018001c008     MSVCRT:gs_cookie.obj
 0003:00000010       __security_cookie          000000018001c010     MSVCRT:gs_cookie.obj
 0003:00000018       __isa_available            000000018001c018     MSVCRT:cpu_disp.obj
 0003:0000001c       __isa_enabled              000000018001c01c     MSVCRT:cpu_disp.obj
 0003:00000020       __memcpy_nt_iters          000000018001c020     MSVCRT:cpu_disp.obj
 0003:00000028       __memset_nt_iters          000000018001c028     MSVCRT:cpu_disp.obj
 0003:00000030       __scrt_ucrt_dll_is_in_use  000000018001c030     MSVCRT:ucrt_stubs.obj
 0003:00000050       ?__type_info_root_node@@3U__type_info_node@@A 000000018001c050     MSVCRT:tncleanup.obj
 0003:00000060       ?_OptionsStorage@?1??__local_stdio_printf_options@@9@4_KA 000000018001c060     MSVCRT:default_local_stdio_options.obj
 0003:00000068       ?_OptionsStorage@?1??__local_stdio_scanf_options@@9@4_KA 000000018001c068     MSVCRT:default_local_stdio_options.obj
 0003:00000070       __scrt_current_native_startup_state 000000018001c070     MSVCRT:utility.obj
 0003:00000078       __scrt_native_startup_lock 000000018001c078     MSVCRT:utility.obj
 0003:000000b8       __scrt_debugger_hook_flag  000000018001c0b8     MSVCRT:utility_desktop.obj
 0003:000000bc       __favor                    000000018001c0bc     MSVCRT:cpu_disp.obj
 0003:000000c8       __dyn_tls_init_callback    000000018001c0c8     <common>
 0003:000000d0       ?_OptionsStorage@?1??__local_stdio_printf_options@@9@9 000000018001c0d0     <common>
 0003:000000d8       ?_OptionsStorage@?1??__local_stdio_scanf_options@@9@9 000000018001c0d8     <common>

 entry point at        0001:000116c8

 Static symbols

 0000:fffdf000       .debug$S                   0000000180000000     zlibwapi.exp
 0000:fffdf000       .debug$S                   0000000180000000     ucrt:api-ms-win-crt-convert-l1-1-0.dll
 0000:fffdf000       .debug$S                   0000000180000000     ucrt:api-ms-win-crt-heap-l1-1-0.dll
 0000:fffdf000       .debug$S                   0000000180000000     ucrt:api-ms-win-crt-heap-l1-1-0.dll
 0000:fffdf000       .debug$S                   0000000180000000     ucrt:api-ms-win-crt-runtime-l1-1-0.dll
 0000:fffdf000       .debug$S                   0000000180000000     ucrt:api-ms-win-crt-runtime-l1-1-0.dll
 0000:fffdf000       .debug$S                   0000000180000000     ucrt:api-ms-win-crt-runtime-l1-1-0.dll
 0000:fffdf000       .debug$S                   0000000180000000     ucrt:api-ms-win-crt-runtime-l1-1-0.dll
 0000:fffdf000       .debug$S                   0000000180000000     ucrt:api-ms-win-crt-runtime-l1-1-0.dll
 0000:fffdf000       .debug$S                   0000000180000000     ucrt:api-ms-win-crt-runtime-l1-1-0.dll
 0000:fffdf000       .debug$S                   0000000180000000     ucrt:api-ms-win-crt-runtime-l1-1-0.dll
 0000:fffdf000       .debug$S                   0000000180000000     ucrt:api-ms-win-crt-runtime-l1-1-0.dll
 0000:fffdf000       .debug$S                   0000000180000000     ucrt:api-ms-win-crt-runtime-l1-1-0.dll
 0000:fffdf000       .debug$S                   0000000180000000     ucrt:api-ms-win-crt-runtime-l1-1-0.dll
 0000:fffdf000       .debug$S                   0000000180000000     ucrt:api-ms-win-crt-runtime-l1-1-0.dll
 0000:fffdf000       .debug$S                   0000000180000000     ucrt:api-ms-win-crt-runtime-l1-1-0.dll
 0000:fffdf000       .debug$S                   0000000180000000     ucrt:api-ms-win-crt-runtime-l1-1-0.dll
 0000:fffdf000       .debug$S                   0000000180000000     ucrt:api-ms-win-crt-runtime-l1-1-0.dll
 0000:fffdf000       .debug$S                   0000000180000000     ucrt:api-ms-win-crt-stdio-l1-1-0.dll
 0000:fffdf000       .debug$S                   0000000180000000     ucrt:api-ms-win-crt-stdio-l1-1-0.dll
 0000:fffdf000       .debug$S                   0000000180000000     ucrt:api-ms-win-crt-stdio-l1-1-0.dll
 0000:fffdf000       .debug$S                   0000000180000000     ucrt:api-ms-win-crt-stdio-l1-1-0.dll
 0000:fffdf000       .debug$S                   0000000180000000     ucrt:api-ms-win-crt-stdio-l1-1-0.dll
 0000:fffdf000       .debug$S                   0000000180000000     ucrt:api-ms-win-crt-stdio-l1-1-0.dll
 0000:fffdf000       .debug$S                   0000000180000000     ucrt:api-ms-win-crt-stdio-l1-1-0.dll
 0000:fffdf000       .debug$S                   0000000180000000     ucrt:api-ms-win-crt-stdio-l1-1-0.dll
 0000:fffdf000       .debug$S                   0000000180000000     ucrt:api-ms-win-crt-stdio-l1-1-0.dll
 0000:fffdf000       .debug$S                   0000000180000000     ucrt:api-ms-win-crt-stdio-l1-1-0.dll
 0000:fffdf000       .debug$S                   0000000180000000     ucrt:api-ms-win-crt-stdio-l1-1-0.dll
 0000:fffdf000       .debug$S                   0000000180000000     ucrt:api-ms-win-crt-stdio-l1-1-0.dll
 0000:fffdf000       .debug$S                   0000000180000000     ucrt:api-ms-win-crt-stdio-l1-1-0.dll
 0000:fffdf000       .debug$S                   0000000180000000     ucrt:api-ms-win-crt-stdio-l1-1-0.dll
 0000:fffdf000       .debug$S                   0000000180000000     ucrt:api-ms-win-crt-stdio-l1-1-0.dll
 0000:fffdf000       .debug$S                   0000000180000000     ucrt:api-ms-win-crt-stdio-l1-1-0.dll
 0000:fffdf000       .debug$S                   0000000180000000     ucrt:api-ms-win-crt-time-l1-1-0.dll
 0000:fffdf000       .debug$S                   0000000180000000     ucrt:api-ms-win-crt-utility-l1-1-0.dll
 0000:fffdf000       .debug$S                   0000000180000000     ucrt:api-ms-win-crt-utility-l1-1-0.dll
 0000:fffdf000       .debug$S                   0000000180000000     kernel32:KERNEL32.dll
 0000:fffdf000       .debug$S                   0000000180000000     kernel32:KERNEL32.dll
 0000:fffdf000       .debug$S                   0000000180000000     kernel32:KERNEL32.dll
 0000:fffdf000       .debug$S                   0000000180000000     kernel32:KERNEL32.dll
 0000:fffdf000       .debug$S                   0000000180000000     kernel32:KERNEL32.dll
 0000:fffdf000       .debug$S                   0000000180000000     kernel32:KERNEL32.dll
 0000:fffdf000       .debug$S                   0000000180000000     kernel32:KERNEL32.dll
 0000:fffdf000       .debug$S                   0000000180000000     kernel32:KERNEL32.dll
 0000:fffdf000       .debug$S                   0000000180000000     kernel32:KERNEL32.dll
 0000:fffdf000       .debug$S                   0000000180000000     kernel32:KERNEL32.dll
 0000:fffdf000       .debug$S                   0000000180000000     kernel32:KERNEL32.dll
 0000:fffdf000       .debug$S                   0000000180000000     kernel32:KERNEL32.dll
 0000:fffdf000       .debug$S                   0000000180000000     kernel32:KERNEL32.dll
 0000:fffdf000       .debug$S                   0000000180000000     kernel32:KERNEL32.dll
 0000:fffdf000       .debug$S                   0000000180000000     kernel32:KERNEL32.dll
 0000:fffdf000       .debug$S                   0000000180000000     kernel32:KERNEL32.dll
 0000:fffdf000       .debug$S                   0000000180000000     kernel32:KERNEL32.dll
 0000:fffdf000       .debug$S                   0000000180000000     kernel32:KERNEL32.dll
 0000:fffdf000       .debug$S                   0000000180000000     kernel32:KERNEL32.dll
 0000:fffdf000       .debug$S                   0000000180000000     kernel32:KERNEL32.dll
 0000:fffdf000       .debug$S                   0000000180000000     kernel32:KERNEL32.dll
 0000:fffdf000       .debug$S                   0000000180000000     kernel32:KERNEL32.dll
 0002:fffec000       __guard_fids_?dllmain_dispatch@@YAHQEAUHINSTANCE__@@KQEAX@Z 0000000180000000     MSVCRT:dll_dllmain.obj
 0002:fffec000       __guard_fids__             0000000180000000     MSVCRT:guard_support.obj
 0002:fffec000       __guard_fids__             0000000180000000     MSVCRT:guard_support.obj
 0002:fffec000       __guard_fids__guard_icall_checks_enforced 0000000180000000     MSVCRT:guard_support.obj
 0002:fffec000       __guard_fids___scrt_set_unhandled_exception_filter 0000000180000000     MSVCRT:utility_desktop.obj
 0000:fffdf000       .debug$S                   0000000180000000     vcruntime:VCRUNTIME140.dll
 0000:fffdf000       .debug$S                   0000000180000000     vcruntime:VCRUNTIME140.dll
 0000:fffdf000       .debug$S                   0000000180000000     vcruntime:VCRUNTIME140.dll
 0000:fffdf000       .debug$S                   0000000180000000     vcruntime:VCRUNTIME140.dll
 0000:fffdf000       .debug$S                   0000000180000000     vcruntime:VCRUNTIME140.dll
 0000:fffdf000       .debug$S                   0000000180000000     vcruntime:VCRUNTIME140.dll
 0000:fffdf000       .debug$S                   0000000180000000     vcruntime:VCRUNTIME140.dll
 0001:000005c0       adler32_combine_           00000001800015c0 f   adler32.obj
 0001:00000820       crc32_little               0000000180001820 f   crc32.obj
 0001:00000b30       crc32_big                  0000000180001b30 f   crc32.obj
 0001:00000eb0       gf2_matrix_times           0000000180001eb0 f   crc32.obj
 0001:00000ed0       gf2_matrix_square          0000000180001ed0 f   crc32.obj
 0001:00000f10       crc32_combine_             0000000180001f10 f   crc32.obj
 0001:00001000       slide_hash                 0000000180002000 f   deflate.obj
 0001:00001350       deflateStateCheck          0000000180002350 f   deflate.obj
 0001:00001b30       putShortMSB                0000000180002b30 f   deflate.obj
 0001:00001b60       flush_pending              0000000180002b60 f   deflate.obj
 0001:000027b0       read_buf                   00000001800037b0 f   deflate.obj
 0001:00002850       lm_init                    0000000180003850 f   deflate.obj
 0001:00002910       fill_window                0000000180003910 f   deflate.obj
 0001:00002b30       deflate_stored             0000000180003b30 f   deflate.obj
 0001:00002f50       deflate_fast               0000000180003f50 f   deflate.obj
 0001:00003370       deflate_slow               0000000180004370 f   deflate.obj
 0001:00003890       deflate_rle                0000000180004890 f   deflate.obj
 0001:00003bb0       deflate_huff               0000000180004bb0 f   deflate.obj
 0001:00003e80       gz_reset                   0000000180004e80 f   gzlib.obj
 0001:00003ed0       gz_open                    0000000180004ed0 f   gzlib.obj
 0001:00004184       $LN54                      0000000180005184     gzlib.obj
 0001:000041b0       $LN53                      00000001800051b0     gzlib.obj
 0001:00004770       gz_load                    0000000180005770 f   gzread.obj
 0001:00004820       gz_avail                   0000000180005820 f   gzread.obj
 0001:000048b0       gz_look                    00000001800058b0 f   gzread.obj
 0001:00004a90       gz_decomp                  0000000180005a90 f   gzread.obj
 0001:00004ba0       gz_fetch                   0000000180005ba0 f   gzread.obj
 0001:00004c50       gz_skip                    0000000180005c50 f   gzread.obj
 0001:00004cd0       gz_read                    0000000180005cd0 f   gzread.obj
 0001:00005300       gz_init                    0000000180006300 f   gzwrite.obj
 0001:00005430       gz_comp                    0000000180006430 f   gzwrite.obj
 0001:000055f0       gz_zero                    00000001800065f0 f   gzwrite.obj
 0001:000056a0       gz_write                   00000001800066a0 f   gzwrite.obj
 0001:00005ed0       fixedtables                0000000180006ed0 f   infback.obj
 0001:00006d90       $LN511                     0000000180007d90     infback.obj
 0001:00007000       inflateStateCheck          0000000180008000 f   inflate.obj
 0001:00007310       fixedtables                0000000180008310 f   inflate.obj
 0001:00007340       updatewindow               0000000180008340 f   inflate.obj
 0001:00008b4c       $LN844                     0000000180009b4c     inflate.obj
 0001:00008da0       syncsearch                 0000000180009da0 f   inflate.obj
 0001:00009840       fopen_file_func            000000018000a840 f   ioapi.obj
 0001:00009890       fopen64_file_func          000000018000a890 f   ioapi.obj
 0001:000098e0       fread_file_func            000000018000a8e0 f   ioapi.obj
 0001:00009900       fwrite_file_func           000000018000a900 f   ioapi.obj
 0001:00009920       ftell_file_func            000000018000a920 f   ioapi.obj
 0001:00009930       ftell64_file_func          000000018000a930 f   ioapi.obj
 0001:00009940       fseek_file_func            000000018000a940 f   ioapi.obj
 0001:000099a0       fseek64_file_func          000000018000a9a0 f   ioapi.obj
 0001:00009a00       fclose_file_func           000000018000aa00 f   ioapi.obj
 0001:00009a10       ferror_file_func           000000018000aa10 f   ioapi.obj
 0001:00009a80       win32_translate_open_mode  000000018000aa80 f   iowin32.obj
 0001:00009ae0       win32_build_iowin          000000018000aae0 f   iowin32.obj
 0001:00009e80       MySetFilePointerEx         000000018000ae80 f   iowin32.obj
 0001:0000a220       tr_static_init             000000018000b220 f   trees.obj
 0001:0000a2a0       init_block                 000000018000b2a0 f   trees.obj
 0001:0000a470       pqdownheap                 000000018000b470 f   trees.obj
 0001:0000a560       gen_bitlen                 000000018000b560 f   trees.obj
 0001:0000a770       gen_codes                  000000018000b770 f   trees.obj
 0001:0000a800       build_tree                 000000018000b800 f   trees.obj
 0001:0000aa60       scan_tree                  000000018000ba60 f   trees.obj
 0001:0000ab70       send_tree                  000000018000bb70 f   trees.obj
 0001:0000b0c0       build_bl_tree              000000018000c0c0 f   trees.obj
 0001:0000b190       send_all_trees             000000018000c190 f   trees.obj
 0001:0000b870       compress_block             000000018000c870 f   trees.obj
 0001:0000bce0       detect_data_type           000000018000cce0 f   trees.obj
 0001:0000bd60       bi_reverse                 000000018000cd60 f   trees.obj
 0001:0000bd80       bi_flush                   000000018000cd80 f   trees.obj
 0001:0000be00       bi_windup                  000000018000ce00 f   trees.obj
 0001:0000bfe0       unz64local_getByte         000000018000cfe0 f   unzip.obj
 0001:0000c050       unz64local_getShort        000000018000d050 f   unzip.obj
 0001:0000c0d0       unz64local_getLong         000000018000d0d0 f   unzip.obj
 0001:0000c1a0       unz64local_getLong64       000000018000d1a0 f   unzip.obj
 0001:0000c320       strcmpcasenosensitive_internal 000000018000d320 f   unzip.obj
 0001:0000c3d0       unz64local_SearchCentralDir 000000018000d3d0 f   unzip.obj
 0001:0000c540       unz64local_SearchCentralDir64 000000018000d540 f   unzip.obj
 0001:0000c760       unzOpenInternal            000000018000d760 f   unzip.obj
 0001:0000cd20       unz64local_DosDateToTmuDate 000000018000dd20 f   unzip.obj
 0001:0000cd80       unz64local_GetCurrentFileInfoInternal 000000018000dd80 f   unzip.obj
 0001:0000d8b0       unz64local_CheckCurrentFileCoherencyHeader 000000018000e8b0 f   unzip.obj
 0001:0000e390       time                       000000018000f390 f   zip.obj
 0001:0000e3a0       decrypt_byte               000000018000f3a0 f   zip.obj
 0001:0000e3c0       update_keys                000000018000f3c0 f   zip.obj
 0001:0000e410       init_keys                  000000018000f410 f   zip.obj
 0001:0000e480       crypthead                  000000018000f480 f   zip.obj
 0001:0000e5d0       allocate_new_datablock     000000018000f5d0 f   zip.obj
 0001:0000e600       free_datablock             000000018000f600 f   zip.obj
 0001:0000e630       init_linkedlist            000000018000f630 f   zip.obj
 0001:0000e640       free_linkedlist            000000018000f640 f   zip.obj
 0001:0000e660       add_data_in_datablock      000000018000f660 f   zip.obj
 0001:0000e740       zip64local_putValue        000000018000f740 f   zip.obj
 0001:0000e7c0       zip64local_putValue_inmemory 000000018000f7c0 f   zip.obj
 0001:0000e800       zip64local_TmzDateToDosDate 000000018000f800 f   zip.obj
 0001:0000e850       zip64local_getByte         000000018000f850 f   zip.obj
 0001:0000e8c0       zip64local_getShort        000000018000f8c0 f   zip.obj
 0001:0000e940       zip64local_getLong         000000018000f940 f   zip.obj
 0001:0000ea10       zip64local_getLong64       000000018000fa10 f   zip.obj
 0001:0000eb90       zip64local_SearchCentralDir 000000018000fb90 f   zip.obj
 0001:0000ed00       zip64local_SearchCentralDir64 000000018000fd00 f   zip.obj
 0001:00010130       zip64FlushWriteBuffer      0000000180011130 f   zip.obj
 0001:00010d60       $$000000                   0000000180011d60     gvmat64.obj
 0001:00011040       $$000000                   0000000180012040     inffasx64.obj
 0001:00011384       ?dllmain_crt_dispatch@@YAHQEAUHINSTANCE__@@KQEAX@Z 0000000180012384 f   MSVCRT:dll_dllmain.obj
 0001:000113d4       ?dllmain_crt_process_attach@@YAHQEAUHINSTANCE__@@QEAX@Z 00000001800123d4 f   MSVCRT:dll_dllmain.obj
 0001:000114ec       ?dllmain_crt_process_detach@@YAH_N@Z 00000001800124ec f   MSVCRT:dll_dllmain.obj
 0001:00011570       ?dllmain_dispatch@@YAHQEAUHINSTANCE__@@KQEAX@Z 0000000180012570 f   MSVCRT:dll_dllmain.obj
 0001:000116a4       ?dllmain_raw@@YAHQEAUHINSTANCE__@@KQEAX@Z 00000001800126a4 f   MSVCRT:dll_dllmain.obj
 0001:00011708       __get_entropy              0000000180012708 f   MSVCRT:gs_support.obj
 0001:00011898       ?find_pe_section@@YAPEAU_IMAGE_SECTION_HEADER@@QEAE_K@Z 0000000180012898 f   MSVCRT:utility.obj
 0001:000118ec       ?is_potentially_valid_image_base@@YA_NQEAX@Z 00000001800128ec f   MSVCRT:utility.obj
 0001:00012300       $$000000                   0000000180013300     MSVCRT:chkstk.obj
 0001:00012370       $$000000                   0000000180013370     MSVCRT:guard_dispatch.obj
 0001:00012382       ?fin$0@?0??dllmain_crt_process_attach@@YAHQEAUHINSTANCE__@@QEAX@Z@4HA 0000000180013382 f   MSVCRT:dll_dllmain.obj
 0001:00012399       ?fin$0@?0??dllmain_crt_process_detach@@YAH_N@Z@4HA 0000000180013399 f   MSVCRT:dll_dllmain.obj
 0001:000123b2       ?fin$1@?0??dllmain_crt_process_detach@@YAH_N@Z@4HA 00000001800133b2 f   MSVCRT:dll_dllmain.obj
 0001:000123c6       ?filt$0@?0??dllmain_dispatch@@YAHQEAUHINSTANCE__@@KQEAX@Z@4HA 00000001800133c6 f   MSVCRT:dll_dllmain.obj
 0001:000123fc       __scrt_is_nonwritable_in_current_image$filt$0 00000001800133fc f   MSVCRT:utility.obj
 0002:000002e0       crc_table                  00000001800142e0     crc32.obj
 0002:000022e0       ?my_version@?1??deflateInit2_@@9@9 00000001800162e0     deflate.obj
 0002:000022f0       configuration_table        00000001800162f0     deflate.obj
 0002:00002390       ?lenfix@?1??fixedtables@@9@9 0000000180016390     infback.obj
 0002:00002b90       ?distfix@?1??fixedtables@@9@9 0000000180016b90     infback.obj
 0002:00002c10       ?order@?1??inflateBack@@9@9 0000000180016c10     infback.obj
 0002:00002c40       ?lenfix@?1??fixedtables@@9@9 0000000180016c40     inflate.obj
 0002:00003440       ?distfix@?1??fixedtables@@9@9 0000000180017440     inflate.obj
 0002:000034c0       ?order@?1??inflate@@9@9    00000001800174c0     inflate.obj
 0002:000034f0       ?dext@?1??inflate_table@@9@9 00000001800174f0     inftrees.obj
 0002:00003530       ?lext@?1??inflate_table@@9@9 0000000180017530     inftrees.obj
 0002:00003570       ?lbase@?1??inflate_table@@9@9 0000000180017570     inftrees.obj
 0002:000035b0       ?dbase@?1??inflate_table@@9@9 00000001800175b0     inftrees.obj
 0002:000038f0       static_dtree               00000001800178f0     trees.obj
 0002:00003970       extra_blbits               0000000180017970     trees.obj
 0002:000039c0       extra_lbits                00000001800179c0     trees.obj
 0002:00003a40       base_dist                  0000000180017a40     trees.obj
 0002:00003ac0       base_length                0000000180017ac0     trees.obj
 0002:00003b38       static_l_desc              0000000180017b38     trees.obj
 0002:00003b58       static_bl_desc             0000000180017b58     trees.obj
 0002:00003b80       extra_dbits                0000000180017b80     trees.obj
 0002:00003c00       static_ltree               0000000180017c00     trees.obj
 0002:00004080       static_d_desc              0000000180018080     trees.obj
 0002:000040a0       bl_order                   00000001800180a0     trees.obj
 0002:000049f0       $unwind$compress4          00000001800189f0     zlibaddons.obj
 0002:00004a0c       $unwind$compress3          0000000180018a0c     zlibaddons.obj
 0002:00004a14       $unwind$uncompress4        0000000180018a14     zlibaddons.obj
 0002:00004a30       $chain$0$uncompress4       0000000180018a30     zlibaddons.obj
 0002:00004a44       $chain$1$uncompress4       0000000180018a44     zlibaddons.obj
 0002:00004a54       $unwind$uncompress3        0000000180018a54     zlibaddons.obj
 0002:00004a5c       $unwind$adler32_combine_   0000000180018a5c     adler32.obj
 0002:00004a64       $unwind$compress2          0000000180018a64     compress.obj
 0002:00004a7c       $unwind$compress           0000000180018a7c     compress.obj
 0002:00004a84       $unwind$crc32_little       0000000180018a84     crc32.obj
 0002:00004a8c       $chain$0$crc32_little      0000000180018a8c     crc32.obj
 0002:00004aa0       $chain$1$crc32_little      0000000180018aa0     crc32.obj
 0002:00004ab0       $unwind$crc32_big          0000000180018ab0     crc32.obj
 0002:00004ab8       $chain$0$crc32_big         0000000180018ab8     crc32.obj
 0002:00004acc       $chain$1$crc32_big         0000000180018acc     crc32.obj
 0002:00004adc       $unwind$gf2_matrix_square  0000000180018adc     crc32.obj
 0002:00004ae4       $unwind$crc32_combine_     0000000180018ae4     crc32.obj
 0002:00004af8       $unwind$slide_hash         0000000180018af8     deflate.obj
 0002:00004b00       $unwind$deflateInit_       0000000180018b00     deflate.obj
 0002:00004b08       $unwind$deflateInit2_      0000000180018b08     deflate.obj
 0002:00004b18       $chain$1$deflateInit2_     0000000180018b18     deflate.obj
 0002:00004b30       $chain$2$deflateInit2_     0000000180018b30     deflate.obj
 0002:00004b44       $chain$3$deflateInit2_     0000000180018b44     deflate.obj
 0002:00004b54       $chain$5$deflateInit2_     0000000180018b54     deflate.obj
 0002:00004b70       $chain$6$deflateInit2_     0000000180018b70     deflate.obj
 0002:00004b88       $chain$7$deflateInit2_     0000000180018b88     deflate.obj
 0002:00004b98       $unwind$deflateSetDictionary 0000000180018b98     deflate.obj
 0002:00004ba8       $chain$2$deflateSetDictionary 0000000180018ba8     deflate.obj
 0002:00004bc4       $chain$3$deflateSetDictionary 0000000180018bc4     deflate.obj
 0002:00004bd4       $unwind$deflateGetDictionary 0000000180018bd4     deflate.obj
 0002:00004be0       $unwind$deflateResetKeep   0000000180018be0     deflate.obj
 0002:00004bf0       $unwind$deflateReset       0000000180018bf0     deflate.obj
 0002:00004bfc       $unwind$deflateSetHeader   0000000180018bfc     deflate.obj
 0002:00004c04       $unwind$deflatePending     0000000180018c04     deflate.obj
 0002:00004c0c       $unwind$deflatePrime       0000000180018c0c     deflate.obj
 0002:00004c18       $unwind$deflateParams      0000000180018c18     deflate.obj
 0002:00004c30       $unwind$deflateTune        0000000180018c30     deflate.obj
 0002:00004c38       $unwind$deflateBound       0000000180018c38     deflate.obj
 0002:00004c40       $unwind$flush_pending      0000000180018c40     deflate.obj
 0002:00004c50       $unwind$deflate            0000000180018c50     deflate.obj
 0002:00004c5c       $chain$4$deflate           0000000180018c5c     deflate.obj
 0002:00004c80       $chain$6$deflate           0000000180018c80     deflate.obj
 0002:00004ca4       $chain$7$deflate           0000000180018ca4     deflate.obj
 0002:00004cb8       $chain$8$deflate           0000000180018cb8     deflate.obj
 0002:00004cc8       $unwind$deflateEnd         0000000180018cc8     deflate.obj
 0002:00004cd4       $unwind$deflateCopy        0000000180018cd4     deflate.obj
 0002:00004cdc       $chain$1$deflateCopy       0000000180018cdc     deflate.obj
 0002:00004cf4       $chain$4$deflateCopy       0000000180018cf4     deflate.obj
 0002:00004d10       $chain$6$deflateCopy       0000000180018d10     deflate.obj
 0002:00004d2c       $chain$7$deflateCopy       0000000180018d2c     deflate.obj
 0002:00004d3c       $unwind$read_buf           0000000180018d3c     deflate.obj
 0002:00004d50       $unwind$lm_init            0000000180018d50     deflate.obj
 0002:00004d5c       $unwind$fill_window        0000000180018d5c     deflate.obj
 0002:00004d6c       $unwind$deflate_stored     0000000180018d6c     deflate.obj
 0002:00004d7c       $chain$0$deflate_stored    0000000180018d7c     deflate.obj
 0002:00004d90       $chain$3$deflate_stored    0000000180018d90     deflate.obj
 0002:00004dac       $chain$4$deflate_stored    0000000180018dac     deflate.obj
 0002:00004dc0       $chain$5$deflate_stored    0000000180018dc0     deflate.obj
 0002:00004dd4       $unwind$deflate_fast       0000000180018dd4     deflate.obj
 0002:00004df0       $unwind$deflate_slow       0000000180018df0     deflate.obj
 0002:00004e0c       $unwind$deflate_rle        0000000180018e0c     deflate.obj
 0002:00004e24       $unwind$deflate_huff       0000000180018e24     deflate.obj
 0002:00004e34       $unwind$vsnprintf          0000000180018e34     gzlib.obj
 0002:00004e48       $unwind$snprintf           0000000180018e48     gzlib.obj
 0002:00004e58       $unwind$gz_reset           0000000180018e58     gzlib.obj
 0002:00004e64       $unwind$gz_open            0000000180018e64     gzlib.obj
 0002:00004e78       $chain$1$gz_open           0000000180018e78     gzlib.obj
 0002:00004e90       $chain$3$gz_open           0000000180018e90     gzlib.obj
 0002:00004ea8       $chain$4$gz_open           0000000180018ea8     gzlib.obj
 0002:00004eb8       $unwind$gzdopen            0000000180018eb8     gzlib.obj
 0002:00004ec8       $unwind$gzrewind           0000000180018ec8     gzlib.obj
 0002:00004ed0       $unwind$gzseek64           0000000180018ed0     gzlib.obj
 0002:00004ee0       $unwind$gzseek             0000000180018ee0     gzlib.obj
 0002:00004ee8       $unwind$gztell             0000000180018ee8     gzlib.obj
 0002:00004ef0       $unwind$gzoffset64         0000000180018ef0     gzlib.obj
 0002:00004ef8       $unwind$gzoffset           0000000180018ef8     gzlib.obj
 0002:00004f00       $unwind$gz_error           0000000180018f00     gzlib.obj
 0002:00004f10       $unwind$gz_load            0000000180018f10     gzread.obj
 0002:00004f28       $unwind$gz_avail           0000000180018f28     gzread.obj
 0002:00004f30       $unwind$gz_look            0000000180018f30     gzread.obj
 0002:00004f40       $unwind$gz_decomp          0000000180018f40     gzread.obj
 0002:00004f54       $unwind$gz_fetch           0000000180018f54     gzread.obj
 0002:00004f5c       $unwind$gz_skip            0000000180018f5c     gzread.obj
 0002:00004f68       $unwind$gz_read            0000000180018f68     gzread.obj
 0002:00004f84       $unwind$gzread             0000000180018f84     gzread.obj
 0002:00004f8c       $unwind$gzfread            0000000180018f8c     gzread.obj
 0002:00004f94       $unwind$gzgetc             0000000180018f94     gzread.obj
 0002:00004f9c       $unwind$gzungetc           0000000180018f9c     gzread.obj
 0002:00004fa8       $unwind$gzgets             0000000180018fa8     gzread.obj
 0002:00004fc4       $unwind$gzdirect           0000000180018fc4     gzread.obj
 0002:00004fcc       $unwind$gzclose_r          0000000180018fcc     gzread.obj
 0002:00004fd4       $chain$1$gzclose_r         0000000180018fd4     gzread.obj
 0002:00004fec       $chain$2$gzclose_r         0000000180018fec     gzread.obj
 0002:00004ffc       $unwind$gz_init            0000000180018ffc     gzwrite.obj
 0002:00005008       $chain$0$gz_init           0000000180019008     gzwrite.obj
 0002:0000501c       $chain$2$gz_init           000000018001901c     gzwrite.obj
 0002:00005030       $unwind$gz_comp            0000000180019030     gzwrite.obj
 0002:00005048       $unwind$gz_zero            0000000180019048     gzwrite.obj
 0002:0000505c       $unwind$gz_write           000000018001905c     gzwrite.obj
 0002:00005074       $unwind$gzwrite            0000000180019074     gzwrite.obj
 0002:0000507c       $unwind$gzfwrite           000000018001907c     gzwrite.obj
 0002:00005084       $unwind$gzputc             0000000180019084     gzwrite.obj
 0002:00005090       $unwind$gzputs             0000000180019090     gzwrite.obj
 0002:00005098       $chain$0$gzputs            0000000180019098     gzwrite.obj
 0002:000050ac       $chain$1$gzputs            00000001800190ac     gzwrite.obj
 0002:000050bc       $unwind$gzvprintf          00000001800190bc     gzwrite.obj
 0002:000050cc       $chain$1$gzvprintf         00000001800190cc     gzwrite.obj
 0002:000050e4       $chain$3$gzvprintf         00000001800190e4     gzwrite.obj
 0002:000050fc       $chain$4$gzvprintf         00000001800190fc     gzwrite.obj
 0002:0000510c       $unwind$gzprintf           000000018001910c     gzwrite.obj
 0002:00005114       $unwind$gzflush            0000000180019114     gzwrite.obj
 0002:00005120       $unwind$gzsetparams        0000000180019120     gzwrite.obj
 0002:00005134       $unwind$gzclose_w          0000000180019134     gzwrite.obj
 0002:00005140       $unwind$inflateBackInit_   0000000180019140     infback.obj
 0002:00005150       $chain$1$inflateBackInit_  0000000180019150     infback.obj
 0002:00005168       $chain$3$inflateBackInit_  0000000180019168     infback.obj
 0002:00005180       $chain$4$inflateBackInit_  0000000180019180     infback.obj
 0002:00005190       $unwind$inflateBack        0000000180019190     infback.obj
 0002:000051a0       $chain$3$inflateBack       00000001800191a0     infback.obj
 0002:000051c0       $chain$4$inflateBack       00000001800191c0     infback.obj
 0002:000051d0       $unwind$inflateBackEnd     00000001800191d0     infback.obj
 0002:000051d8       $unwind$inflate_fast       00000001800191d8     inffas8664.obj
 0002:000051f0       $unwind$inflateResetKeep   00000001800191f0     inflate.obj
 0002:000051f8       $unwind$inflateReset       00000001800191f8     inflate.obj
 0002:00005200       $unwind$inflateReset2      0000000180019200     inflate.obj
 0002:00005214       $unwind$inflateInit2_      0000000180019214     inflate.obj
 0002:00005220       $chain$1$inflateInit2_     0000000180019220     inflate.obj
 0002:00005238       $chain$3$inflateInit2_     0000000180019238     inflate.obj
 0002:00005250       $chain$4$inflateInit2_     0000000180019250     inflate.obj
 0002:00005260       $unwind$inflatePrime       0000000180019260     inflate.obj
 0002:00005268       $unwind$updatewindow       0000000180019268     inflate.obj
 0002:00005280       $unwind$inflate            0000000180019280     inflate.obj
 0002:00005298       $unwind$inflateEnd         0000000180019298     inflate.obj
 0002:000052a0       $unwind$inflateGetDictionary 00000001800192a0     inflate.obj
 0002:000052b0       $unwind$inflateSetDictionary 00000001800192b0     inflate.obj
 0002:000052c4       $unwind$inflateGetHeader   00000001800192c4     inflate.obj
 0002:000052cc       $unwind$syncsearch         00000001800192cc     inflate.obj
 0002:000052d4       $unwind$inflateSync        00000001800192d4     inflate.obj
 0002:000052dc       $chain$0$inflateSync       00000001800192dc     inflate.obj
 0002:000052f0       $chain$4$inflateSync       00000001800192f0     inflate.obj
 0002:0000530c       $unwind$inflateSyncPoint   000000018001930c     inflate.obj
 0002:00005314       $unwind$inflateCopy        0000000180019314     inflate.obj
 0002:00005320       $chain$2$inflateCopy       0000000180019320     inflate.obj
 0002:0000533c       $chain$3$inflateCopy       000000018001933c     inflate.obj
 0002:00005350       $chain$4$inflateCopy       0000000180019350     inflate.obj
 0002:00005360       $chain$6$inflateCopy       0000000180019360     inflate.obj
 0002:00005380       $chain$7$inflateCopy       0000000180019380     inflate.obj
 0002:00005390       $unwind$inflateUndermine   0000000180019390     inflate.obj
 0002:00005398       $unwind$inflateValidate    0000000180019398     inflate.obj
 0002:000053a0       $unwind$inflateMark        00000001800193a0     inflate.obj
 0002:000053a8       $unwind$inflateCodesUsed   00000001800193a8     inflate.obj
 0002:000053b0       $unwind$inflate_table      00000001800193b0     inftrees.obj
 0002:000053c4       $chain$0$inflate_table     00000001800193c4     inftrees.obj
 0002:000053d8       $chain$1$inflate_table     00000001800193d8     inftrees.obj
 0002:000053e8       $unwind$call_ztell64       00000001800193e8     ioapi.obj
 0002:000053f0       $unwind$fseek_file_func    00000001800193f0     ioapi.obj
 0002:000053f8       $unwind$fseek64_file_func  00000001800193f8     ioapi.obj
 0002:00005400       $unwind$win32_build_iowin  0000000180019400     iowin32.obj
 0002:00005408       $chain$0$win32_build_iowin 0000000180019408     iowin32.obj
 0002:0000541c       $chain$2$win32_build_iowin 000000018001941c     iowin32.obj
 0002:00005430       $chain$3$win32_build_iowin 0000000180019430     iowin32.obj
 0002:00005440       $unwind$win32_open64_file_func 0000000180019440     iowin32.obj
 0002:0000544c       $unwind$win32_open64_file_funcA 000000018001944c     iowin32.obj
 0002:00005458       $unwind$win32_open64_file_funcW 0000000180019458     iowin32.obj
 0002:00005460       $unwind$win32_open_file_func 0000000180019460     iowin32.obj
 0002:0000546c       $unwind$win32_read_file_func 000000018001946c     iowin32.obj
 0002:00005478       $unwind$win32_write_file_func 0000000180019478     iowin32.obj
 0002:00005484       $unwind$win32_tell_file_func 0000000180019484     iowin32.obj
[...]
 0004:00000570       $pdata$gzgets              000000018001d570     gzread.obj
 0004:0000057c       $pdata$gzungetc            000000018001d57c     gzread.obj
 0004:00000588       $pdata$gzgetc              000000018001d588     gzread.obj
 0004:00000594       $pdata$gzfread             000000018001d594     gzread.obj
 0004:000005a0       $pdata$gzread              000000018001d5a0     gzread.obj
 0004:000005ac       $pdata$gz_read             000000018001d5ac     gzread.obj
 0004:000005b8       $pdata$gz_skip             000000018001d5b8     gzread.obj
 0004:000005c4       $pdata$gz_fetch            000000018001d5c4     gzread.obj
 0004:000005d0       $pdata$gz_decomp           000000018001d5d0     gzread.obj
 0004:000005dc       $pdata$gz_look             000000018001d5dc     gzread.obj
 0004:000005e8       $pdata$gz_avail            000000018001d5e8     gzread.obj
 0004:000005f4       $pdata$gz_load             000000018001d5f4     gzread.obj
 0004:00000600       $pdata$gzclose_r           000000018001d600     gzread.obj
 0004:0000060c       $pdata$1$gzclose_r         000000018001d60c     gzread.obj
 0004:00000618       $pdata$2$gzclose_r         000000018001d618     gzread.obj
 0004:00000624       $pdata$gzsetparams         000000018001d624     gzwrite.obj
 0004:00000630       $pdata$gzflush             000000018001d630     gzwrite.obj
 0004:0000063c       $pdata$gzprintf            000000018001d63c     gzwrite.obj
 0004:00000648       $pdata$gzvprintf           000000018001d648     gzwrite.obj
 0004:00000654       $pdata$1$gzvprintf         000000018001d654     gzwrite.obj
 0004:00000660       $pdata$3$gzvprintf         000000018001d660     gzwrite.obj
 0004:0000066c       $pdata$4$gzvprintf         000000018001d66c     gzwrite.obj
 0004:00000678       $pdata$gzputs              000000018001d678     gzwrite.obj
 0004:00000684       $pdata$0$gzputs            000000018001d684     gzwrite.obj
 0004:00000690       $pdata$1$gzputs            000000018001d690     gzwrite.obj
 0004:0000069c       $pdata$gzputc              000000018001d69c     gzwrite.obj
 0004:000006a8       $pdata$gzfwrite            000000018001d6a8     gzwrite.obj
 0004:000006b4       $pdata$gzwrite             000000018001d6b4     gzwrite.obj
 0004:000006c0       $pdata$gz_write            000000018001d6c0     gzwrite.obj
 0004:000006cc       $pdata$gz_zero             000000018001d6cc     gzwrite.obj
 0004:000006d8       $pdata$gz_comp             000000018001d6d8     gzwrite.obj
 0004:000006e4       $pdata$gz_init             000000018001d6e4     gzwrite.obj
 0004:000006f0       $pdata$0$gz_init           000000018001d6f0     gzwrite.obj
 0004:000006fc       $pdata$2$gz_init           000000018001d6fc     gzwrite.obj
 0004:00000708       $pdata$gzclose_w           000000018001d708     gzwrite.obj
 0004:00000714       $pdata$inflateBackEnd      000000018001d714     infback.obj
 0004:00000720       $pdata$inflateBack         000000018001d720     infback.obj
 0004:0000072c       $pdata$3$inflateBack       000000018001d72c     infback.obj
 0004:00000738       $pdata$4$inflateBack       000000018001d738     infback.obj
 0004:00000744       $pdata$inflateBackInit_    000000018001d744     infback.obj
 0004:00000750       $pdata$1$inflateBackInit_  000000018001d750     infback.obj
 0004:0000075c       $pdata$3$inflateBackInit_  000000018001d75c     infback.obj
 0004:00000768       $pdata$4$inflateBackInit_  000000018001d768     infback.obj
 0004:00000774       $pdata$inflate_fast        000000018001d774     inffas8664.obj
 0004:00000780       $pdata$inflateCodesUsed    000000018001d780     inflate.obj
 0004:0000078c       $pdata$inflateMark         000000018001d78c     inflate.obj
 0004:00000798       $pdata$inflateValidate     000000018001d798     inflate.obj
 0004:000007a4       $pdata$inflateUndermine    000000018001d7a4     inflate.obj
 0004:000007b0       $pdata$inflateCopy         000000018001d7b0     inflate.obj
 0004:000007bc       $pdata$2$inflateCopy       000000018001d7bc     inflate.obj
 0004:000007c8       $pdata$3$inflateCopy       000000018001d7c8     inflate.obj
 0004:000007d4       $pdata$4$inflateCopy       000000018001d7d4     inflate.obj
 0004:000007e0       $pdata$6$inflateCopy       000000018001d7e0     inflate.obj
 0004:000007ec       $pdata$7$inflateCopy       000000018001d7ec     inflate.obj
 0004:000007f8       $pdata$inflateSyncPoint    000000018001d7f8     inflate.obj
 0004:00000804       $pdata$inflateSync         000000018001d804     inflate.obj
 0004:00000810       $pdata$0$inflateSync       000000018001d810     inflate.obj
 0004:0000081c       $pdata$4$inflateSync       000000018001d81c     inflate.obj
 0004:00000828       $pdata$syncsearch          000000018001d828     inflate.obj
 0004:00000834       $pdata$inflateGetHeader    000000018001d834     inflate.obj
 0004:00000840       $pdata$inflateSetDictionary 000000018001d840     inflate.obj
 0004:0000084c       $pdata$inflateGetDictionary 000000018001d84c     inflate.obj
 0004:00000858       $pdata$updatewindow        000000018001d858     inflate.obj
 0004:00000864       $pdata$inflatePrime        000000018001d864     inflate.obj
 0004:00000870       $pdata$inflateReset2       000000018001d870     inflate.obj
 0004:0000087c       $pdata$inflateResetKeep    000000018001d87c     inflate.obj
 0004:00000888       $pdata$inflateReset        000000018001d888     inflate.obj
 0004:00000894       $pdata$inflateEnd          000000018001d894     inflate.obj
 0004:000008a0       $pdata$inflate             000000018001d8a0     inflate.obj
 0004:000008ac       $pdata$inflateInit2_       000000018001d8ac     inflate.obj
 0004:000008b8       $pdata$1$inflateInit2_     000000018001d8b8     inflate.obj
 0004:000008c4       $pdata$3$inflateInit2_     000000018001d8c4     inflate.obj
 0004:000008d0       $pdata$4$inflateInit2_     000000018001d8d0     inflate.obj
 0004:000008dc       $pdata$inflate_table       000000018001d8dc     inftrees.obj
 0004:000008e8       $pdata$0$inflate_table     000000018001d8e8     inftrees.obj
 0004:000008f4       $pdata$1$inflate_table     000000018001d8f4     inftrees.obj
 0004:00000900       $pdata$fseek64_file_func   000000018001d900     ioapi.obj
 0004:0000090c       $pdata$fseek_file_func     000000018001d90c     ioapi.obj
 0004:00000918       $pdata$call_ztell64        000000018001d918     ioapi.obj
 0004:00000924       $pdata$win32_close_file_func 000000018001d924     iowin32.obj
 0004:00000930       $pdata$win32_seek64_file_func 000000018001d930     iowin32.obj
 0004:0000093c       $pdata$win32_seek_file_func 000000018001d93c     iowin32.obj
 0004:00000948       $pdata$win32_tell64_file_func 000000018001d948     iowin32.obj
 0004:00000954       $pdata$win32_tell_file_func 000000018001d954     iowin32.obj
 0004:00000960       $pdata$win32_write_file_func 000000018001d960     iowin32.obj
 0004:0000096c       $pdata$win32_read_file_func 000000018001d96c     iowin32.obj
 0004:00000978       $pdata$win32_open_file_func 000000018001d978     iowin32.obj
 0004:00000984       $pdata$win32_open64_file_funcW 000000018001d984     iowin32.obj
 0004:00000990       $pdata$win32_open64_file_funcA 000000018001d990     iowin32.obj
 0004:0000099c       $pdata$win32_open64_file_func 000000018001d99c     iowin32.obj
 0004:000009a8       $pdata$win32_build_iowin   000000018001d9a8     iowin32.obj
 0004:000009b4       $pdata$0$win32_build_iowin 000000018001d9b4     iowin32.obj
 0004:000009c0       $pdata$2$win32_build_iowin 000000018001d9c0     iowin32.obj
 0004:000009cc       $pdata$3$win32_build_iowin 000000018001d9cc     iowin32.obj
 0004:000009d8       $pdata$compress_block      000000018001d9d8     trees.obj
 0004:000009e4       $pdata$2$compress_block    000000018001d9e4     trees.obj
 0004:000009f0       $pdata$6$compress_block    000000018001d9f0     trees.obj
 0004:000009fc       $pdata$7$compress_block    000000018001d9fc     trees.obj
 0004:00000a08       $pdata$8$compress_block    000000018001da08     trees.obj
 0004:00000a14       $pdata$send_all_trees      000000018001da14     trees.obj
 0004:00000a20       $pdata$build_bl_tree       000000018001da20     trees.obj
 0004:00000a2c       $pdata$send_tree           000000018001da2c     trees.obj
 0004:00000a38       $pdata$6$send_tree         000000018001da38     trees.obj
 0004:00000a44       $pdata$7$send_tree         000000018001da44     trees.obj
 0004:00000a50       $pdata$scan_tree           000000018001da50     trees.obj
 0004:00000a5c       $pdata$2$scan_tree         000000018001da5c     trees.obj
 0004:00000a68       $pdata$3$scan_tree         000000018001da68     trees.obj
 0004:00000a74       $pdata$build_tree          000000018001da74     trees.obj
 0004:00000a80       $pdata$gen_codes           000000018001da80     trees.obj
 0004:00000a8c       $pdata$gen_bitlen          000000018001da8c     trees.obj
 0004:00000a98       $pdata$0$gen_bitlen        000000018001da98     trees.obj
 0004:00000aa4       $pdata$2$gen_bitlen        000000018001daa4     trees.obj
 0004:00000ab0       $pdata$3$gen_bitlen        000000018001dab0     trees.obj
 0004:00000abc       $pdata$4$gen_bitlen        000000018001dabc     trees.obj
 0004:00000ac8       $pdata$pqdownheap          000000018001dac8     trees.obj
 0004:00000ad4       $pdata$0$pqdownheap        000000018001dad4     trees.obj
 0004:00000ae0       $pdata$2$pqdownheap        000000018001dae0     trees.obj
 0004:00000aec       $pdata$3$pqdownheap        000000018001daec     trees.obj
 0004:00000af8       $pdata$_tr_flush_block     000000018001daf8     trees.obj
 0004:00000b04       $pdata$_tr_stored_block    000000018001db04     trees.obj
 0004:00000b10       $pdata$uncompress          000000018001db10     uncompr.obj
 0004:00000b1c       $pdata$uncompress2         000000018001db1c     uncompr.obj
 0004:00000b28       $pdata$0$uncompress2       000000018001db28     uncompr.obj
 0004:00000b34       $pdata$1$uncompress2       000000018001db34     uncompr.obj
 0004:00000b40       $pdata$unzGetGlobalComment 000000018001db40     unzip.obj
 0004:00000b4c       $pdata$unzCloseCurrentFile 000000018001db4c     unzip.obj
 0004:00000b58       $pdata$unzGetLocalExtrafield 000000018001db58     unzip.obj
 0004:00000b64       $pdata$unzReadCurrentFile  000000018001db64     unzip.obj
 0004:00000b70       $pdata$5$unzReadCurrentFile 000000018001db70     unzip.obj
 0004:00000b7c       $pdata$7$unzReadCurrentFile 000000018001db7c     unzip.obj
 0004:00000b88       $pdata$8$unzReadCurrentFile 000000018001db88     unzip.obj
 0004:00000b94       $pdata$unzOpenCurrentFile2 000000018001db94     unzip.obj
 0004:00000ba0       $pdata$unzOpenCurrentFilePassword 000000018001dba0     unzip.obj
 0004:00000bac       $pdata$unzOpenCurrentFile  000000018001dbac     unzip.obj
 0004:00000bb8       $pdata$unzOpenCurrentFile3 000000018001dbb8     unzip.obj
 0004:00000bc4       $pdata$0$unzOpenCurrentFile3 000000018001dbc4     unzip.obj
 0004:00000bd0       $pdata$1$unzOpenCurrentFile3 000000018001dbd0     unzip.obj
 0004:00000bdc       $pdata$2$unzOpenCurrentFile3 000000018001dbdc     unzip.obj
 0004:00000be8       $pdata$4$unzOpenCurrentFile3 000000018001dbe8     unzip.obj
 0004:00000bf4       $pdata$5$unzOpenCurrentFile3 000000018001dbf4     unzip.obj
 0004:00000c00       $pdata$unz64local_CheckCurrentFileCoherencyHeader 000000018001dc00     unzip.obj
 0004:00000c0c       $pdata$unzGoToFilePos      000000018001dc0c     unzip.obj
 0004:00000c18       $pdata$unzGoToFilePos64    000000018001dc18     unzip.obj
 0004:00000c24       $pdata$0$unzGoToFilePos64  000000018001dc24     unzip.obj
 0004:00000c30       $pdata$1$unzGoToFilePos64  000000018001dc30     unzip.obj
 0004:00000c3c       $pdata$unzGetFilePos       000000018001dc3c     unzip.obj
 0004:00000c48       $pdata$unzLocateFile       000000018001dc48     unzip.obj
 0004:00000c54       $pdata$3$unzLocateFile     000000018001dc54     unzip.obj
 0004:00000c60       $pdata$5$unzLocateFile     000000018001dc60     unzip.obj
 0004:00000c6c       $pdata$6$unzLocateFile     000000018001dc6c     unzip.obj
 0004:00000c78       $pdata$unzGoToNextFile     000000018001dc78     unzip.obj
 0004:00000c84       $pdata$0$unzGoToNextFile   000000018001dc84     unzip.obj
 0004:00000c90       $pdata$1$unzGoToNextFile   000000018001dc90     unzip.obj
 0004:00000c9c       $pdata$unzGoToFirstFile    000000018001dc9c     unzip.obj
 0004:00000ca8       $pdata$unzGetCurrentFileInfo 000000018001dca8     unzip.obj
 0004:00000cb4       $pdata$unzGetCurrentFileInfo64 000000018001dcb4     unzip.obj
 0004:00000cc0       $pdata$unz64local_GetCurrentFileInfoInternal 000000018001dcc0     unzip.obj
 0004:00000ccc       $pdata$unzClose            000000018001dccc     unzip.obj
 0004:00000cd8       $pdata$unzOpen2_64         000000018001dcd8     unzip.obj
 0004:00000ce4       $pdata$unzOpen2            000000018001dce4     unzip.obj
 0004:00000cf0       $pdata$unzOpenInternal     000000018001dcf0     unzip.obj
 0004:00000cfc       $pdata$3$unzOpenInternal   000000018001dcfc     unzip.obj
 0004:00000d08       $pdata$4$unzOpenInternal   000000018001dd08     unzip.obj
 0004:00000d14       $pdata$unz64local_SearchCentralDir64 000000018001dd14     unzip.obj
 0004:00000d20       $pdata$0$unz64local_SearchCentralDir64 000000018001dd20     unzip.obj
 0004:00000d2c       $pdata$1$unz64local_SearchCentralDir64 000000018001dd2c     unzip.obj
 0004:00000d38       $pdata$2$unz64local_SearchCentralDir64 000000018001dd38     unzip.obj
 0004:00000d44       $pdata$3$unz64local_SearchCentralDir64 000000018001dd44     unzip.obj
 0004:00000d50       $pdata$unz64local_SearchCentralDir 000000018001dd50     unzip.obj
 0004:00000d5c       $pdata$0$unz64local_SearchCentralDir 000000018001dd5c     unzip.obj
 0004:00000d68       $pdata$1$unz64local_SearchCentralDir 000000018001dd68     unzip.obj
 0004:00000d74       $pdata$2$unz64local_SearchCentralDir 000000018001dd74     unzip.obj
 0004:00000d80       $pdata$3$unz64local_SearchCentralDir 000000018001dd80     unzip.obj
 0004:00000d8c       $pdata$strcmpcasenosensitive_internal 000000018001dd8c     unzip.obj
 0004:00000d98       $pdata$unz64local_getLong64 000000018001dd98     unzip.obj
 0004:00000da4       $pdata$unz64local_getLong  000000018001dda4     unzip.obj
 0004:00000db0       $pdata$unz64local_getShort 000000018001ddb0     unzip.obj
 0004:00000dbc       $pdata$unz64local_getByte  000000018001ddbc     unzip.obj
 0004:00000dc8       $pdata$zipClose            000000018001ddc8     zip.obj
 0004:00000dd4       $pdata$0$zipClose          000000018001ddd4     zip.obj
 0004:00000de0       $pdata$1$zipClose          000000018001dde0     zip.obj
 0004:00000dec       $pdata$2$zipClose          000000018001ddec     zip.obj
 0004:00000df8       $pdata$3$zipClose          000000018001ddf8     zip.obj
 0004:00000e04       $pdata$4$zipClose          000000018001de04     zip.obj
 0004:00000e10       $pdata$5$zipClose          000000018001de10     zip.obj
 0004:00000e1c       $pdata$Write_GlobalComment 000000018001de1c     zip.obj
 0004:00000e28       $pdata$Write_EndOfCentralDirectoryRecord 000000018001de28     zip.obj
 0004:00000e34       $pdata$0$Write_EndOfCentralDirectoryRecord 000000018001de34     zip.obj
 0004:00000e40       $pdata$1$Write_EndOfCentralDirectoryRecord 000000018001de40     zip.obj
 0004:00000e4c       $pdata$Write_Zip64EndOfCentralDirectoryRecord 000000018001de4c     zip.obj
 0004:00000e58       $pdata$Write_Zip64EndOfCentralDirectoryLocator 000000018001de58     zip.obj
 0004:00000e64       $pdata$zipCloseFileInZipRaw64 000000018001de64     zip.obj
 0004:00000e70       $pdata$3$zipCloseFileInZipRaw64 000000018001de70     zip.obj
 0004:00000e7c       $pdata$5$zipCloseFileInZipRaw64 000000018001de7c     zip.obj
 0004:00000e88       $pdata$6$zipCloseFileInZipRaw64 000000018001de88     zip.obj
 0004:00000e94       $pdata$zipWriteInFileInZip 000000018001de94     zip.obj
 0004:00000ea0       $pdata$0$zipWriteInFileInZip 000000018001dea0     zip.obj
 0004:00000eac       $pdata$2$zipWriteInFileInZip 000000018001deac     zip.obj
 0004:00000eb8       $pdata$3$zipWriteInFileInZip 000000018001deb8     zip.obj
 0004:00000ec4       $pdata$zip64FlushWriteBuffer 000000018001dec4     zip.obj
 0004:00000ed0       $pdata$0$zip64FlushWriteBuffer 000000018001ded0     zip.obj
 0004:00000edc       $pdata$2$zip64FlushWriteBuffer 000000018001dedc     zip.obj
 0004:00000ee8       $pdata$3$zip64FlushWriteBuffer 000000018001dee8     zip.obj
 0004:00000ef4       $pdata$4$zip64FlushWriteBuffer 000000018001def4     zip.obj
 0004:00000f00       $pdata$zipOpenNewFileInZip 000000018001df00     zip.obj
 0004:00000f0c       $pdata$zipOpenNewFileInZip64 000000018001df0c     zip.obj
 0004:00000f18       $pdata$zipOpenNewFileInZip2_64 000000018001df18     zip.obj
 0004:00000f24       $pdata$zipOpenNewFileInZip2 000000018001df24     zip.obj
 0004:00000f30       $pdata$zipOpenNewFileInZip3_64 000000018001df30     zip.obj
 0004:00000f3c       $pdata$zipOpenNewFileInZip3 000000018001df3c     zip.obj
 0004:00000f48       $pdata$zipOpenNewFileInZip4_64 000000018001df48     zip.obj
 0004:00000f54       $pdata$3$zipOpenNewFileInZip4_64 000000018001df54     zip.obj
 0004:00000f60       $pdata$4$zipOpenNewFileInZip4_64 000000018001df60     zip.obj
 0004:00000f6c       $pdata$5$zipOpenNewFileInZip4_64 000000018001df6c     zip.obj
 0004:00000f78       $pdata$6$zipOpenNewFileInZip4_64 000000018001df78     zip.obj
 0004:00000f84       $pdata$7$zipOpenNewFileInZip4_64 000000018001df84     zip.obj
 0004:00000f90       $pdata$8$zipOpenNewFileInZip4_64 000000018001df90     zip.obj
 0004:00000f9c       $pdata$Write_LocalFileHeader 000000018001df9c     zip.obj
 0004:00000fa8       $pdata$zipOpen2_64         000000018001dfa8     zip.obj
 0004:00000fb4       $pdata$zipOpen2            000000018001dfb4     zip.obj
 0004:00000fc0       $pdata$zipOpen3            000000018001dfc0     zip.obj
 0004:00000fcc       $pdata$LoadCentralDirectoryRecord 000000018001dfcc     zip.obj
 0004:00000fd8       $pdata$zip64local_SearchCentralDir64 000000018001dfd8     zip.obj
 0004:00000fe4       $pdata$0$zip64local_SearchCentralDir64 000000018001dfe4     zip.obj
 0004:00000ff0       $pdata$1$zip64local_SearchCentralDir64 000000018001dff0     zip.obj
 0004:00000ffc       $pdata$2$zip64local_SearchCentralDir64 000000018001dffc     zip.obj
 0004:00001008       $pdata$3$zip64local_SearchCentralDir64 000000018001e008     zip.obj
 0004:00001014       $pdata$zip64local_SearchCentralDir 000000018001e014     zip.obj
 0004:00001020       $pdata$0$zip64local_SearchCentralDir 000000018001e020     zip.obj
 0004:0000102c       $pdata$1$zip64local_SearchCentralDir 000000018001e02c     zip.obj
 0004:00001038       $pdata$2$zip64local_SearchCentralDir 000000018001e038     zip.obj
 0004:00001044       $pdata$3$zip64local_SearchCentralDir 000000018001e044     zip.obj
 0004:00001050       $pdata$zip64local_getLong64 000000018001e050     zip.obj
 0004:0000105c       $pdata$zip64local_getLong  000000018001e05c     zip.obj
 0004:00001068       $pdata$zip64local_getShort 000000018001e068     zip.obj
 0004:00001074       $pdata$zip64local_getByte  000000018001e074     zip.obj
 0004:00001080       $pdata$zip64local_putValue 000000018001e080     zip.obj
 0004:0000108c       $pdata$add_data_in_datablock 000000018001e08c     zip.obj
 0004:00001098       $pdata$free_linkedlist     000000018001e098     zip.obj
 0004:000010a4       $pdata$free_datablock      000000018001e0a4     zip.obj
 0004:000010b0       $pdata$0$free_datablock    000000018001e0b0     zip.obj
 0004:000010bc       $pdata$1$free_datablock    000000018001e0bc     zip.obj
 0004:000010c8       $pdata$allocate_new_datablock 000000018001e0c8     zip.obj
 0004:000010d4       $pdata$crypthead           000000018001e0d4     zip.obj
 0004:000010e0       $pdata$init_keys           000000018001e0e0     zip.obj
 0005:00000060       $R000000                   000000018001f060     zlib.res
