 zlibwapi

 Timestamp is 5ecbf63e (Tue May 26 00:45:50 2020)

 Preferred load address is 0000000180000000

 Start         Length     Name                   Class
 0001:00000000 00012380H .text$mn                CODE
 0001:00012380 00000036H .text$mn$00             CODE
 0001:000123b6 00000092H .text$x                 CODE
 0002:00000000 00000248H .idata$5                DATA
 0002:00000248 00000028H .00cfg                  DATA
 0002:00000270 00000008H .CRT$XCA                DATA
 0002:00000278 00000008H .CRT$XCZ                DATA
 0002:00000280 00000008H .CRT$XIA                DATA
 0002:00000288 00000008H .CRT$XIZ                DATA
 0002:00000290 00000008H .CRT$XPA                DATA
 0002:00000298 00000008H .CRT$XPZ                DATA
 0002:000002a0 00000008H .CRT$XTA                DATA
 0002:000002a8 00000008H .CRT$XTZ                DATA
 0002:000002b0 00000000H .gfids$y                DATA
 0002:000002b0 00004450H .rdata                  DATA
 0002:00004700 000002c8H .rdata$zzzdbg           DATA
 0002:000049c8 00000008H .rtc$IAA                DATA
 0002:000049d0 00000008H .rtc$IZZ                DATA
 0002:000049d8 00000008H .rtc$TAA                DATA
 0002:000049e0 00000008H .rtc$TZZ                DATA
 0002:000049e8 00001778H .xdata                  DATA
 0002:00006160 00000d50H .edata                  DATA
 0002:00006eb0 000000a0H .idata$2                DATA
 0002:00006f50 00000018H .idata$3                DATA
 0002:00006f68 00000248H .idata$4                DATA
 0002:000071b0 00000522H .idata$6                DATA
 0003:00000000 00000040H .data                   DATA
 0003:00000040 000000a0H .bss                    DATA
 0004:00000000 00001110H .pdata                  DATA
 0005:00000000 00000060H .rsrc$01                DATA
 0005:00000060 00000338H .rsrc$02                DATA

  Address         Publics by Value              Rva+Base               Lib:Object

 0000:00000000       __guard_iat_table          0000000000000000     <absolute>
 0000:00000000       __guard_eh_cont_count      0000000000000000     <absolute>
 0000:00000000       __volatile_metadata        0000000000000000     <absolute>
 0000:00000000       __dynamic_value_reloc_table 0000000000000000     <absolute>
 0000:00000000       __hybrid_code_map          0000000000000000     <absolute>
 0000:00000000       __guard_eh_cont_table      0000000000000000     <absolute>
 0000:00000000       __AbsoluteZero             0000000000000000     <absolute>
 0000:00000000       __guard_iat_count          0000000000000000     <absolute>
 0000:00000000       __arm64x_native_entrypoint 0000000000000000     <absolute>
 0000:00000000       __hybrid_auxiliary_iat     0000000000000000     <absolute>
 0000:00000000       __arm64x_redirection_metadata 0000000000000000     <absolute>
 0000:00000000       __guard_longjmp_count      0000000000000000     <absolute>
 0000:00000000       __enclave_config           0000000000000000     <absolute>
 0000:00000000       __guard_longjmp_table      0000000000000000     <absolute>
 0000:00000000       __hybrid_code_map_count    0000000000000000     <absolute>
 0000:00000000       __guard_fids_table         0000000000000000     <absolute>
 0000:00000000       __x64_code_ranges_to_entry_points 0000000000000000     <absolute>
 0000:00000000       __guard_fids_count         0000000000000000     <absolute>
 0000:00000100       __guard_flags              0000000000000100     <absolute>
 0000:00000000       __ImageBase                0000000180000000     <linker-defined>
 0001:00000000       adler32_z                  0000000180001000 f   adler32.obj
 0001:000002e0       adler32                    00000001800012e0 f   adler32.obj
 0001:000003d0       adler32_combine            00000001800013d0 f   adler32.obj
 0001:000003e0       compress2                  00000001800013e0 f   compress.obj
 0001:000004e0       compress                   00000001800014e0 f   compress.obj
 0001:00000500       compressBound              0000000180001500 f   compress.obj
 0001:00000520       get_crc_table              0000000180001520 f   crc32.obj
 0001:00000530       crc32_z                    0000000180001530 f   crc32.obj
 0001:00000540       crc32                      0000000180001540 f   crc32.obj
 0001:00000d20       crc32_combine              0000000180001d20 f   crc32.obj
 0001:00000db0       deflateInit_               0000000180001db0 f   deflate.obj
 0001:00000df0       deflateInit2_              0000000180001df0 f   deflate.obj
 0001:000010e0       deflateSetDictionary       00000001800020e0 f   deflate.obj
 0001:000012e0       deflateGetDictionary       00000001800022e0 f   deflate.obj
 0001:00001360       deflateResetKeep           0000000180002360 f   deflate.obj
 0001:00001410       deflateReset               0000000180002410 f   deflate.obj
 0001:00001440       deflateSetHeader           0000000180002440 f   deflate.obj
 0001:00001480       deflatePending             0000000180002480 f   deflate.obj
 0001:000014d0       deflatePrime               00000001800024d0 f   deflate.obj
 0001:00001580       deflateParams              0000000180002580 f   deflate.obj
 0001:000016f0       deflateTune                00000001800026f0 f   deflate.obj
 0001:00001740       deflateBound               0000000180002740 f   deflate.obj
 0001:00001900       deflate                    0000000180002900 f   deflate.obj
 0001:00002220       deflateEnd                 0000000180003220 f   deflate.obj
 0001:000022d0       deflateCopy                00000001800032d0 f   deflate.obj
 0001:00003ab0       gzclose                    0000000180004ab0 f   gzclose.obj
 0001:00003ad0       __local_stdio_printf_options 0000000180004ad0 f i gzlib.obj
 0001:00003ae0       vsnprintf                  0000000180004ae0 f i gzlib.obj
 0001:00003b50       snprintf                   0000000180004b50 f i gzlib.obj
 0001:00003f30       gzopen                     0000000180004f30 f   gzlib.obj
 0001:00003f40       gzdopen                    0000000180004f40 f   gzlib.obj
 0001:00003fd0       gzopen_w                   0000000180004fd0 f   gzlib.obj
 0001:00003fe0       gzbuffer                   0000000180004fe0 f   gzlib.obj
 0001:00004020       gzrewind                   0000000180005020 f   gzlib.obj
 0001:00004080       gzseek64                   0000000180005080 f   gzlib.obj
 0001:000041e0       gzseek                     00000001800051e0 f   gzlib.obj
 0001:00004210       gztell64                   0000000180005210 f   gzlib.obj
 0001:00004250       gztell                     0000000180005250 f   gzlib.obj
 0001:00004270       gzoffset64                 0000000180005270 f   gzlib.obj
 0001:000042d0       gzoffset                   00000001800052d0 f   gzlib.obj
 0001:000042f0       gzeof                      00000001800052f0 f   gzlib.obj
 0001:00004310       gzerror                    0000000180005310 f   gzlib.obj
 0001:00004360       gzclearerr                 0000000180005360 f   gzlib.obj
 0001:000043a0       gz_error                   00000001800053a0 f   gzlib.obj
 0001:00004b60       gzread                     0000000180005b60 f   gzread.obj
 0001:00004bd0       gzfread                    0000000180005bd0 f   gzread.obj
 0001:00004c50       gzgetc                     0000000180005c50 f   gzread.obj
 0001:00004cd0       gzgetc_                    0000000180005cd0 f   gzread.obj
 0001:00004ce0       gzungetc                   0000000180005ce0 f   gzread.obj
 0001:00004e00       gzgets                     0000000180005e00 f   gzread.obj
 0001:00004f40       gzdirect                   0000000180005f40 f   gzread.obj
 0001:00004f80       gzclose_r                  0000000180005f80 f   gzread.obj
 0001:00005520       gzwrite                    0000000180006520 f   gzwrite.obj
 0001:00005570       gzfwrite                   0000000180006570 f   gzwrite.obj
 0001:000055f0       gzputc                     00000001800065f0 f   gzwrite.obj
 0001:000056c0       gzputs                     00000001800066c0 f   gzwrite.obj
 0001:00005730       gzvprintf                  0000000180006730 f   gzwrite.obj
 0001:000058c0       gzprintf                   00000001800068c0 f   gzwrite.obj
 0001:000058f0       gzflush                    00000001800068f0 f   gzwrite.obj
 0001:00005960       gzsetparams                0000000180006960 f   gzwrite.obj
 0001:00005a10       gzclose_w                  0000000180006a10 f   gzwrite.obj
 0001:00005ae0       inflateBackInit_           0000000180006ae0 f   infback.obj
 0001:00005c30       inflateBack                0000000180006c30 f   infback.obj
 0001:00006b10       inflateBackEnd             0000000180007b10 f   infback.obj
 0001:00006b60       compress4                  0000000180007b60 f   zlibaddons.obj
 0001:00006c80       compress3                  0000000180007c80 f   zlibaddons.obj
 0001:00006ca0       uncompress4                0000000180007ca0 f   zlibaddons.obj
 0001:00006e10       uncompress3                0000000180007e10 f   zlibaddons.obj
 0001:00006e30       inflate_fast               0000000180007e30 f   inffas8664.obj
 0001:00007040       inflateResetKeep           0000000180008040 f   inflate.obj
 0001:000070d0       inflateReset               00000001800080d0 f   inflate.obj
 0001:00007100       inflateReset2              0000000180008100 f   inflate.obj
 0001:000071a0       inflateInit2_              00000001800081a0 f   inflate.obj
 0001:000072a0       inflateInit_               00000001800082a0 f   inflate.obj
 0001:000072b0       inflatePrime               00000001800082b0 f   inflate.obj
 0001:00007450       inflate                    0000000180008450 f   inflate.obj
 0001:00008bd0       inflateEnd                 0000000180009bd0 f   inflate.obj
 0001:00008c20       inflateGetDictionary       0000000180009c20 f   inflate.obj
 0001:00008cb0       inflateSetDictionary       0000000180009cb0 f   inflate.obj
 0001:00008d60       inflateGetHeader           0000000180009d60 f   inflate.obj
 0001:00008e10       inflateSync                0000000180009e10 f   inflate.obj
 0001:00008f30       inflateSyncPoint           0000000180009f30 f   inflate.obj
 0001:00008f70       inflateCopy                0000000180009f70 f   inflate.obj
 0001:00009120       inflateUndermine           000000018000a120 f   inflate.obj
 0001:00009150       inflateValidate            000000018000a150 f   inflate.obj
 0001:00009190       inflateMark                000000018000a190 f   inflate.obj
 0001:00009200       inflateCodesUsed           000000018000a200 f   inflate.obj
 0001:00009240       inflate_table              000000018000a240 f   inftrees.obj
 0001:00009760       call_zopen64               000000018000a760 f   ioapi.obj
 0001:00009780       call_zseek64               000000018000a780 f   ioapi.obj
 0001:000097b0       call_ztell64               000000018000a7b0 f   ioapi.obj
 0001:000097f0       fill_zlib_filefunc64_32_def_from_filefunc32 000000018000a7f0 f   ioapi.obj
 0001:00009a20       fill_fopen64_filefunc      000000018000aa20 f   ioapi.obj
 0001:00009b50       win32_open64_file_func     000000018000ab50 f   iowin32.obj
 0001:00009bd0       win32_open64_file_funcA    000000018000abd0 f   iowin32.obj
 0001:00009c50       win32_open64_file_funcW    000000018000ac50 f   iowin32.obj
 0001:00009cd0       win32_open_file_func       000000018000acd0 f   iowin32.obj
 0001:00009d50       win32_read_file_func       000000018000ad50 f   iowin32.obj
 0001:00009dc0       win32_write_file_func      000000018000adc0 f   iowin32.obj
 0001:00009ea0       win32_tell_file_func       000000018000aea0 f   iowin32.obj
 0001:00009f00       win32_tell64_file_func     000000018000af00 f   iowin32.obj
 0001:00009f60       win32_seek_file_func       000000018000af60 f   iowin32.obj
 0001:00009fe0       win32_seek64_file_func     000000018000afe0 f   iowin32.obj
 0001:0000a060       win32_close_file_func      000000018000b060 f   iowin32.obj
 0001:0000a0a0       win32_error_file_func      000000018000b0a0 f   iowin32.obj
 0001:0000a0b0       fill_win32_filefunc        000000018000b0b0 f   iowin32.obj
 0001:0000a110       fill_win32_filefunc64      000000018000b110 f   iowin32.obj
 0001:0000a170       fill_win32_filefunc64A     000000018000b170 f   iowin32.obj
 0001:0000a1d0       fill_win32_filefunc64W     000000018000b1d0 f   iowin32.obj
 0001:0000a240       _tr_init                   000000018000b240 f   trees.obj
 0001:0000b430       _tr_stored_block           000000018000c430 f   trees.obj
 0001:0000b540       _tr_flush_bits             000000018000c540 f   trees.obj
 0001:0000b550       _tr_align                  000000018000c550 f   trees.obj
 0001:0000b640       _tr_flush_block            000000018000c640 f   trees.obj
 0001:0000be70       uncompress2                000000018000ce70 f   uncompr.obj
 0001:0000bfd0       uncompress                 000000018000cfd0 f   uncompr.obj
 0001:0000c3a0       unzStringFileNameCompare   000000018000d3a0 f   unzip.obj
 0001:0000cbd0       unzOpen2                   000000018000dbd0 f   unzip.obj
 0001:0000cc20       unzOpen2_64                000000018000dc20 f   unzip.obj
 0001:0000cc80       unzOpen                    000000018000dc80 f   unzip.obj
 0001:0000cc90       unzOpen64                  000000018000dc90 f   unzip.obj
 0001:0000cca0       unzClose                   000000018000dca0 f   unzip.obj
 0001:0000ccf0       unzGetGlobalInfo64         000000018000dcf0 f   unzip.obj
 0001:0000cd10       unzGetGlobalInfo           000000018000dd10 f   unzip.obj
 0001:0000d310       unzGetCurrentFileInfo64    000000018000e310 f   unzip.obj
 0001:0000d360       unzGetCurrentFileInfo      000000018000e360 f   unzip.obj
 0001:0000d460       unzGoToFirstFile           000000018000e460 f   unzip.obj
 0001:0000d4e0       unzGoToNextFile            000000018000e4e0 f   unzip.obj
 0001:0000d5a0       unzLocateFile              000000018000e5a0 f   unzip.obj
 0001:0000d790       unzGetFilePos64            000000018000e790 f   unzip.obj
 0001:0000d7d0       unzGetFilePos              000000018000e7d0 f   unzip.obj
 0001:0000d800       unzGoToFilePos64           000000018000e800 f   unzip.obj
 0001:0000d880       unzGoToFilePos             000000018000e880 f   unzip.obj
 0001:0000dae0       unzOpenCurrentFile3        000000018000eae0 f   unzip.obj
 0001:0000dd70       unzOpenCurrentFile         000000018000ed70 f   unzip.obj
 0001:0000dd90       unzOpenCurrentFilePassword 000000018000ed90 f   unzip.obj
 0001:0000ddb0       unzOpenCurrentFile2        000000018000edb0 f   unzip.obj
 0001:0000ddd0       unzGetCurrentFileZStreamPos64 000000018000edd0 f   unzip.obj
 0001:0000ddf0       unzReadCurrentFile         000000018000edf0 f   unzip.obj
 0001:0000e0c0       unztell                    000000018000f0c0 f   unzip.obj
 0001:0000e0e0       unztell64                  000000018000f0e0 f   unzip.obj
 0001:0000e110       unzeof                     000000018000f110 f   unzip.obj
 0001:0000e140       unzGetLocalExtrafield      000000018000f140 f   unzip.obj
 0001:0000e230       unzCloseCurrentFile        000000018000f230 f   unzip.obj
 0001:0000e2f0       unzGetGlobalComment        000000018000f2f0 f   unzip.obj
 0001:0000ef30       LoadCentralDirectoryRecord 000000018000ff30 f   zip.obj
 0001:0000f2f0       zipOpen3                   00000001800102f0 f   zip.obj
 0001:0000f490       zipOpen2                   0000000180010490 f   zip.obj
 0001:0000f4e0       zipOpen2_64                00000001800104e0 f   zip.obj
 0001:0000f540       zipOpen                    0000000180010540 f   zip.obj
 0001:0000f550       zipOpen64                  0000000180010550 f   zip.obj
 0001:0000f560       Write_LocalFileHeader      0000000180010560 f   zip.obj
 0001:0000f7c0       zipOpenNewFileInZip4_64    00000001800107c0 f   zip.obj
 0001:0000fd80       zipOpenNewFileInZip3       0000000180010d80 f   zip.obj
 0001:0000fe30       zipOpenNewFileInZip3_64    0000000180010e30 f   zip.obj
 0001:0000fef0       zipOpenNewFileInZip2       0000000180010ef0 f   zip.obj
 0001:0000ff80       zipOpenNewFileInZip2_64    0000000180010f80 f   zip.obj
 0001:00010020       zipOpenNewFileInZip64      0000000180011020 f   zip.obj
 0001:000100b0       zipOpenNewFileInZip        00000001800110b0 f   zip.obj
 0001:00010220       zipWriteInFileInZip        0000000180011220 f   zip.obj
 0001:00010390       zipCloseFileInZipRaw       0000000180011390 f   zip.obj
 0001:000103a0       zipCloseFileInZipRaw64     00000001800113a0 f   zip.obj
 0001:00010830       zipCloseFileInZip          0000000180011830 f   zip.obj
 0001:00010840       Write_Zip64EndOfCentralDirectoryLocator 0000000180011840 f   zip.obj
 0001:000108c0       Write_Zip64EndOfCentralDirectoryRecord 00000001800118c0 f   zip.obj
 0001:000109f0       Write_EndOfCentralDirectoryRecord 00000001800119f0 f   zip.obj
 0001:00010b10       Write_GlobalComment        0000000180011b10 f   zip.obj
 0001:00010ba0       zipClose                   0000000180011ba0 f   zip.obj
 0001:00010d10       zlibVersion                0000000180011d10 f   zutil.obj
 0001:00010d20       zlibCompileFlags           0000000180011d20 f   zutil.obj
 0001:00010d30       zError                     0000000180011d30 f   zutil.obj
 0001:00010d50       zcalloc                    0000000180011d50 f   zutil.obj
 0001:00010d60       zcfree                     0000000180011d60 f   zutil.obj
 0001:00010d70       longest_match              0000000180011d70 f   gvmat64.obj
 0001:00011048       match_init                 0000000180012048 f   gvmat64.obj
 0001:00011050       inffas8664fnc              0000000180012050 f   inffasx64.obj
 0001:00011367       ReadFile                   0000000180012367 f   kernel32:KERNEL32.dll
 0001:0001136d       WriteFile                  000000018001236d f   kernel32:KERNEL32.dll
 0001:00011373       SetFilePointer             0000000180012373 f   kernel32:KERNEL32.dll
 0001:00011379       CreateFileW                0000000180012379 f   kernel32:KERNEL32.dll
 0001:0001137f       GetLastError               000000018001237f f   kernel32:KERNEL32.dll
 0001:00011385       CreateFileA                0000000180012385 f   kernel32:KERNEL32.dll
 0001:0001138b       CloseHandle                000000018001238b f   kernel32:KERNEL32.dll
 0001:000116d0       _CRT_INIT                  00000001800126d0 f   MSVCRT:dll_dllmain.obj
 0001:000116d8       _DllMainCRTStartup         00000001800126d8 f   MSVCRT:dll_dllmain.obj
 0001:00011784       __security_init_cookie     0000000180012784 f   MSVCRT:gs_support.obj
 0001:00011830       DllMain                    0000000180012830 f   MSVCRT:dll_dllmain_stub.obj
 0001:00011854       ?__scrt_initialize_type_info@@YAXXZ 0000000180012854 f   MSVCRT:tncleanup.obj
 0001:00011864       ?__scrt_uninitialize_type_info@@YAXXZ 0000000180012864 f   MSVCRT:tncleanup.obj
 0001:00011870       __local_stdio_scanf_options 0000000180012870 f i MSVCRT:default_local_stdio_options.obj
 0001:00011878       __scrt_initialize_default_local_stdio_options 0000000180012878 f   MSVCRT:default_local_stdio_options.obj
 0001:00011894       ?configure_argv@__scrt_narrow_argv_policy@@SAHXZ 0000000180012894 f i MSVCRT:utility.obj
 0001:000118f4       ?initialize_environment@__scrt_narrow_environment_policy@@SAHXZ 00000001800128f4 f i MSVCRT:utility.obj
 0001:0001192c       NtCurrentTeb               000000018001292c f i MSVCRT:utility.obj
 0001:00011938       __scrt_acquire_startup_lock 0000000180012938 f   MSVCRT:utility.obj
 0001:00011974       __scrt_dllmain_after_initialize_c 0000000180012974 f   MSVCRT:utility.obj
 0001:000119a8       __scrt_dllmain_before_initialize_c 00000001800129a8 f   MSVCRT:utility.obj
 0001:000119c0       __scrt_dllmain_crt_thread_attach 00000001800129c0 f   MSVCRT:utility.obj
 0001:000119e8       __scrt_dllmain_crt_thread_detach 00000001800129e8 f   MSVCRT:utility.obj
 0001:00011a00       __scrt_dllmain_exception_filter 0000000180012a00 f   MSVCRT:utility.obj
 0001:00011a60       __scrt_dllmain_uninitialize_c 0000000180012a60 f   MSVCRT:utility.obj
 0001:00011a90       __scrt_dllmain_uninitialize_critical 0000000180012a90 f   MSVCRT:utility.obj
 0001:00011aa4       __scrt_initialize_crt      0000000180012aa4 f   MSVCRT:utility.obj
 0001:00011af0       __scrt_initialize_onexit_tables 0000000180012af0 f   MSVCRT:utility.obj
 0001:00011b7c       __scrt_is_nonwritable_in_current_image 0000000180012b7c f   MSVCRT:utility.obj
 0001:00011c14       __scrt_release_startup_lock 0000000180012c14 f   MSVCRT:utility.obj
 0001:00011c38       __scrt_uninitialize_crt    0000000180012c38 f   MSVCRT:utility.obj
 0001:00011c64       _onexit                    0000000180012c64 f   MSVCRT:utility.obj
 0001:00011ca0       at_quick_exit              0000000180012ca0 f   MSVCRT:utility.obj
 0001:00011cc0       atexit                     0000000180012cc0 f   MSVCRT:utility.obj
 0001:00011cd8       __scrt_get_dyn_tls_init_callback 0000000180012cd8 f   MSVCRT:dyn_tls_init.obj
 0001:00011ce0       __crt_debugger_hook        0000000180012ce0 f   MSVCRT:utility_desktop.obj
 0001:00011ce8       __scrt_fastfail            0000000180012ce8 f   MSVCRT:utility_desktop.obj
 0001:00011e34       __scrt_get_show_window_mode 0000000180012e34 f   MSVCRT:utility_desktop.obj
 0001:00011e70       __scrt_initialize_mta      0000000180012e70 f   MSVCRT:utility_desktop.obj
 0001:00011e78       __scrt_initialize_winrt    0000000180012e78 f   MSVCRT:utility_desktop.obj
 0001:00011e7c       __scrt_is_managed_app      0000000180012e7c f   MSVCRT:utility_desktop.obj
 0001:00011ed0       __scrt_set_unhandled_exception_filter 0000000180012ed0 f   MSVCRT:utility_desktop.obj
 0001:00011ee0       __scrt_stub_for_initialize_mta 0000000180012ee0 f   MSVCRT:utility_desktop.obj
 0001:00011ee0       __scrt_exe_initialize_mta  0000000180012ee0 f   MSVCRT:utility_desktop.obj
 0001:00011ee4       __scrt_unhandled_exception_filter 0000000180012ee4 f   MSVCRT:utility_desktop.obj
 0001:00011f40       _RTC_Initialize            0000000180012f40 f   MSVCRT:initsect.obj
 0001:00011f7c       _RTC_Terminate             0000000180012f7c f   MSVCRT:initsect.obj
 0001:00011fb8       _guard_check_icall_nop     0000000180012fb8 f i MSVCRT:guard_support.obj
 0001:00011fbc       ReadNoFence64              0000000180012fbc f i MSVCRT:guard_support.obj
 0001:00011fc0       ReadPointerNoFence         0000000180012fc0 f i MSVCRT:guard_support.obj
 0001:00011fc4       _guard_icall_checks_enforced 0000000180012fc4 f i MSVCRT:guard_support.obj
 0001:00011fdc       _guard_rf_checks_enforced  0000000180012fdc f i MSVCRT:guard_support.obj
 0001:00011fe0       __isa_available_init       0000000180012fe0 f   MSVCRT:cpu_disp.obj
 0001:00012184       _get_startup_argv_mode     0000000180013184 f   MSVCRT:argv_mode.obj
 0001:0001218c       __scrt_is_ucrt_dll_in_use  000000018001318c f   MSVCRT:ucrt_detection.obj
 0001:000121a0       __C_specific_handler       00000001800131a0 f   vcruntime:VCRUNTIME140.dll
 0001:000121a6       __std_type_info_destroy_list 00000001800131a6 f   vcruntime:VCRUNTIME140.dll
 0001:000121ac       __current_exception        00000001800131ac f   vcruntime:VCRUNTIME140.dll
 0001:000121b2       __current_exception_context 00000001800131b2 f   vcruntime:VCRUNTIME140.dll
 0001:000121b8       memset                     00000001800131b8 f   vcruntime:VCRUNTIME140.dll
 0001:000121be       _lseeki64                  00000001800131be f   ucrt:api-ms-win-crt-stdio-l1-1-0.dll
 0001:000121c4       _wopen                     00000001800131c4 f   ucrt:api-ms-win-crt-stdio-l1-1-0.dll
 0001:000121ca       _open                      00000001800131ca f   ucrt:api-ms-win-crt-stdio-l1-1-0.dll
 0001:000121d0       wcstombs                   00000001800131d0 f   ucrt:api-ms-win-crt-convert-l1-1-0.dll
 0001:000121d6       __stdio_common_vsprintf    00000001800131d6 f   ucrt:api-ms-win-crt-stdio-l1-1-0.dll
 0001:000121dc       free                       00000001800131dc f   ucrt:api-ms-win-crt-heap-l1-1-0.dll
 0001:000121e2       malloc                     00000001800131e2 f   ucrt:api-ms-win-crt-heap-l1-1-0.dll
 0001:000121e8       _read                      00000001800131e8 f   ucrt:api-ms-win-crt-stdio-l1-1-0.dll
 0001:000121ee       _close                     00000001800131ee f   ucrt:api-ms-win-crt-stdio-l1-1-0.dll
 0001:000121f4       _errno                     00000001800131f4 f   ucrt:api-ms-win-crt-runtime-l1-1-0.dll
 0001:000121fa       strerror                   00000001800131fa f   ucrt:api-ms-win-crt-runtime-l1-1-0.dll
 0001:00012200       _write                     0000000180013200 f   ucrt:api-ms-win-crt-stdio-l1-1-0.dll
 0001:00012206       ftell                      0000000180013206 f   ucrt:api-ms-win-crt-stdio-l1-1-0.dll
 0001:0001220c       ferror                     000000018001320c f   ucrt:api-ms-win-crt-stdio-l1-1-0.dll
 0001:00012212       fopen                      0000000180013212 f   ucrt:api-ms-win-crt-stdio-l1-1-0.dll
 0001:00012218       fclose                     0000000180013218 f   ucrt:api-ms-win-crt-stdio-l1-1-0.dll
 0001:0001221e       fseek                      000000018001321e f   ucrt:api-ms-win-crt-stdio-l1-1-0.dll
 0001:00012224       fwrite                     0000000180013224 f   ucrt:api-ms-win-crt-stdio-l1-1-0.dll
 0001:0001222a       _ftelli64                  000000018001322a f   ucrt:api-ms-win-crt-stdio-l1-1-0.dll
 0001:00012230       fread                      0000000180013230 f   ucrt:api-ms-win-crt-stdio-l1-1-0.dll
 0001:00012236       _fseeki64                  0000000180013236 f   ucrt:api-ms-win-crt-stdio-l1-1-0.dll
 0001:0001223c       srand                      000000018001323c f   ucrt:api-ms-win-crt-utility-l1-1-0.dll
 0001:00012242       rand                       0000000180013242 f   ucrt:api-ms-win-crt-utility-l1-1-0.dll
 0001:00012248       _time64                    0000000180013248 f   ucrt:api-ms-win-crt-time-l1-1-0.dll
 0001:0001224e       _initterm                  000000018001324e f   ucrt:api-ms-win-crt-runtime-l1-1-0.dll
 0001:00012254       _initterm_e                0000000180013254 f   ucrt:api-ms-win-crt-runtime-l1-1-0.dll
 0001:0001225a       _seh_filter_dll            000000018001325a f   ucrt:api-ms-win-crt-runtime-l1-1-0.dll
 0001:00012260       _configure_narrow_argv     0000000180013260 f   ucrt:api-ms-win-crt-runtime-l1-1-0.dll
 0001:00012266       _initialize_narrow_environment 0000000180013266 f   ucrt:api-ms-win-crt-runtime-l1-1-0.dll
 0001:0001226c       _initialize_onexit_table   000000018001326c f   ucrt:api-ms-win-crt-runtime-l1-1-0.dll
 0001:00012272       _register_onexit_function  0000000180013272 f   ucrt:api-ms-win-crt-runtime-l1-1-0.dll
 0001:00012278       _execute_onexit_table      0000000180013278 f   ucrt:api-ms-win-crt-runtime-l1-1-0.dll
 0001:0001227e       _crt_atexit                000000018001327e f   ucrt:api-ms-win-crt-runtime-l1-1-0.dll
 0001:00012284       _crt_at_quick_exit         0000000180013284 f   ucrt:api-ms-win-crt-runtime-l1-1-0.dll
 0001:0001228a       _cexit                     000000018001328a f   ucrt:api-ms-win-crt-runtime-l1-1-0.dll
 0001:00012290       terminate                  0000000180013290 f   ucrt:api-ms-win-crt-runtime-l1-1-0.dll
 0001:00012296       QueryPerformanceCounter    0000000180013296 f   kernel32:KERNEL32.dll
 0001:0001229c       GetCurrentProcessId        000000018001329c f   kernel32:KERNEL32.dll
 0001:000122a2       GetCurrentThreadId         00000001800132a2 f   kernel32:KERNEL32.dll
 0001:000122a8       GetSystemTimeAsFileTime    00000001800132a8 f   kernel32:KERNEL32.dll
 0001:000122ae       DisableThreadLibraryCalls  00000001800132ae f   kernel32:KERNEL32.dll
 0001:000122b4       InitializeSListHead        00000001800132b4 f   kernel32:KERNEL32.dll
 0001:000122ba       RtlCaptureContext          00000001800132ba f   kernel32:KERNEL32.dll
 0001:000122c0       RtlLookupFunctionEntry     00000001800132c0 f   kernel32:KERNEL32.dll
 0001:000122c6       RtlVirtualUnwind           00000001800132c6 f   kernel32:KERNEL32.dll
 0001:000122cc       IsDebuggerPresent          00000001800132cc f   kernel32:KERNEL32.dll
 0001:000122d2       UnhandledExceptionFilter   00000001800132d2 f   kernel32:KERNEL32.dll
 0001:000122d8       SetUnhandledExceptionFilter 00000001800132d8 f   kernel32:KERNEL32.dll
 0001:000122de       GetStartupInfoW            00000001800132de f   kernel32:KERNEL32.dll
 0001:000122e4       IsProcessorFeaturePresent  00000001800132e4 f   kernel32:KERNEL32.dll
 0001:000122ea       GetModuleHandleW           00000001800132ea f   kernel32:KERNEL32.dll
 0001:000122f0       __vcrt_initialize          00000001800132f0 f   MSVCRT:ucrt_stubs.obj
 0001:000122f0       __scrt_stub_for_acrt_initialize 00000001800132f0 f   MSVCRT:ucrt_stubs.obj
 0001:000122f0       __acrt_initialize          00000001800132f0 f   MSVCRT:ucrt_stubs.obj
 0001:000122f4       __scrt_stub_for_acrt_thread_attach 00000001800132f4 f   MSVCRT:ucrt_stubs.obj
 0001:000122f4       __acrt_thread_attach       00000001800132f4 f   MSVCRT:ucrt_stubs.obj
 0001:000122f4       __vcrt_thread_attach       00000001800132f4 f   MSVCRT:ucrt_stubs.obj
 0001:000122f8       __vcrt_thread_detach       00000001800132f8 f   MSVCRT:ucrt_stubs.obj
 0001:000122f8       __acrt_thread_detach       00000001800132f8 f   MSVCRT:ucrt_stubs.obj
 0001:000122f8       __scrt_stub_for_acrt_thread_detach 00000001800132f8 f   MSVCRT:ucrt_stubs.obj
 0001:000122fc       __scrt_stub_for_acrt_uninitialize 00000001800132fc f   MSVCRT:ucrt_stubs.obj
 0001:000122fc       __acrt_uninitialize        00000001800132fc f   MSVCRT:ucrt_stubs.obj
 0001:000122fc       __vcrt_uninitialize        00000001800132fc f   MSVCRT:ucrt_stubs.obj
 0001:00012300       __scrt_stub_for_acrt_uninitialize_critical 0000000180013300 f   MSVCRT:ucrt_stubs.obj
 0001:00012300       __acrt_uninitialize_critical 0000000180013300 f   MSVCRT:ucrt_stubs.obj
 0001:00012300       __vcrt_uninitialize_critical 0000000180013300 f   MSVCRT:ucrt_stubs.obj
 0001:00012304       _is_c_termination_complete 0000000180013304 f   MSVCRT:ucrt_stubs.obj
 0001:00012304       __scrt_stub_for_is_c_termination_complete 0000000180013304 f   MSVCRT:ucrt_stubs.obj
 0001:00012320       __chkstk                   0000000180013320 f   MSVCRT:chkstk.obj
 0001:00012320       _alloca_probe              0000000180013320 f   MSVCRT:chkstk.obj
 0001:00012371       memchr                     0000000180013371 f   vcruntime:VCRUNTIME140.dll
 0001:00012377       memcpy                     0000000180013377 f   vcruntime:VCRUNTIME140.dll
 0001:00012390       _guard_dispatch_icall_nop  0000000180013390 f   MSVCRT:guard_dispatch.obj
 0001:000123b0       _guard_xfg_dispatch_icall_nop 00000001800133b0 f   MSVCRT:guard_xfg_dispatch.obj
 0002:00000000       __imp_ReadFile             0000000180014000     kernel32:KERNEL32.dll
 0002:00000008       __imp_WriteFile            0000000180014008     kernel32:KERNEL32.dll
 0002:00000010       __imp_SetFilePointer       0000000180014010     kernel32:KERNEL32.dll
 0002:00000018       __imp_CreateFileW          0000000180014018     kernel32:KERNEL32.dll
 0002:00000020       __imp_GetLastError         0000000180014020     kernel32:KERNEL32.dll
 0002:00000028       __imp_CreateFileA          0000000180014028     kernel32:KERNEL32.dll
 0002:00000030       __imp_CloseHandle          0000000180014030     kernel32:KERNEL32.dll
 0002:00000038       __imp_GetCurrentProcessId  0000000180014038     kernel32:KERNEL32.dll
 0002:00000040       __imp_GetCurrentThreadId   0000000180014040     kernel32:KERNEL32.dll
 0002:00000048       __imp_GetSystemTimeAsFileTime 0000000180014048     kernel32:KERNEL32.dll
 0002:00000050       __imp_DisableThreadLibraryCalls 0000000180014050     kernel32:KERNEL32.dll
 0002:00000058       __imp_InitializeSListHead  0000000180014058     kernel32:KERNEL32.dll
 0002:00000060       __imp_RtlCaptureContext    0000000180014060     kernel32:KERNEL32.dll
 0002:00000068       __imp_RtlLookupFunctionEntry 0000000180014068     kernel32:KERNEL32.dll
 0002:00000070       __imp_GetModuleHandleW     0000000180014070     kernel32:KERNEL32.dll
 0002:00000078       __imp_IsProcessorFeaturePresent 0000000180014078     kernel32:KERNEL32.dll
 0002:00000080       __imp_GetStartupInfoW      0000000180014080     kernel32:KERNEL32.dll
 0002:00000088       __imp_SetUnhandledExceptionFilter 0000000180014088     kernel32:KERNEL32.dll
 0002:00000090       __imp_UnhandledExceptionFilter 0000000180014090     kernel32:KERNEL32.dll
 0002:00000098       __imp_IsDebuggerPresent    0000000180014098     kernel32:KERNEL32.dll
 0002:000000a0       __imp_RtlVirtualUnwind     00000001800140a0     kernel32:KERNEL32.dll
 0002:000000a8       __imp_QueryPerformanceCounter 00000001800140a8     kernel32:KERNEL32.dll
 0002:000000b0       \177KERNEL32_NULL_THUNK_DATA 00000001800140b0     kernel32:KERNEL32.dll
 0002:000000b8       __imp___current_exception  00000001800140b8     vcruntime:VCRUNTIME140.dll
 0002:000000c0       __imp___std_type_info_destroy_list 00000001800140c0     vcruntime:VCRUNTIME140.dll
 0002:000000c8       __imp___C_specific_handler 00000001800140c8     vcruntime:VCRUNTIME140.dll
 0002:000000d0       __imp___current_exception_context 00000001800140d0     vcruntime:VCRUNTIME140.dll
 0002:000000d8       __imp_memset               00000001800140d8     vcruntime:VCRUNTIME140.dll
 0002:000000e0       __imp_memchr               00000001800140e0     vcruntime:VCRUNTIME140.dll
 0002:000000e8       __imp_memcpy               00000001800140e8     vcruntime:VCRUNTIME140.dll
 0002:000000f0       \177VCRUNTIME140_NULL_THUNK_DATA 00000001800140f0     vcruntime:VCRUNTIME140.dll
 0002:000000f8       __imp_wcstombs             00000001800140f8     ucrt:api-ms-win-crt-convert-l1-1-0.dll
 0002:00000100       \177api-ms-win-crt-convert-l1-1-0_NULL_THUNK_DATA 0000000180014100     ucrt:api-ms-win-crt-convert-l1-1-0.dll
 0002:00000108       __imp_free                 0000000180014108     ucrt:api-ms-win-crt-heap-l1-1-0.dll
 0002:00000110       __imp_malloc               0000000180014110     ucrt:api-ms-win-crt-heap-l1-1-0.dll
 0002:00000118       \177api-ms-win-crt-heap-l1-1-0_NULL_THUNK_DATA 0000000180014118     ucrt:api-ms-win-crt-heap-l1-1-0.dll
 0002:00000120       __imp_strerror             0000000180014120     ucrt:api-ms-win-crt-runtime-l1-1-0.dll
 0002:00000128       __imp__cexit               0000000180014128     ucrt:api-ms-win-crt-runtime-l1-1-0.dll
 0002:00000130       __imp__initterm            0000000180014130     ucrt:api-ms-win-crt-runtime-l1-1-0.dll
 0002:00000138       __imp__initterm_e          0000000180014138     ucrt:api-ms-win-crt-runtime-l1-1-0.dll
 0002:00000140       __imp__seh_filter_dll      0000000180014140     ucrt:api-ms-win-crt-runtime-l1-1-0.dll
 0002:00000148       __imp__configure_narrow_argv 0000000180014148     ucrt:api-ms-win-crt-runtime-l1-1-0.dll
 0002:00000150       __imp__initialize_narrow_environment 0000000180014150     ucrt:api-ms-win-crt-runtime-l1-1-0.dll
 0002:00000158       __imp__initialize_onexit_table 0000000180014158     ucrt:api-ms-win-crt-runtime-l1-1-0.dll
 0002:00000160       __imp__register_onexit_function 0000000180014160     ucrt:api-ms-win-crt-runtime-l1-1-0.dll
 0002:00000168       __imp__execute_onexit_table 0000000180014168     ucrt:api-ms-win-crt-runtime-l1-1-0.dll
 0002:00000170       __imp__crt_atexit          0000000180014170     ucrt:api-ms-win-crt-runtime-l1-1-0.dll
 0002:00000178       __imp__crt_at_quick_exit   0000000180014178     ucrt:api-ms-win-crt-runtime-l1-1-0.dll
 0002:00000180       __imp__errno               0000000180014180     ucrt:api-ms-win-crt-runtime-l1-1-0.dll
 0002:00000188       __imp_terminate            0000000180014188     ucrt:api-ms-win-crt-runtime-l1-1-0.dll
 0002:00000190       \177api-ms-win-crt-runtime-l1-1-0_NULL_THUNK_DATA 0000000180014190     ucrt:api-ms-win-crt-runtime-l1-1-0.dll
 0002:00000198       __imp__lseeki64            0000000180014198     ucrt:api-ms-win-crt-stdio-l1-1-0.dll
 0002:000001a0       __imp_fseek                00000001800141a0     ucrt:api-ms-win-crt-stdio-l1-1-0.dll
 0002:000001a8       __imp__wopen               00000001800141a8     ucrt:api-ms-win-crt-stdio-l1-1-0.dll
 0002:000001b0       __imp__open                00000001800141b0     ucrt:api-ms-win-crt-stdio-l1-1-0.dll
 0002:000001b8       __imp__ftelli64            00000001800141b8     ucrt:api-ms-win-crt-stdio-l1-1-0.dll
 0002:000001c0       __imp_fopen                00000001800141c0     ucrt:api-ms-win-crt-stdio-l1-1-0.dll
 0002:000001c8       __imp_ferror               00000001800141c8     ucrt:api-ms-win-crt-stdio-l1-1-0.dll
 0002:000001d0       __imp_ftell                00000001800141d0     ucrt:api-ms-win-crt-stdio-l1-1-0.dll
 0002:000001d8       __imp__write               00000001800141d8     ucrt:api-ms-win-crt-stdio-l1-1-0.dll
 0002:000001e0       __imp_fclose               00000001800141e0     ucrt:api-ms-win-crt-stdio-l1-1-0.dll
 0002:000001e8       __imp_fread                00000001800141e8     ucrt:api-ms-win-crt-stdio-l1-1-0.dll
 0002:000001f0       __imp__close               00000001800141f0     ucrt:api-ms-win-crt-stdio-l1-1-0.dll
 0002:000001f8       __imp__read                00000001800141f8     ucrt:api-ms-win-crt-stdio-l1-1-0.dll
 0002:00000200       __imp_fwrite               0000000180014200     ucrt:api-ms-win-crt-stdio-l1-1-0.dll
 0002:00000208       __imp__fseeki64            0000000180014208     ucrt:api-ms-win-crt-stdio-l1-1-0.dll
 0002:00000210       __imp___stdio_common_vsprintf 0000000180014210     ucrt:api-ms-win-crt-stdio-l1-1-0.dll
 0002:00000218       \177api-ms-win-crt-stdio-l1-1-0_NULL_THUNK_DATA 0000000180014218     ucrt:api-ms-win-crt-stdio-l1-1-0.dll
 0002:00000220       __imp__time64              0000000180014220     ucrt:api-ms-win-crt-time-l1-1-0.dll
 0002:00000228       \177api-ms-win-crt-time-l1-1-0_NULL_THUNK_DATA 0000000180014228     ucrt:api-ms-win-crt-time-l1-1-0.dll
 0002:00000230       __imp_srand                0000000180014230     ucrt:api-ms-win-crt-utility-l1-1-0.dll
 0002:00000238       __imp_rand                 0000000180014238     ucrt:api-ms-win-crt-utility-l1-1-0.dll
 0002:00000240       \177api-ms-win-crt-utility-l1-1-0_NULL_THUNK_DATA 0000000180014240     ucrt:api-ms-win-crt-utility-l1-1-0.dll
 0002:00000248       __guard_check_icall_fptr   0000000180014248     MSVCRT:guard_support.obj
 0002:00000250       __guard_xfg_check_icall_fptr 0000000180014250     MSVCRT:guard_support.obj
 0002:00000258       __guard_dispatch_icall_fptr 0000000180014258     MSVCRT:guard_support.obj
 0002:00000260       __guard_xfg_dispatch_icall_fptr 0000000180014260     MSVCRT:guard_support.obj
 0002:00000268       __guard_xfg_table_dispatch_icall_fptr 0000000180014268     MSVCRT:guard_support.obj
 0002:00000270       __xc_a                     0000000180014270     MSVCRT:initializers.obj
 0002:00000278       __xc_z                     0000000180014278     MSVCRT:initializers.obj
 0002:00000280       __xi_a                     0000000180014280     MSVCRT:initializers.obj
 0002:00000288       __xi_z                     0000000180014288     MSVCRT:initializers.obj
 0002:00000290       __xp_a                     0000000180014290     MSVCRT:initializers.obj
 0002:00000298       __xp_z                     0000000180014298     MSVCRT:initializers.obj
 0002:000002a0       __xt_a                     00000001800142a0     MSVCRT:initializers.obj
 0002:000002a8       __xt_z                     00000001800142a8     MSVCRT:initializers.obj
 0002:000002b0       _pRawDllMain               00000001800142b0     MSVCRT:dll_dllmain.obj
 0002:000002b0       _pDefaultRawDllMain        00000001800142b0     MSVCRT:dll_dllmain.obj
 0002:000002c0       __xmm@ffffffffffffffffffffffffffffffff 00000001800142c0     MSVCRT:utility.obj
 0002:000002d0       ??_C@_06CJNJFBNP@1?42?411@ 00000001800142d0     compress.obj
 0002:000035f0       _length_code               00000001800175f0     trees.obj
 0002:000036f0       _dist_code                 00000001800176f0     trees.obj
 0002:000040c0       unz_copyright              00000001800180c0     unzip.obj
 0002:00004120       z_errmsg                   0000000180018120     zutil.obj
 0002:00004170       ??_C@_02DKCKIIND@?$CFs@    0000000180018170     gzlib.obj
 0002:00004178       ??_C@_07EBNKNFJN@?$DMfd?3?$CFd?$DO@ 0000000180018178     gzlib.obj
 0002:00004180       ??_C@_0O@BNNCBLEN@out?5of?5memory@ 0000000180018180     gzlib.obj
 0002:0000418e       ??_C@_00CNPNBAHC@@         000000018001818e     gzlib.obj
 0002:00004190       ??_C@_02LMMGGCAJ@?3?5@     0000000180018190     gzlib.obj
 0002:00004194       ??_C@_06DIJPEION@?$CFs?$CFs?$CFs@ 0000000180018194     gzlib.obj
 0002:000041a0       ??_C@_0BH@CFIIDOJD@unexpected?5end?5of?5file@ 00000001800181a0     gzread.obj
 0002:000041b8       ??_C@_0CH@CPOLIEKA@internal?5error?3?5inflate?5stream?5@ 00000001800181b8     gzread.obj
 0002:000041e0       ??_C@_0BG@HCKBMIHF@compressed?5data?5error@ 00000001800181e0     gzread.obj
 0002:000041f8       ??_C@_0BP@HLDABFKK@request?5does?5not?5fit?5in?5an?5int@ 00000001800181f8     gzread.obj
 0002:00004218       ??_C@_0CB@EGGJDMIK@request?5does?5not?5fit?5in?5a?5size_@ 0000000180018218     gzread.obj
 0002:00004240       ??_C@_0BP@IIKIGMCC@out?5of?5room?5to?5push?5characters@ 0000000180018240     gzread.obj
 0002:00004260       ??_C@_0CH@DEEGAHIB@internal?5error?3?5deflate?5stream?5@ 0000000180018260     gzwrite.obj
 0002:00004288       ??_C@_0CF@MLPJFDMM@requested?5length?5does?5not?5fit?5i@ 0000000180018288     gzwrite.obj
 0002:000042b0       ??_C@_0BD@PJCBIDD@invalid?5block?5type@ 00000001800182b0     infback.obj
 0002:000042c8       ??_C@_0BN@LGAADGOK@invalid?5stored?5block?5lengths@ 00000001800182c8     infback.obj
 0002:000042e8       ??_C@_0CE@GMIGFPBB@too?5many?5length?5or?5distance?5sym@ 00000001800182e8     infback.obj
 0002:00004310       ??_C@_0BJ@HDEPPGOH@invalid?5code?5lengths?5set@ 0000000180018310     infback.obj
 0002:00004330       ??_C@_0BK@BMMPFBBH@invalid?5bit?5length?5repeat@ 0000000180018330     infback.obj
 0002:00004350       ??_C@_0CF@DGDMADCD@invalid?5code?5?9?9?5missing?5end?9of?9@ 0000000180018350     infback.obj
 0002:00004378       ??_C@_0BM@IIMGAINC@invalid?5literal?1lengths?5set@ 0000000180018378     infback.obj
 0002:00004398       ??_C@_0BG@GMDFCBGP@invalid?5distances?5set@ 0000000180018398     infback.obj
 0002:000043b0       ??_C@_0BM@FFFLPBBC@invalid?5literal?1length?5code@ 00000001800183b0     infback.obj
 0002:000043d0       ??_C@_0BG@LBKINIKP@invalid?5distance?5code@ 00000001800183d0     infback.obj
 0002:000043e8       ??_C@_0BO@ECPMAOGG@invalid?5distance?5too?5far?5back@ 00000001800183e8     infback.obj
 0002:00004408       ??_C@_0BH@LIBMMIGA@incorrect?5header?5check@ 0000000180018408     inflate.obj
 0002:00004420       ??_C@_0BL@IHKGDAEE@unknown?5compression?5method@ 0000000180018420     inflate.obj
 0002:00004440       ??_C@_0BE@EMOGCLGO@invalid?5window?5size@ 0000000180018440     inflate.obj
 0002:00004458       ??_C@_0BJ@BLBBCOMO@unknown?5header?5flags?5set@ 0000000180018458     inflate.obj
 0002:00004478       ??_C@_0BE@GONKLEPM@header?5crc?5mismatch@ 0000000180018478     inflate.obj
 0002:00004490       ??_C@_0BF@MEIGEHBE@incorrect?5data?5check@ 0000000180018490     inflate.obj
 0002:000044a8       ??_C@_0BH@FGKKJGOC@incorrect?5length?5check@ 00000001800184a8     inflate.obj
 0002:000044c0       ??_C@_02JDPG@rb@           00000001800184c0     ioapi.obj
 0002:000044c4       ??_C@_03HMFOOINA@r?$CLb@   00000001800184c4     ioapi.obj
 0002:000044c8       ??_C@_02GMLFBBN@wb@        00000001800184c8     ioapi.obj
 0002:000044cc       ??_C@_01JOAMLHOP@?9@       00000001800184cc     zip.obj
 0002:000044d0       ??_C@_0BA@MOKMMFOD@need?5dictionary@ 00000001800184d0     zutil.obj
 0002:000044e0       ??_C@_0L@FNAOCBOG@stream?5end@ 00000001800184e0     zutil.obj
 0002:000044f0       ??_C@_0L@KIJFAKBJ@file?5error@ 00000001800184f0     zutil.obj
 0002:00004500       ??_C@_0N@MKKNPMJD@stream?5error@ 0000000180018500     zutil.obj
 0002:00004510       ??_C@_0L@HAHMBNLP@data?5error@ 0000000180018510     zutil.obj
 0002:00004520       ??_C@_0BE@OGGJBMCE@insufficient?5memory@ 0000000180018520     zutil.obj
 0002:00004538       ??_C@_0N@DFPGLBGC@buffer?5error@ 0000000180018538     zutil.obj
 0002:00004548       ??_C@_0BF@CJFPCCEG@incompatible?5version@ 0000000180018548     zutil.obj
 0002:000045d0       _load_config_used          00000001800185d0     MSVCRT:loadcfg.obj
 0002:000049c8       __rtc_iaa                  00000001800189c8     MSVCRT:initsect.obj
 0002:000049d0       __rtc_izz                  00000001800189d0     MSVCRT:initsect.obj
 0002:000049d8       __rtc_taa                  00000001800189d8     MSVCRT:initsect.obj
 0002:000049e0       __rtc_tzz                  00000001800189e0     MSVCRT:initsect.obj
 0002:00006eb0       __IMPORT_DESCRIPTOR_KERNEL32 000000018001aeb0     kernel32:KERNEL32.dll
 0002:00006ec4       __IMPORT_DESCRIPTOR_VCRUNTIME140 000000018001aec4     vcruntime:VCRUNTIME140.dll
 0002:00006ed8       __IMPORT_DESCRIPTOR_api-ms-win-crt-stdio-l1-1-0 000000018001aed8     ucrt:api-ms-win-crt-stdio-l1-1-0.dll
 0002:00006eec       __IMPORT_DESCRIPTOR_api-ms-win-crt-convert-l1-1-0 000000018001aeec     ucrt:api-ms-win-crt-convert-l1-1-0.dll
 0002:00006f00       __IMPORT_DESCRIPTOR_api-ms-win-crt-heap-l1-1-0 000000018001af00     ucrt:api-ms-win-crt-heap-l1-1-0.dll
 0002:00006f14       __IMPORT_DESCRIPTOR_api-ms-win-crt-runtime-l1-1-0 000000018001af14     ucrt:api-ms-win-crt-runtime-l1-1-0.dll
 0002:00006f28       __IMPORT_DESCRIPTOR_api-ms-win-crt-utility-l1-1-0 000000018001af28     ucrt:api-ms-win-crt-utility-l1-1-0.dll
 0002:00006f3c       __IMPORT_DESCRIPTOR_api-ms-win-crt-time-l1-1-0 000000018001af3c     ucrt:api-ms-win-crt-time-l1-1-0.dll
 0002:00006f50       __NULL_IMPORT_DESCRIPTOR   000000018001af50     kernel32:KERNEL32.dll
 0003:00000000       __scrt_native_dllmain_reason 000000018001c000     MSVCRT:utility.obj
 0003:00000008       __security_cookie_complement 000000018001c008     MSVCRT:gs_cookie.obj
 0003:00000010       __security_cookie          000000018001c010     MSVCRT:gs_cookie.obj
 0003:00000018       __isa_available            000000018001c018     MSVCRT:cpu_disp.obj
 0003:0000001c       __isa_enabled              000000018001c01c     MSVCRT:cpu_disp.obj
 0003:00000020       __memcpy_nt_iters          000000018001c020     MSVCRT:cpu_disp.obj
 0003:00000028       __memset_nt_iters          000000018001c028     MSVCRT:cpu_disp.obj
 0003:00000030       __scrt_ucrt_dll_is_in_use  000000018001c030     MSVCRT:ucrt_stubs.obj
 0003:00000050       ?__type_info_root_node@@3U__type_info_node@@A 000000018001c050     MSVCRT:tncleanup.obj
 0003:00000060       ?_OptionsStorage@?1??__local_stdio_printf_options@@9@4_KA 000000018001c060     MSVCRT:default_local_stdio_options.obj
 0003:00000068       ?_OptionsStorage@?1??__local_stdio_scanf_options@@9@4_KA 000000018001c068     MSVCRT:default_local_stdio_options.obj
 0003:00000070       __scrt_current_native_startup_state 000000018001c070     MSVCRT:utility.obj
 0003:00000078       __scrt_native_startup_lock 000000018001c078     MSVCRT:utility.obj
 0003:000000b8       __scrt_debugger_hook_flag  000000018001c0b8     MSVCRT:utility_desktop.obj
 0003:000000bc       __favor                    000000018001c0bc     MSVCRT:cpu_disp.obj
 0003:000000c8       __dyn_tls_init_callback    000000018001c0c8     <common>
 0003:000000d0       ?_OptionsStorage@?1??__local_stdio_printf_options@@9@9 000000018001c0d0     <common>
 0003:000000d8       ?_OptionsStorage@?1??__local_stdio_scanf_options@@9@9 000000018001c0d8     <common>

 entry point at        0001:000116d8

 Static symbols

 0000:fffdf000       .debug$S                   0000000180000000     zlibwapi.exp
 0000:fffdf000       .debug$S                   0000000180000000     ucrt:api-ms-win-crt-convert-l1-1-0.dll
 0000:fffdf000       .debug$S                   0000000180000000     ucrt:api-ms-win-crt-heap-l1-1-0.dll
 0000:fffdf000       .debug$S                   0000000180000000     ucrt:api-ms-win-crt-heap-l1-1-0.dll
 0000:fffdf000       .debug$S                   0000000180000000     ucrt:api-ms-win-crt-runtime-l1-1-0.dll
 0000:fffdf000       .debug$S                   0000000180000000     ucrt:api-ms-win-crt-runtime-l1-1-0.dll
 0000:fffdf000       .debug$S                   0000000180000000     ucrt:api-ms-win-crt-runtime-l1-1-0.dll
 0000:fffdf000       .debug$S                   0000000180000000     ucrt:api-ms-win-crt-runtime-l1-1-0.dll
 0000:fffdf000       .debug$S                   0000000180000000     ucrt:api-ms-win-crt-runtime-l1-1-0.dll
 0000:fffdf000       .debug$S                   0000000180000000     ucrt:api-ms-win-crt-runtime-l1-1-0.dll
 0000:fffdf000       .debug$S                   0000000180000000     ucrt:api-ms-win-crt-runtime-l1-1-0.dll
 0000:fffdf000       .debug$S                   0000000180000000     ucrt:api-ms-win-crt-runtime-l1-1-0.dll
 0000:fffdf000       .debug$S                   0000000180000000     ucrt:api-ms-win-crt-runtime-l1-1-0.dll
 0000:fffdf000       .debug$S                   0000000180000000     ucrt:api-ms-win-crt-runtime-l1-1-0.dll
 0000:fffdf000       .debug$S                   0000000180000000     ucrt:api-ms-win-crt-runtime-l1-1-0.dll
 0000:fffdf000       .debug$S                   0000000180000000     ucrt:api-ms-win-crt-runtime-l1-1-0.dll
 0000:fffdf000       .debug$S                   0000000180000000     ucrt:api-ms-win-crt-runtime-l1-1-0.dll
 0000:fffdf000       .debug$S                   0000000180000000     ucrt:api-ms-win-crt-runtime-l1-1-0.dll
 0000:fffdf000       .debug$S                   0000000180000000     ucrt:api-ms-win-crt-stdio-l1-1-0.dll
 0000:fffdf000       .debug$S                   0000000180000000     ucrt:api-ms-win-crt-stdio-l1-1-0.dll
 0000:fffdf000       .debug$S                   0000000180000000     ucrt:api-ms-win-crt-stdio-l1-1-0.dll
 0000:fffdf000       .debug$S                   0000000180000000     ucrt:api-ms-win-crt-stdio-l1-1-0.dll
 0000:fffdf000       .debug$S                   0000000180000000     ucrt:api-ms-win-crt-stdio-l1-1-0.dll
 0000:fffdf000       .debug$S                   0000000180000000     ucrt:api-ms-win-crt-stdio-l1-1-0.dll
 0000:fffdf000       .debug$S                   0000000180000000     ucrt:api-ms-win-crt-stdio-l1-1-0.dll
 0000:fffdf000       .debug$S                   0000000180000000     ucrt:api-ms-win-crt-stdio-l1-1-0.dll
 0000:fffdf000       .debug$S                   0000000180000000     ucrt:api-ms-win-crt-stdio-l1-1-0.dll
 0000:fffdf000       .debug$S                   0000000180000000     ucrt:api-ms-win-crt-stdio-l1-1-0.dll
 0000:fffdf000       .debug$S                   0000000180000000     ucrt:api-ms-win-crt-stdio-l1-1-0.dll
 0000:fffdf000       .debug$S                   0000000180000000     ucrt:api-ms-win-crt-stdio-l1-1-0.dll
 0000:fffdf000       .debug$S                   0000000180000000     ucrt:api-ms-win-crt-stdio-l1-1-0.dll
 0000:fffdf000       .debug$S                   0000000180000000     ucrt:api-ms-win-crt-stdio-l1-1-0.dll
 0000:fffdf000       .debug$S                   0000000180000000     ucrt:api-ms-win-crt-stdio-l1-1-0.dll
 0000:fffdf000       .debug$S                   0000000180000000     ucrt:api-ms-win-crt-stdio-l1-1-0.dll
 0000:fffdf000       .debug$S                   0000000180000000     ucrt:api-ms-win-crt-time-l1-1-0.dll
 0000:fffdf000       .debug$S                   0000000180000000     ucrt:api-ms-win-crt-utility-l1-1-0.dll
 0000:fffdf000       .debug$S                   0000000180000000     ucrt:api-ms-win-crt-utility-l1-1-0.dll
 0000:fffdf000       .debug$S                   0000000180000000     kernel32:KERNEL32.dll
 0000:fffdf000       .debug$S                   0000000180000000     kernel32:KERNEL32.dll
 0000:fffdf000       .debug$S                   0000000180000000     kernel32:KERNEL32.dll
 0000:fffdf000       .debug$S                   0000000180000000     kernel32:KERNEL32.dll
 0000:fffdf000       .debug$S                   0000000180000000     kernel32:KERNEL32.dll
 0000:fffdf000       .debug$S                   0000000180000000     kernel32:KERNEL32.dll
 0000:fffdf000       .debug$S                   0000000180000000     kernel32:KERNEL32.dll
 0000:fffdf000       .debug$S                   0000000180000000     kernel32:KERNEL32.dll
 0000:fffdf000       .debug$S                   0000000180000000     kernel32:KERNEL32.dll
 0000:fffdf000       .debug$S                   0000000180000000     kernel32:KERNEL32.dll
 0000:fffdf000       .debug$S                   0000000180000000     kernel32:KERNEL32.dll
 0000:fffdf000       .debug$S                   0000000180000000     kernel32:KERNEL32.dll
 0000:fffdf000       .debug$S                   0000000180000000     kernel32:KERNEL32.dll
 0000:fffdf000       .debug$S                   0000000180000000     kernel32:KERNEL32.dll
 0000:fffdf000       .debug$S                   0000000180000000     kernel32:KERNEL32.dll
 0000:fffdf000       .debug$S                   0000000180000000     kernel32:KERNEL32.dll
 0000:fffdf000       .debug$S                   0000000180000000     kernel32:KERNEL32.dll
 0000:fffdf000       .debug$S                   0000000180000000     kernel32:KERNEL32.dll
 0000:fffdf000       .debug$S                   0000000180000000     kernel32:KERNEL32.dll
 0000:fffdf000       .debug$S                   0000000180000000     kernel32:KERNEL32.dll
 0000:fffdf000       .debug$S                   0000000180000000     kernel32:KERNEL32.dll
 0000:fffdf000       .debug$S                   0000000180000000     kernel32:KERNEL32.dll
 0002:fffec000       __guard_fids_?dllmain_dispatch@@YAHQEAUHINSTANCE__@@KQEAX@Z 0000000180000000     MSVCRT:dll_dllmain.obj
 0002:fffec000       __guard_fids__             0000000180000000     MSVCRT:guard_support.obj
 0002:fffec000       __guard_fids__             0000000180000000     MSVCRT:guard_support.obj
 0002:fffec000       __guard_fids__guard_icall_checks_enforced 0000000180000000     MSVCRT:guard_support.obj
 0002:fffec000       __guard_fids___scrt_set_unhandled_exception_filter 0000000180000000     MSVCRT:utility_desktop.obj
 0000:fffdf000       .debug$S                   0000000180000000     vcruntime:VCRUNTIME140.dll
 0000:fffdf000       .debug$S                   0000000180000000     vcruntime:VCRUNTIME140.dll
 0000:fffdf000       .debug$S                   0000000180000000     vcruntime:VCRUNTIME140.dll
 0000:fffdf000       .debug$S                   0000000180000000     vcruntime:VCRUNTIME140.dll
 0000:fffdf000       .debug$S                   0000000180000000     vcruntime:VCRUNTIME140.dll
 0000:fffdf000       .debug$S                   0000000180000000     vcruntime:VCRUNTIME140.dll
 0000:fffdf000       .debug$S                   0000000180000000     vcruntime:VCRUNTIME140.dll
 0001:000002f0       adler32_combine_           00000001800012f0 f   adler32.obj
 0001:00000550       crc32_little               0000000180001550 f   crc32.obj
 0001:00000860       crc32_big                  0000000180001860 f   crc32.obj
 0001:00000be0       gf2_matrix_times           0000000180001be0 f   crc32.obj
 0001:00000c00       gf2_matrix_square          0000000180001c00 f   crc32.obj
 0001:00000c40       crc32_combine_             0000000180001c40 f   crc32.obj
 0001:00000d30       slide_hash                 0000000180001d30 f   deflate.obj
 0001:00001080       deflateStateCheck          0000000180002080 f   deflate.obj
 0001:00001860       putShortMSB                0000000180002860 f   deflate.obj
 0001:00001890       flush_pending              0000000180002890 f   deflate.obj
 0001:000024e0       read_buf                   00000001800034e0 f   deflate.obj
 0001:00002580       lm_init                    0000000180003580 f   deflate.obj
 0001:00002640       fill_window                0000000180003640 f   deflate.obj
 0001:00002860       deflate_stored             0000000180003860 f   deflate.obj
 0001:00002c80       deflate_fast               0000000180003c80 f   deflate.obj
 0001:000030a0       deflate_slow               00000001800040a0 f   deflate.obj
 0001:000035c0       deflate_rle                00000001800045c0 f   deflate.obj
 0001:000038e0       deflate_huff               00000001800048e0 f   deflate.obj
 0001:00003bb0       gz_reset                   0000000180004bb0 f   gzlib.obj
 0001:00003c00       gz_open                    0000000180004c00 f   gzlib.obj
 0001:00003eb4       $LN54                      0000000180004eb4     gzlib.obj
 0001:00003ee0       $LN53                      0000000180004ee0     gzlib.obj
 0001:000044a0       gz_load                    00000001800054a0 f   gzread.obj
 0001:00004550       gz_avail                   0000000180005550 f   gzread.obj
 0001:000045e0       gz_look                    00000001800055e0 f   gzread.obj
 0001:000047c0       gz_decomp                  00000001800057c0 f   gzread.obj
 0001:000048d0       gz_fetch                   00000001800058d0 f   gzread.obj
 0001:00004980       gz_skip                    0000000180005980 f   gzread.obj
 0001:00004a00       gz_read                    0000000180005a00 f   gzread.obj
 0001:00005030       gz_init                    0000000180006030 f   gzwrite.obj
 0001:00005160       gz_comp                    0000000180006160 f   gzwrite.obj
 0001:00005320       gz_zero                    0000000180006320 f   gzwrite.obj
 0001:000053d0       gz_write                   00000001800063d0 f   gzwrite.obj
 0001:00005c00       fixedtables                0000000180006c00 f   infback.obj
 0001:00006ac0       $LN511                     0000000180007ac0     infback.obj
 0001:00007000       inflateStateCheck          0000000180008000 f   inflate.obj
 0001:00007310       fixedtables                0000000180008310 f   inflate.obj
 0001:00007340       updatewindow               0000000180008340 f   inflate.obj
 0001:00008b4c       $LN844                     0000000180009b4c     inflate.obj
 0001:00008da0       syncsearch                 0000000180009da0 f   inflate.obj
 0001:00009840       fopen_file_func            000000018000a840 f   ioapi.obj
 0001:00009890       fopen64_file_func          000000018000a890 f   ioapi.obj
 0001:000098e0       fread_file_func            000000018000a8e0 f   ioapi.obj
 0001:00009900       fwrite_file_func           000000018000a900 f   ioapi.obj
 0001:00009920       ftell_file_func            000000018000a920 f   ioapi.obj
 0001:00009930       ftell64_file_func          000000018000a930 f   ioapi.obj
 0001:00009940       fseek_file_func            000000018000a940 f   ioapi.obj
 0001:000099a0       fseek64_file_func          000000018000a9a0 f   ioapi.obj
 0001:00009a00       fclose_file_func           000000018000aa00 f   ioapi.obj
 0001:00009a10       ferror_file_func           000000018000aa10 f   ioapi.obj
 0001:00009a80       win32_translate_open_mode  000000018000aa80 f   iowin32.obj
 0001:00009ae0       win32_build_iowin          000000018000aae0 f   iowin32.obj
 0001:00009e30       MySetFilePointerEx         000000018000ae30 f   iowin32.obj
 0001:0000a230       tr_static_init             000000018000b230 f   trees.obj
 0001:0000a2b0       init_block                 000000018000b2b0 f   trees.obj
 0001:0000a480       pqdownheap                 000000018000b480 f   trees.obj
 0001:0000a570       gen_bitlen                 000000018000b570 f   trees.obj
 0001:0000a780       gen_codes                  000000018000b780 f   trees.obj
 0001:0000a810       build_tree                 000000018000b810 f   trees.obj
 0001:0000aa70       scan_tree                  000000018000ba70 f   trees.obj
 0001:0000ab80       send_tree                  000000018000bb80 f   trees.obj
 0001:0000b0d0       build_bl_tree              000000018000c0d0 f   trees.obj
 0001:0000b1a0       send_all_trees             000000018000c1a0 f   trees.obj
 0001:0000b880       compress_block             000000018000c880 f   trees.obj
 0001:0000bcf0       detect_data_type           000000018000ccf0 f   trees.obj
 0001:0000bd70       bi_reverse                 000000018000cd70 f   trees.obj
 0001:0000bd90       bi_flush                   000000018000cd90 f   trees.obj
 0001:0000be10       bi_windup                  000000018000ce10 f   trees.obj
 0001:0000bff0       unz64local_getByte         000000018000cff0 f   unzip.obj
 0001:0000c060       unz64local_getShort        000000018000d060 f   unzip.obj
 0001:0000c0e0       unz64local_getLong         000000018000d0e0 f   unzip.obj
 0001:0000c1b0       unz64local_getLong64       000000018000d1b0 f   unzip.obj
 0001:0000c330       strcmpcasenosensitive_internal 000000018000d330 f   unzip.obj
 0001:0000c3e0       unz64local_SearchCentralDir 000000018000d3e0 f   unzip.obj
 0001:0000c550       unz64local_SearchCentralDir64 000000018000d550 f   unzip.obj
 0001:0000c770       unzOpenInternal            000000018000d770 f   unzip.obj
 0001:0000cd30       unz64local_DosDateToTmuDate 000000018000dd30 f   unzip.obj
 0001:0000cd90       unz64local_GetCurrentFileInfoInternal 000000018000dd90 f   unzip.obj
 0001:0000d8c0       unz64local_CheckCurrentFileCoherencyHeader 000000018000e8c0 f   unzip.obj
 0001:0000e3a0       time                       000000018000f3a0 f   zip.obj
 0001:0000e3b0       decrypt_byte               000000018000f3b0 f   zip.obj
 0001:0000e3d0       update_keys                000000018000f3d0 f   zip.obj
 0001:0000e420       init_keys                  000000018000f420 f   zip.obj
 0001:0000e490       crypthead                  000000018000f490 f   zip.obj
 0001:0000e5e0       allocate_new_datablock     000000018000f5e0 f   zip.obj
 0001:0000e610       free_datablock             000000018000f610 f   zip.obj
 0001:0000e640       init_linkedlist            000000018000f640 f   zip.obj
 0001:0000e650       free_linkedlist            000000018000f650 f   zip.obj
 0001:0000e670       add_data_in_datablock      000000018000f670 f   zip.obj
 0001:0000e750       zip64local_putValue        000000018000f750 f   zip.obj
 0001:0000e7d0       zip64local_putValue_inmemory 000000018000f7d0 f   zip.obj
 0001:0000e810       zip64local_TmzDateToDosDate 000000018000f810 f   zip.obj
 0001:0000e860       zip64local_getByte         000000018000f860 f   zip.obj
 0001:0000e8d0       zip64local_getShort        000000018000f8d0 f   zip.obj
 0001:0000e950       zip64local_getLong         000000018000f950 f   zip.obj
 0001:0000ea20       zip64local_getLong64       000000018000fa20 f   zip.obj
 0001:0000eba0       zip64local_SearchCentralDir 000000018000fba0 f   zip.obj
 0001:0000ed10       zip64local_SearchCentralDir64 000000018000fd10 f   zip.obj
 0001:00010140       zip64FlushWriteBuffer      0000000180011140 f   zip.obj
 0001:00010d70       $$000000                   0000000180011d70     gvmat64.obj
 0001:00011050       $$000000                   0000000180012050     inffasx64.obj
 0001:00011394       ?dllmain_crt_dispatch@@YAHQEAUHINSTANCE__@@KQEAX@Z 0000000180012394 f   MSVCRT:dll_dllmain.obj
 0001:000113e4       ?dllmain_crt_process_attach@@YAHQEAUHINSTANCE__@@QEAX@Z 00000001800123e4 f   MSVCRT:dll_dllmain.obj
 0001:000114fc       ?dllmain_crt_process_detach@@YAH_N@Z 00000001800124fc f   MSVCRT:dll_dllmain.obj
 0001:00011580       ?dllmain_dispatch@@YAHQEAUHINSTANCE__@@KQEAX@Z 0000000180012580 f   MSVCRT:dll_dllmain.obj
 0001:000116b4       ?dllmain_raw@@YAHQEAUHINSTANCE__@@KQEAX@Z 00000001800126b4 f   MSVCRT:dll_dllmain.obj
 0001:00011718       __get_entropy              0000000180012718 f   MSVCRT:gs_support.obj
 0001:000118a8       ?find_pe_section@@YAPEAU_IMAGE_SECTION_HEADER@@QEAE_K@Z 00000001800128a8 f   MSVCRT:utility.obj
 0001:000118fc       ?is_potentially_valid_image_base@@YA_NQEAX@Z 00000001800128fc f   MSVCRT:utility.obj
 0001:00012310       $$000000                   0000000180013310     MSVCRT:chkstk.obj
 0001:00012380       $$000000                   0000000180013380     MSVCRT:guard_dispatch.obj
 0001:000123a0       $$000000                   00000001800133a0     MSVCRT:guard_xfg_dispatch.obj
 0001:000123b6       ?fin$0@?0??dllmain_crt_process_attach@@YAHQEAUHINSTANCE__@@QEAX@Z@4HA 00000001800133b6 f   MSVCRT:dll_dllmain.obj
 0001:000123cd       ?fin$0@?0??dllmain_crt_process_detach@@YAH_N@Z@4HA 00000001800133cd f   MSVCRT:dll_dllmain.obj
 0001:000123e6       ?fin$1@?0??dllmain_crt_process_detach@@YAH_N@Z@4HA 00000001800133e6 f   MSVCRT:dll_dllmain.obj
 0001:000123fa       ?filt$0@?0??dllmain_dispatch@@YAHQEAUHINSTANCE__@@KQEAX@Z@4HA 00000001800133fa f   MSVCRT:dll_dllmain.obj
 0001:00012430       __scrt_is_nonwritable_in_current_image$filt$0 0000000180013430 f   MSVCRT:utility.obj
 0002:000002e0       crc_table                  00000001800142e0     crc32.obj
 0002:000022e0       ?my_version@?1??deflateInit2_@@9@9 00000001800162e0     deflate.obj
 0002:000022f0       configuration_table        00000001800162f0     deflate.obj
 0002:00002390       ?lenfix@?1??fixedtables@@9@9 0000000180016390     infback.obj
 0002:00002b90       ?distfix@?1??fixedtables@@9@9 0000000180016b90     infback.obj
 0002:00002c10       ?order@?1??inflateBack@@9@9 0000000180016c10     infback.obj
 0002:00002c40       ?lenfix@?1??fixedtables@@9@9 0000000180016c40     inflate.obj
 0002:00003440       ?distfix@?1??fixedtables@@9@9 0000000180017440     inflate.obj
 0002:000034c0       ?order@?1??inflate@@9@9    00000001800174c0     inflate.obj
 0002:000034f0       ?dext@?1??inflate_table@@9@9 00000001800174f0     inftrees.obj
 0002:00003530       ?lext@?1??inflate_table@@9@9 0000000180017530     inftrees.obj
 0002:00003570       ?lbase@?1??inflate_table@@9@9 0000000180017570     inftrees.obj
 0002:000035b0       ?dbase@?1??inflate_table@@9@9 00000001800175b0     inftrees.obj
 0002:000038f0       static_dtree               00000001800178f0     trees.obj
 0002:00003970       extra_blbits               0000000180017970     trees.obj
 0002:000039c0       extra_lbits                00000001800179c0     trees.obj
 0002:00003a40       base_dist                  0000000180017a40     trees.obj
 0002:00003ac0       base_length                0000000180017ac0     trees.obj
 0002:00003b38       static_l_desc              0000000180017b38     trees.obj
 0002:00003b58       static_bl_desc             0000000180017b58     trees.obj
 0002:00003b80       extra_dbits                0000000180017b80     trees.obj
 0002:00003c00       static_ltree               0000000180017c00     trees.obj
 0002:00004080       static_d_desc              0000000180018080     trees.obj
 0002:000040a0       bl_order                   00000001800180a0     trees.obj
 0002:000049e8       $unwind$adler32_combine_   00000001800189e8     adler32.obj
 0002:000049f0       $unwind$compress2          00000001800189f0     compress.obj
 0002:00004a08       $unwind$compress           0000000180018a08     compress.obj
 0002:00004a10       $unwind$crc32_little       0000000180018a10     crc32.obj
 0002:00004a18       $chain$0$crc32_little      0000000180018a18     crc32.obj
 0002:00004a2c       $chain$1$crc32_little      0000000180018a2c     crc32.obj
 0002:00004a3c       $unwind$crc32_big          0000000180018a3c     crc32.obj
 0002:00004a44       $chain$0$crc32_big         0000000180018a44     crc32.obj
 0002:00004a58       $chain$1$crc32_big         0000000180018a58     crc32.obj
 0002:00004a68       $unwind$gf2_matrix_square  0000000180018a68     crc32.obj
 0002:00004a70       $unwind$crc32_combine_     0000000180018a70     crc32.obj
 0002:00004a84       $unwind$slide_hash         0000000180018a84     deflate.obj
 0002:00004a8c       $unwind$deflateInit_       0000000180018a8c     deflate.obj
 0002:00004a94       $unwind$deflateInit2_      0000000180018a94     deflate.obj
 0002:00004aa4       $chain$1$deflateInit2_     0000000180018aa4     deflate.obj
 0002:00004abc       $chain$2$deflateInit2_     0000000180018abc     deflate.obj
 0002:00004ad0       $chain$3$deflateInit2_     0000000180018ad0     deflate.obj
 0002:00004ae0       $chain$5$deflateInit2_     0000000180018ae0     deflate.obj
 0002:00004afc       $chain$6$deflateInit2_     0000000180018afc     deflate.obj
 0002:00004b14       $chain$7$deflateInit2_     0000000180018b14     deflate.obj
 0002:00004b24       $unwind$deflateSetDictionary 0000000180018b24     deflate.obj
 0002:00004b34       $chain$2$deflateSetDictionary 0000000180018b34     deflate.obj
 0002:00004b50       $chain$3$deflateSetDictionary 0000000180018b50     deflate.obj
 0002:00004b60       $unwind$deflateGetDictionary 0000000180018b60     deflate.obj
 0002:00004b6c       $unwind$deflateResetKeep   0000000180018b6c     deflate.obj
 0002:00004b7c       $unwind$deflateReset       0000000180018b7c     deflate.obj
 0002:00004b88       $unwind$deflateSetHeader   0000000180018b88     deflate.obj
 0002:00004b90       $unwind$deflatePending     0000000180018b90     deflate.obj
 0002:00004b98       $unwind$deflatePrime       0000000180018b98     deflate.obj
 0002:00004ba4       $unwind$deflateParams      0000000180018ba4     deflate.obj
 0002:00004bbc       $unwind$deflateTune        0000000180018bbc     deflate.obj
 0002:00004bc4       $unwind$deflateBound       0000000180018bc4     deflate.obj
 0002:00004bcc       $unwind$flush_pending      0000000180018bcc     deflate.obj
 0002:00004bdc       $unwind$deflate            0000000180018bdc     deflate.obj
 0002:00004be8       $chain$4$deflate           0000000180018be8     deflate.obj
 0002:00004c0c       $chain$6$deflate           0000000180018c0c     deflate.obj
 0002:00004c30       $chain$7$deflate           0000000180018c30     deflate.obj
 0002:00004c44       $chain$8$deflate           0000000180018c44     deflate.obj
 0002:00004c54       $unwind$deflateEnd         0000000180018c54     deflate.obj
 0002:00004c60       $unwind$deflateCopy        0000000180018c60     deflate.obj
 0002:00004c68       $chain$1$deflateCopy       0000000180018c68     deflate.obj
 0002:00004c80       $chain$4$deflateCopy       0000000180018c80     deflate.obj
 0002:00004c9c       $chain$6$deflateCopy       0000000180018c9c     deflate.obj
 0002:00004cb8       $chain$7$deflateCopy       0000000180018cb8     deflate.obj
 0002:00004cc8       $unwind$read_buf           0000000180018cc8     deflate.obj
 0002:00004cdc       $unwind$lm_init            0000000180018cdc     deflate.obj
 0002:00004ce8       $unwind$fill_window        0000000180018ce8     deflate.obj
 0002:00004cf8       $unwind$deflate_stored     0000000180018cf8     deflate.obj
 0002:00004d08       $chain$0$deflate_stored    0000000180018d08     deflate.obj
 0002:00004d1c       $chain$3$deflate_stored    0000000180018d1c     deflate.obj
 0002:00004d38       $chain$4$deflate_stored    0000000180018d38     deflate.obj
 0002:00004d4c       $chain$5$deflate_stored    0000000180018d4c     deflate.obj
 0002:00004d60       $unwind$deflate_fast       0000000180018d60     deflate.obj
 0002:00004d7c       $unwind$deflate_slow       0000000180018d7c     deflate.obj
 0002:00004d98       $unwind$deflate_rle        0000000180018d98     deflate.obj
 0002:00004db0       $unwind$deflate_huff       0000000180018db0     deflate.obj
 0002:00004dc0       $unwind$vsnprintf          0000000180018dc0     gzlib.obj
 0002:00004dd4       $unwind$snprintf           0000000180018dd4     gzlib.obj
 0002:00004de4       $unwind$gz_reset           0000000180018de4     gzlib.obj
 0002:00004df0       $unwind$gz_open            0000000180018df0     gzlib.obj
 0002:00004e04       $chain$1$gz_open           0000000180018e04     gzlib.obj
 0002:00004e1c       $chain$3$gz_open           0000000180018e1c     gzlib.obj
 0002:00004e34       $chain$4$gz_open           0000000180018e34     gzlib.obj
 0002:00004e44       $unwind$gzdopen            0000000180018e44     gzlib.obj
 0002:00004e54       $unwind$gzrewind           0000000180018e54     gzlib.obj
 0002:00004e5c       $unwind$gzseek64           0000000180018e5c     gzlib.obj
 0002:00004e6c       $unwind$gzseek             0000000180018e6c     gzlib.obj
 0002:00004e74       $unwind$gztell             0000000180018e74     gzlib.obj
 0002:00004e7c       $unwind$gzoffset64         0000000180018e7c     gzlib.obj
 0002:00004e84       $unwind$gzoffset           0000000180018e84     gzlib.obj
 0002:00004e8c       $unwind$gz_error           0000000180018e8c     gzlib.obj
 0002:00004e9c       $unwind$gz_load            0000000180018e9c     gzread.obj
 0002:00004eb4       $unwind$gz_avail           0000000180018eb4     gzread.obj
 0002:00004ebc       $unwind$gz_look            0000000180018ebc     gzread.obj
 0002:00004ecc       $unwind$gz_decomp          0000000180018ecc     gzread.obj
 0002:00004ee0       $unwind$gz_fetch           0000000180018ee0     gzread.obj
 0002:00004ee8       $unwind$gz_skip            0000000180018ee8     gzread.obj
 0002:00004ef4       $unwind$gz_read            0000000180018ef4     gzread.obj
 0002:00004f10       $unwind$gzread             0000000180018f10     gzread.obj
 0002:00004f18       $unwind$gzfread            0000000180018f18     gzread.obj
 0002:00004f20       $unwind$gzgetc             0000000180018f20     gzread.obj
 0002:00004f28       $unwind$gzungetc           0000000180018f28     gzread.obj
 0002:00004f34       $unwind$gzgets             0000000180018f34     gzread.obj
 0002:00004f50       $unwind$gzdirect           0000000180018f50     gzread.obj
 0002:00004f58       $unwind$gzclose_r          0000000180018f58     gzread.obj
 0002:00004f60       $chain$1$gzclose_r         0000000180018f60     gzread.obj
 0002:00004f78       $chain$2$gzclose_r         0000000180018f78     gzread.obj
 0002:00004f88       $unwind$gz_init            0000000180018f88     gzwrite.obj
 0002:00004f94       $chain$0$gz_init           0000000180018f94     gzwrite.obj
 0002:00004fa8       $chain$2$gz_init           0000000180018fa8     gzwrite.obj
 0002:00004fbc       $unwind$gz_comp            0000000180018fbc     gzwrite.obj
 0002:00004fd4       $unwind$gz_zero            0000000180018fd4     gzwrite.obj
 0002:00004fe8       $unwind$gz_write           0000000180018fe8     gzwrite.obj
 0002:00005000       $unwind$gzwrite            0000000180019000     gzwrite.obj
 0002:00005008       $unwind$gzfwrite           0000000180019008     gzwrite.obj
 0002:00005010       $unwind$gzputc             0000000180019010     gzwrite.obj
 0002:0000501c       $unwind$gzputs             000000018001901c     gzwrite.obj
 0002:00005024       $chain$0$gzputs            0000000180019024     gzwrite.obj
 0002:00005038       $chain$1$gzputs            0000000180019038     gzwrite.obj
 0002:00005048       $unwind$gzvprintf          0000000180019048     gzwrite.obj
 0002:00005058       $chain$1$gzvprintf         0000000180019058     gzwrite.obj
 0002:00005070       $chain$3$gzvprintf         0000000180019070     gzwrite.obj
 0002:00005088       $chain$4$gzvprintf         0000000180019088     gzwrite.obj
 0002:00005098       $unwind$gzprintf           0000000180019098     gzwrite.obj
 0002:000050a0       $unwind$gzflush            00000001800190a0     gzwrite.obj
 0002:000050ac       $unwind$gzsetparams        00000001800190ac     gzwrite.obj
 0002:000050c0       $unwind$gzclose_w          00000001800190c0     gzwrite.obj
 0002:000050cc       $unwind$inflateBackInit_   00000001800190cc     infback.obj
 0002:000050dc       $chain$1$inflateBackInit_  00000001800190dc     infback.obj
 0002:000050f4       $chain$3$inflateBackInit_  00000001800190f4     infback.obj
 0002:0000510c       $chain$4$inflateBackInit_  000000018001910c     infback.obj
 0002:0000511c       $unwind$inflateBack        000000018001911c     infback.obj
 0002:0000512c       $chain$3$inflateBack       000000018001912c     infback.obj
 0002:0000514c       $chain$4$inflateBack       000000018001914c     infback.obj
 0002:0000515c       $unwind$inflateBackEnd     000000018001915c     infback.obj
 0002:00005164       $unwind$compress4          0000000180019164     zlibaddons.obj
 0002:00005180       $unwind$compress3          0000000180019180     zlibaddons.obj
 0002:00005188       $unwind$uncompress4        0000000180019188     zlibaddons.obj
 0002:000051a4       $chain$0$uncompress4       00000001800191a4     zlibaddons.obj
 0002:000051b8       $chain$1$uncompress4       00000001800191b8     zlibaddons.obj
 0002:000051c8       $unwind$uncompress3        00000001800191c8     zlibaddons.obj
 0002:000051d0       $unwind$inflate_fast       00000001800191d0     inffas8664.obj
 0002:000051e8       $unwind$inflateResetKeep   00000001800191e8     inflate.obj
 0002:000051f0       $unwind$inflateReset       00000001800191f0     inflate.obj
 0002:000051f8       $unwind$inflateReset2      00000001800191f8     inflate.obj
 0002:0000520c       $unwind$inflateInit2_      000000018001920c     inflate.obj
 0002:00005218       $chain$1$inflateInit2_     0000000180019218     inflate.obj
 0002:00005230       $chain$3$inflateInit2_     0000000180019230     inflate.obj
 0002:00005248       $chain$4$inflateInit2_     0000000180019248     inflate.obj
 0002:00005258       $unwind$inflatePrime       0000000180019258     inflate.obj
 0002:00005260       $unwind$updatewindow       0000000180019260     inflate.obj
 0002:00005278       $unwind$inflate            0000000180019278     inflate.obj
 0002:00005290       $unwind$inflateEnd         0000000180019290     inflate.obj
 0002:00005298       $unwind$inflateGetDictionary 0000000180019298     inflate.obj
 0002:000052a8       $unwind$inflateSetDictionary 00000001800192a8     inflate.obj
 0002:000052bc       $unwind$inflateGetHeader   00000001800192bc     inflate.obj
 0002:000052c4       $unwind$syncsearch         00000001800192c4     inflate.obj
 0002:000052cc       $unwind$inflateSync        00000001800192cc     inflate.obj
 0002:000052d4       $chain$0$inflateSync       00000001800192d4     inflate.obj
 0002:000052e8       $chain$4$inflateSync       00000001800192e8     inflate.obj
 0002:00005304       $unwind$inflateSyncPoint   0000000180019304     inflate.obj
 0002:0000530c       $unwind$inflateCopy        000000018001930c     inflate.obj
 0002:00005318       $chain$2$inflateCopy       0000000180019318     inflate.obj
 0002:00005334       $chain$3$inflateCopy       0000000180019334     inflate.obj
 0002:00005348       $chain$4$inflateCopy       0000000180019348     inflate.obj
 0002:00005358       $chain$6$inflateCopy       0000000180019358     inflate.obj
 0002:00005378       $chain$7$inflateCopy       0000000180019378     inflate.obj
 0002:00005388       $unwind$inflateUndermine   0000000180019388     inflate.obj
 0002:00005390       $unwind$inflateValidate    0000000180019390     inflate.obj
 0002:00005398       $unwind$inflateMark        0000000180019398     inflate.obj
 0002:000053a0       $unwind$inflateCodesUsed   00000001800193a0     inflate.obj
 0002:000053a8       $unwind$inflate_table      00000001800193a8     inftrees.obj
 0002:000053bc       $chain$0$inflate_table     00000001800193bc     inftrees.obj
 0002:000053d0       $chain$1$inflate_table     00000001800193d0     inftrees.obj
 0002:000053e0       $unwind$call_ztell64       00000001800193e0     ioapi.obj
 0002:000053e8       $unwind$fseek_file_func    00000001800193e8     ioapi.obj
 0002:000053f0       $unwind$fseek64_file_func  00000001800193f0     ioapi.obj
 0002:000053f8       $unwind$win32_build_iowin  00000001800193f8     iowin32.obj
 0002:00005400       $chain$0$win32_build_iowin 0000000180019400     iowin32.obj
 0002:00005414       $chain$2$win32_build_iowin 0000000180019414     iowin32.obj
 0002:00005428       $chain$3$win32_build_iowin 0000000180019428     iowin32.obj
 0002:00005438       $unwind$win32_open64_file_func 0000000180019438     iowin32.obj
 0002:00005440       $unwind$win32_open64_file_funcA 0000000180019440     iowin32.obj
 0002:00005448       $unwind$win32_open64_file_funcW 0000000180019448     iowin32.obj
 0002:00005450       $unwind$win32_open_file_func 0000000180019450     iowin32.obj
[...]
 0004:00000594       $pdata$gz_decomp           000000018001d594     gzread.obj
 0004:000005a0       $pdata$gz_look             000000018001d5a0     gzread.obj
 0004:000005ac       $pdata$gz_avail            000000018001d5ac     gzread.obj
 0004:000005b8       $pdata$gz_load             000000018001d5b8     gzread.obj
 0004:000005c4       $pdata$gzclose_r           000000018001d5c4     gzread.obj
 0004:000005d0       $pdata$1$gzclose_r         000000018001d5d0     gzread.obj
 0004:000005dc       $pdata$2$gzclose_r         000000018001d5dc     gzread.obj
 0004:000005e8       $pdata$gzsetparams         000000018001d5e8     gzwrite.obj
 0004:000005f4       $pdata$gzflush             000000018001d5f4     gzwrite.obj
 0004:00000600       $pdata$gzprintf            000000018001d600     gzwrite.obj
 0004:0000060c       $pdata$gzvprintf           000000018001d60c     gzwrite.obj
 0004:00000618       $pdata$1$gzvprintf         000000018001d618     gzwrite.obj
 0004:00000624       $pdata$3$gzvprintf         000000018001d624     gzwrite.obj
 0004:00000630       $pdata$4$gzvprintf         000000018001d630     gzwrite.obj
 0004:0000063c       $pdata$gzputs              000000018001d63c     gzwrite.obj
 0004:00000648       $pdata$0$gzputs            000000018001d648     gzwrite.obj
 0004:00000654       $pdata$1$gzputs            000000018001d654     gzwrite.obj
 0004:00000660       $pdata$gzputc              000000018001d660     gzwrite.obj
 0004:0000066c       $pdata$gzfwrite            000000018001d66c     gzwrite.obj
 0004:00000678       $pdata$gzwrite             000000018001d678     gzwrite.obj
 0004:00000684       $pdata$gz_write            000000018001d684     gzwrite.obj
 0004:00000690       $pdata$gz_zero             000000018001d690     gzwrite.obj
 0004:0000069c       $pdata$gz_comp             000000018001d69c     gzwrite.obj
 0004:000006a8       $pdata$gz_init             000000018001d6a8     gzwrite.obj
 0004:000006b4       $pdata$0$gz_init           000000018001d6b4     gzwrite.obj
 0004:000006c0       $pdata$2$gz_init           000000018001d6c0     gzwrite.obj
 0004:000006cc       $pdata$gzclose_w           000000018001d6cc     gzwrite.obj
 0004:000006d8       $pdata$inflateBackEnd      000000018001d6d8     infback.obj
 0004:000006e4       $pdata$inflateBack         000000018001d6e4     infback.obj
 0004:000006f0       $pdata$3$inflateBack       000000018001d6f0     infback.obj
 0004:000006fc       $pdata$4$inflateBack       000000018001d6fc     infback.obj
 0004:00000708       $pdata$inflateBackInit_    000000018001d708     infback.obj
 0004:00000714       $pdata$1$inflateBackInit_  000000018001d714     infback.obj
 0004:00000720       $pdata$3$inflateBackInit_  000000018001d720     infback.obj
 0004:0000072c       $pdata$4$inflateBackInit_  000000018001d72c     infback.obj
 0004:00000738       $pdata$uncompress3         000000018001d738     zlibaddons.obj
 0004:00000744       $pdata$uncompress4         000000018001d744     zlibaddons.obj
 0004:00000750       $pdata$0$uncompress4       000000018001d750     zlibaddons.obj
 0004:0000075c       $pdata$1$uncompress4       000000018001d75c     zlibaddons.obj
 0004:00000768       $pdata$compress3           000000018001d768     zlibaddons.obj
 0004:00000774       $pdata$compress4           000000018001d774     zlibaddons.obj
 0004:00000780       $pdata$inflate_fast        000000018001d780     inffas8664.obj
 0004:0000078c       $pdata$inflateCodesUsed    000000018001d78c     inflate.obj
 0004:00000798       $pdata$inflateMark         000000018001d798     inflate.obj
 0004:000007a4       $pdata$inflateValidate     000000018001d7a4     inflate.obj
 0004:000007b0       $pdata$inflateUndermine    000000018001d7b0     inflate.obj
 0004:000007bc       $pdata$inflateCopy         000000018001d7bc     inflate.obj
 0004:000007c8       $pdata$2$inflateCopy       000000018001d7c8     inflate.obj
 0004:000007d4       $pdata$3$inflateCopy       000000018001d7d4     inflate.obj
 0004:000007e0       $pdata$4$inflateCopy       000000018001d7e0     inflate.obj
 0004:000007ec       $pdata$6$inflateCopy       000000018001d7ec     inflate.obj
 0004:000007f8       $pdata$7$inflateCopy       000000018001d7f8     inflate.obj
 0004:00000804       $pdata$inflateSyncPoint    000000018001d804     inflate.obj
 0004:00000810       $pdata$inflateSync         000000018001d810     inflate.obj
 0004:0000081c       $pdata$0$inflateSync       000000018001d81c     inflate.obj
 0004:00000828       $pdata$4$inflateSync       000000018001d828     inflate.obj
 0004:00000834       $pdata$syncsearch          000000018001d834     inflate.obj
 0004:00000840       $pdata$inflateGetHeader    000000018001d840     inflate.obj
 0004:0000084c       $pdata$inflateSetDictionary 000000018001d84c     inflate.obj
 0004:00000858       $pdata$inflateGetDictionary 000000018001d858     inflate.obj
 0004:00000864       $pdata$updatewindow        000000018001d864     inflate.obj
 0004:00000870       $pdata$inflatePrime        000000018001d870     inflate.obj
 0004:0000087c       $pdata$inflateReset2       000000018001d87c     inflate.obj
 0004:00000888       $pdata$inflateResetKeep    000000018001d888     inflate.obj
 0004:00000894       $pdata$inflateEnd          000000018001d894     inflate.obj
 0004:000008a0       $pdata$inflate             000000018001d8a0     inflate.obj
 0004:000008ac       $pdata$inflateInit2_       000000018001d8ac     inflate.obj
 0004:000008b8       $pdata$1$inflateInit2_     000000018001d8b8     inflate.obj
 0004:000008c4       $pdata$3$inflateInit2_     000000018001d8c4     inflate.obj
 0004:000008d0       $pdata$4$inflateInit2_     000000018001d8d0     inflate.obj
 0004:000008dc       $pdata$inflateReset        000000018001d8dc     inflate.obj
 0004:000008e8       $pdata$inflate_table       000000018001d8e8     inftrees.obj
 0004:000008f4       $pdata$0$inflate_table     000000018001d8f4     inftrees.obj
 0004:00000900       $pdata$1$inflate_table     000000018001d900     inftrees.obj
 0004:0000090c       $pdata$fseek64_file_func   000000018001d90c     ioapi.obj
 0004:00000918       $pdata$fseek_file_func     000000018001d918     ioapi.obj
 0004:00000924       $pdata$call_ztell64        000000018001d924     ioapi.obj
 0004:00000930       $pdata$win32_close_file_func 000000018001d930     iowin32.obj
 0004:0000093c       $pdata$win32_seek64_file_func 000000018001d93c     iowin32.obj
 0004:00000948       $pdata$win32_seek_file_func 000000018001d948     iowin32.obj
 0004:00000954       $pdata$win32_tell64_file_func 000000018001d954     iowin32.obj
 0004:00000960       $pdata$win32_tell_file_func 000000018001d960     iowin32.obj
 0004:0000096c       $pdata$MySetFilePointerEx  000000018001d96c     iowin32.obj
 0004:00000978       $pdata$win32_write_file_func 000000018001d978     iowin32.obj
 0004:00000984       $pdata$win32_read_file_func 000000018001d984     iowin32.obj
 0004:00000990       $pdata$win32_open_file_func 000000018001d990     iowin32.obj
 0004:0000099c       $pdata$win32_open64_file_funcW 000000018001d99c     iowin32.obj
 0004:000009a8       $pdata$win32_open64_file_funcA 000000018001d9a8     iowin32.obj
 0004:000009b4       $pdata$win32_open64_file_func 000000018001d9b4     iowin32.obj
 0004:000009c0       $pdata$win32_build_iowin   000000018001d9c0     iowin32.obj
 0004:000009cc       $pdata$0$win32_build_iowin 000000018001d9cc     iowin32.obj
 0004:000009d8       $pdata$2$win32_build_iowin 000000018001d9d8     iowin32.obj
 0004:000009e4       $pdata$3$win32_build_iowin 000000018001d9e4     iowin32.obj
 0004:000009f0       $pdata$compress_block      000000018001d9f0     trees.obj
 0004:000009fc       $pdata$2$compress_block    000000018001d9fc     trees.obj
 0004:00000a08       $pdata$6$compress_block    000000018001da08     trees.obj
 0004:00000a14       $pdata$7$compress_block    000000018001da14     trees.obj
 0004:00000a20       $pdata$8$compress_block    000000018001da20     trees.obj
 0004:00000a2c       $pdata$send_all_trees      000000018001da2c     trees.obj
 0004:00000a38       $pdata$build_bl_tree       000000018001da38     trees.obj
 0004:00000a44       $pdata$send_tree           000000018001da44     trees.obj
 0004:00000a50       $pdata$6$send_tree         000000018001da50     trees.obj
 0004:00000a5c       $pdata$7$send_tree         000000018001da5c     trees.obj
 0004:00000a68       $pdata$scan_tree           000000018001da68     trees.obj
 0004:00000a74       $pdata$2$scan_tree         000000018001da74     trees.obj
 0004:00000a80       $pdata$3$scan_tree         000000018001da80     trees.obj
 0004:00000a8c       $pdata$build_tree          000000018001da8c     trees.obj
 0004:00000a98       $pdata$gen_codes           000000018001da98     trees.obj
 0004:00000aa4       $pdata$gen_bitlen          000000018001daa4     trees.obj
 0004:00000ab0       $pdata$0$gen_bitlen        000000018001dab0     trees.obj
 0004:00000abc       $pdata$2$gen_bitlen        000000018001dabc     trees.obj
 0004:00000ac8       $pdata$3$gen_bitlen        000000018001dac8     trees.obj
 0004:00000ad4       $pdata$4$gen_bitlen        000000018001dad4     trees.obj
 0004:00000ae0       $pdata$pqdownheap          000000018001dae0     trees.obj
 0004:00000aec       $pdata$0$pqdownheap        000000018001daec     trees.obj
 0004:00000af8       $pdata$2$pqdownheap        000000018001daf8     trees.obj
 0004:00000b04       $pdata$3$pqdownheap        000000018001db04     trees.obj
 0004:00000b10       $pdata$_tr_flush_block     000000018001db10     trees.obj
 0004:00000b1c       $pdata$_tr_stored_block    000000018001db1c     trees.obj
 0004:00000b28       $pdata$uncompress          000000018001db28     uncompr.obj
 0004:00000b34       $pdata$uncompress2         000000018001db34     uncompr.obj
 0004:00000b40       $pdata$0$uncompress2       000000018001db40     uncompr.obj
 0004:00000b4c       $pdata$1$uncompress2       000000018001db4c     uncompr.obj
 0004:00000b58       $pdata$unzGetGlobalComment 000000018001db58     unzip.obj
 0004:00000b64       $pdata$unzCloseCurrentFile 000000018001db64     unzip.obj
 0004:00000b70       $pdata$unzGetLocalExtrafield 000000018001db70     unzip.obj
 0004:00000b7c       $pdata$unzReadCurrentFile  000000018001db7c     unzip.obj
 0004:00000b88       $pdata$5$unzReadCurrentFile 000000018001db88     unzip.obj
 0004:00000b94       $pdata$7$unzReadCurrentFile 000000018001db94     unzip.obj
 0004:00000ba0       $pdata$8$unzReadCurrentFile 000000018001dba0     unzip.obj
 0004:00000bac       $pdata$unzOpenCurrentFile2 000000018001dbac     unzip.obj
 0004:00000bb8       $pdata$unzOpenCurrentFilePassword 000000018001dbb8     unzip.obj
 0004:00000bc4       $pdata$unzOpenCurrentFile  000000018001dbc4     unzip.obj
 0004:00000bd0       $pdata$unzOpenCurrentFile3 000000018001dbd0     unzip.obj
 0004:00000bdc       $pdata$0$unzOpenCurrentFile3 000000018001dbdc     unzip.obj
 0004:00000be8       $pdata$1$unzOpenCurrentFile3 000000018001dbe8     unzip.obj
 0004:00000bf4       $pdata$2$unzOpenCurrentFile3 000000018001dbf4     unzip.obj
 0004:00000c00       $pdata$4$unzOpenCurrentFile3 000000018001dc00     unzip.obj
 0004:00000c0c       $pdata$5$unzOpenCurrentFile3 000000018001dc0c     unzip.obj
 0004:00000c18       $pdata$unz64local_CheckCurrentFileCoherencyHeader 000000018001dc18     unzip.obj
 0004:00000c24       $pdata$unzGoToFilePos      000000018001dc24     unzip.obj
 0004:00000c30       $pdata$unzGoToFilePos64    000000018001dc30     unzip.obj
 0004:00000c3c       $pdata$0$unzGoToFilePos64  000000018001dc3c     unzip.obj
 0004:00000c48       $pdata$1$unzGoToFilePos64  000000018001dc48     unzip.obj
 0004:00000c54       $pdata$unzGetFilePos       000000018001dc54     unzip.obj
 0004:00000c60       $pdata$unzLocateFile       000000018001dc60     unzip.obj
 0004:00000c6c       $pdata$3$unzLocateFile     000000018001dc6c     unzip.obj
 0004:00000c78       $pdata$5$unzLocateFile     000000018001dc78     unzip.obj
 0004:00000c84       $pdata$6$unzLocateFile     000000018001dc84     unzip.obj
 0004:00000c90       $pdata$unzGoToNextFile     000000018001dc90     unzip.obj
 0004:00000c9c       $pdata$0$unzGoToNextFile   000000018001dc9c     unzip.obj
 0004:00000ca8       $pdata$1$unzGoToNextFile   000000018001dca8     unzip.obj
 0004:00000cb4       $pdata$unzGoToFirstFile    000000018001dcb4     unzip.obj
 0004:00000cc0       $pdata$unzGetCurrentFileInfo 000000018001dcc0     unzip.obj
 0004:00000ccc       $pdata$unzGetCurrentFileInfo64 000000018001dccc     unzip.obj
 0004:00000cd8       $pdata$unz64local_GetCurrentFileInfoInternal 000000018001dcd8     unzip.obj
 0004:00000ce4       $pdata$unzClose            000000018001dce4     unzip.obj
 0004:00000cf0       $pdata$unzOpen2_64         000000018001dcf0     unzip.obj
 0004:00000cfc       $pdata$unzOpen2            000000018001dcfc     unzip.obj
 0004:00000d08       $pdata$unzOpenInternal     000000018001dd08     unzip.obj
 0004:00000d14       $pdata$3$unzOpenInternal   000000018001dd14     unzip.obj
 0004:00000d20       $pdata$4$unzOpenInternal   000000018001dd20     unzip.obj
 0004:00000d2c       $pdata$unz64local_SearchCentralDir64 000000018001dd2c     unzip.obj
 0004:00000d38       $pdata$0$unz64local_SearchCentralDir64 000000018001dd38     unzip.obj
 0004:00000d44       $pdata$1$unz64local_SearchCentralDir64 000000018001dd44     unzip.obj
 0004:00000d50       $pdata$2$unz64local_SearchCentralDir64 000000018001dd50     unzip.obj
 0004:00000d5c       $pdata$3$unz64local_SearchCentralDir64 000000018001dd5c     unzip.obj
 0004:00000d68       $pdata$unz64local_SearchCentralDir 000000018001dd68     unzip.obj
 0004:00000d74       $pdata$0$unz64local_SearchCentralDir 000000018001dd74     unzip.obj
 0004:00000d80       $pdata$1$unz64local_SearchCentralDir 000000018001dd80     unzip.obj
 0004:00000d8c       $pdata$2$unz64local_SearchCentralDir 000000018001dd8c     unzip.obj
 0004:00000d98       $pdata$3$unz64local_SearchCentralDir 000000018001dd98     unzip.obj
 0004:00000da4       $pdata$strcmpcasenosensitive_internal 000000018001dda4     unzip.obj
 0004:00000db0       $pdata$unz64local_getLong64 000000018001ddb0     unzip.obj
 0004:00000dbc       $pdata$unz64local_getLong  000000018001ddbc     unzip.obj
 0004:00000dc8       $pdata$unz64local_getShort 000000018001ddc8     unzip.obj
 0004:00000dd4       $pdata$unz64local_getByte  000000018001ddd4     unzip.obj
 0004:00000de0       $pdata$zipClose            000000018001dde0     zip.obj
 0004:00000dec       $pdata$0$zipClose          000000018001ddec     zip.obj
 0004:00000df8       $pdata$1$zipClose          000000018001ddf8     zip.obj
 0004:00000e04       $pdata$2$zipClose          000000018001de04     zip.obj
 0004:00000e10       $pdata$3$zipClose          000000018001de10     zip.obj
 0004:00000e1c       $pdata$4$zipClose          000000018001de1c     zip.obj
 0004:00000e28       $pdata$5$zipClose          000000018001de28     zip.obj
 0004:00000e34       $pdata$Write_GlobalComment 000000018001de34     zip.obj
 0004:00000e40       $pdata$Write_EndOfCentralDirectoryRecord 000000018001de40     zip.obj
 0004:00000e4c       $pdata$0$Write_EndOfCentralDirectoryRecord 000000018001de4c     zip.obj
 0004:00000e58       $pdata$1$Write_EndOfCentralDirectoryRecord 000000018001de58     zip.obj
 0004:00000e64       $pdata$Write_Zip64EndOfCentralDirectoryRecord 000000018001de64     zip.obj
 0004:00000e70       $pdata$Write_Zip64EndOfCentralDirectoryLocator 000000018001de70     zip.obj
 0004:00000e7c       $pdata$zipCloseFileInZipRaw64 000000018001de7c     zip.obj
 0004:00000e88       $pdata$3$zipCloseFileInZipRaw64 000000018001de88     zip.obj
 0004:00000e94       $pdata$5$zipCloseFileInZipRaw64 000000018001de94     zip.obj
 0004:00000ea0       $pdata$6$zipCloseFileInZipRaw64 000000018001dea0     zip.obj
 0004:00000eac       $pdata$zipWriteInFileInZip 000000018001deac     zip.obj
 0004:00000eb8       $pdata$0$zipWriteInFileInZip 000000018001deb8     zip.obj
 0004:00000ec4       $pdata$2$zipWriteInFileInZip 000000018001dec4     zip.obj
 0004:00000ed0       $pdata$3$zipWriteInFileInZip 000000018001ded0     zip.obj
 0004:00000edc       $pdata$zip64FlushWriteBuffer 000000018001dedc     zip.obj
 0004:00000ee8       $pdata$0$zip64FlushWriteBuffer 000000018001dee8     zip.obj
 0004:00000ef4       $pdata$2$zip64FlushWriteBuffer 000000018001def4     zip.obj
 0004:00000f00       $pdata$3$zip64FlushWriteBuffer 000000018001df00     zip.obj
 0004:00000f0c       $pdata$4$zip64FlushWriteBuffer 000000018001df0c     zip.obj
 0004:00000f18       $pdata$zipOpenNewFileInZip 000000018001df18     zip.obj
 0004:00000f24       $pdata$zipOpenNewFileInZip64 000000018001df24     zip.obj
 0004:00000f30       $pdata$zipOpenNewFileInZip2_64 000000018001df30     zip.obj
 0004:00000f3c       $pdata$zipOpenNewFileInZip2 000000018001df3c     zip.obj
 0004:00000f48       $pdata$zipOpenNewFileInZip3_64 000000018001df48     zip.obj
 0004:00000f54       $pdata$zipOpenNewFileInZip3 000000018001df54     zip.obj
 0004:00000f60       $pdata$zipOpenNewFileInZip4_64 000000018001df60     zip.obj
 0004:00000f6c       $pdata$3$zipOpenNewFileInZip4_64 000000018001df6c     zip.obj
 0004:00000f78       $pdata$4$zipOpenNewFileInZip4_64 000000018001df78     zip.obj
 0004:00000f84       $pdata$5$zipOpenNewFileInZip4_64 000000018001df84     zip.obj
 0004:00000f90       $pdata$6$zipOpenNewFileInZip4_64 000000018001df90     zip.obj
 0004:00000f9c       $pdata$7$zipOpenNewFileInZip4_64 000000018001df9c     zip.obj
 0004:00000fa8       $pdata$8$zipOpenNewFileInZip4_64 000000018001dfa8     zip.obj
 0004:00000fb4       $pdata$Write_LocalFileHeader 000000018001dfb4     zip.obj
 0004:00000fc0       $pdata$zipOpen2_64         000000018001dfc0     zip.obj
 0004:00000fcc       $pdata$zipOpen2            000000018001dfcc     zip.obj
 0004:00000fd8       $pdata$zipOpen3            000000018001dfd8     zip.obj
 0004:00000fe4       $pdata$LoadCentralDirectoryRecord 000000018001dfe4     zip.obj
 0004:00000ff0       $pdata$zip64local_SearchCentralDir64 000000018001dff0     zip.obj
 0004:00000ffc       $pdata$0$zip64local_SearchCentralDir64 000000018001dffc     zip.obj
 0004:00001008       $pdata$1$zip64local_SearchCentralDir64 000000018001e008     zip.obj
 0004:00001014       $pdata$2$zip64local_SearchCentralDir64 000000018001e014     zip.obj
 0004:00001020       $pdata$3$zip64local_SearchCentralDir64 000000018001e020     zip.obj
 0004:0000102c       $pdata$zip64local_SearchCentralDir 000000018001e02c     zip.obj
 0004:00001038       $pdata$0$zip64local_SearchCentralDir 000000018001e038     zip.obj
 0004:00001044       $pdata$1$zip64local_SearchCentralDir 000000018001e044     zip.obj
 0004:00001050       $pdata$2$zip64local_SearchCentralDir 000000018001e050     zip.obj
 0004:0000105c       $pdata$3$zip64local_SearchCentralDir 000000018001e05c     zip.obj
 0004:00001068       $pdata$zip64local_getLong64 000000018001e068     zip.obj
 0004:00001074       $pdata$zip64local_getLong  000000018001e074     zip.obj
 0004:00001080       $pdata$zip64local_getShort 000000018001e080     zip.obj
 0004:0000108c       $pdata$zip64local_getByte  000000018001e08c     zip.obj
 0004:00001098       $pdata$zip64local_putValue 000000018001e098     zip.obj
 0004:000010a4       $pdata$add_data_in_datablock 000000018001e0a4     zip.obj
 0004:000010b0       $pdata$free_linkedlist     000000018001e0b0     zip.obj
 0004:000010bc       $pdata$free_datablock      000000018001e0bc     zip.obj
 0004:000010c8       $pdata$0$free_datablock    000000018001e0c8     zip.obj
 0004:000010d4       $pdata$1$free_datablock    000000018001e0d4     zip.obj
 0004:000010e0       $pdata$allocate_new_datablock 000000018001e0e0     zip.obj
 0004:000010ec       $pdata$crypthead           000000018001e0ec     zip.obj
 0004:000010f8       $pdata$init_keys           000000018001e0f8     zip.obj
 0005:00000060       $R000000                   000000018001f060     zlib.res
