 zlibwapi

 Timestamp is 5ec6a58e (Fri May 22 00:00:14 2020)

 Preferred load address is 0000000180000000

 Start         Length     Name                   Class
 0001:00000000 0002d200H .text$mn                CODE
 0001:0002d200 00001020H .text$mn$00             CODE
 0001:0002e220 0000110fH .text$x                 CODE
 0002:00000000 00000110H .CRT$XCA                DATA
 0002:00000110 00000110H .CRT$XCZ                DATA
 0002:00000220 00000110H .CRT$XIA                DATA
 0002:00000330 00000110H .CRT$XIZ                DATA
 0002:00000440 00000110H .CRT$XPA                DATA
 0002:00000550 00000110H .CRT$XPZ                DATA
 0002:00000660 00000110H .CRT$XTA                DATA
 0002:00000770 00000110H .CRT$XTZ                DATA
 0002:00000880 00004ed8H .rdata                  DATA
 0002:00005758 000001a8H .rdata$zzzdbg           DATA
 0002:00005900 00000110H .rtc$IAA                DATA
 0002:00005a10 00000110H .rtc$IZZ                DATA
 0002:00005b20 00000110H .rtc$TAA                DATA
 0002:00005c30 00000110H .rtc$TZZ                DATA
 0002:00005d40 00000e10H .xdata                  DATA
 0002:00006b50 000010f6H .edata                  DATA
 0003:00000000 000009b0H .data                   DATA
 0003:000009b0 00000761H .bss                    DATA
 0004:00000000 000011c4H .pdata                  DATA
 0005:00000000 00000390H .idata$5                DATA
 0005:00000390 0000003cH .idata$2                DATA
 0005:000003cc 00000014H .idata$3                DATA
 0005:000003e0 00000390H .idata$4                DATA
 0005:00000770 00000628H .idata$6                DATA
 0006:00000000 00000151H .00cfg                  DATA
 0007:00000000 00000170H .rsrc$01                DATA
 0007:00000170 000004dcH .rsrc$02                DATA

  Address         Publics by Value              Rva+Base               Lib:Object

 0000:00000000       __guard_fids_count         0000000000000000     <absolute>
 0000:00000000       __guard_eh_cont_table      0000000000000000     <absolute>
 0000:00000000       __guard_iat_table          0000000000000000     <absolute>
 0000:00000000       __dynamic_value_reloc_table 0000000000000000     <absolute>
 0000:00000000       __guard_longjmp_table      0000000000000000     <absolute>
 0000:00000000       ___safe_se_handler_count   0000000000000000     <absolute>
 0000:00000000       __guard_longjmp_count      0000000000000000     <absolute>
 0000:00000000       __AbsoluteZero             0000000000000000     <absolute>
 0000:00000000       ___safe_se_handler_table   0000000000000000     <absolute>
 0000:00000000       __enclave_config           0000000000000000     <absolute>
 0000:00000000       __hybrid_auxiliary_iat     0000000000000000     <absolute>
 0000:00000000       __hybrid_code_map_count    0000000000000000     <absolute>
 0000:00000000       __volatile_metadata        0000000000000000     <absolute>
 0000:00000000       __hybrid_code_map          0000000000000000     <absolute>
 0000:00000000       __guard_eh_cont_count      0000000000000000     <absolute>
 0000:00000000       __guard_fids_table         0000000000000000     <absolute>
 0000:00000000       __guard_iat_count          0000000000000000     <absolute>
 0000:00000100       __guard_flags              0000000000000100     <absolute>
 0000:00000000       __ImageBase                0000000180000000     <linker-defined>
 0001:00000a50       longest_match              0000000180001a50 f   gvmat64.obj
 0001:00000d28       match_init                 0000000180001d28 f   gvmat64.obj
 0001:00000de0       inffas8664fnc              0000000180001de0 f   inffasx64.obj
 0001:000011c0       compress3                  00000001800021c0 f   zlibaddons.obj
 0001:00001210       compress4                  0000000180002210 f   zlibaddons.obj
 0001:00001400       uncompress3                0000000180002400 f   zlibaddons.obj
 0001:00001450       uncompress4                0000000180002450 f   zlibaddons.obj
 0001:000017e0       adler32                    00000001800027e0 f   adler32.obj
 0001:00001820       adler32_z                  0000000180002820 f   adler32.obj
 0001:00002030       adler32_combine            0000000180003030 f   adler32.obj
 0001:000021a0       adler32_combine64          00000001800031a0 f   adler32.obj
 0001:00002450       compress                   0000000180003450 f   compress.obj
 0001:000024a0       compress2                  00000001800034a0 f   compress.obj
 0001:00002660       compressBound              0000000180003660 f   compress.obj
 0001:00002720       crc32                      0000000180003720 f   crc32.obj
 0001:00002760       crc32_z                    0000000180003760 f   crc32.obj
 0001:00002ad0       crc32_combine              0000000180003ad0 f   crc32.obj
 0001:00002b10       get_crc_table              0000000180003b10 f   crc32.obj
 0001:00003dd0       crc32_combine64            0000000180004dd0 f   crc32.obj
 0001:000043b0       deflate                    00000001800053b0 f   deflate.obj
 0001:000058c0       deflateEnd                 00000001800068c0 f   deflate.obj
 0001:00005a00       deflateSetDictionary       0000000180006a00 f   deflate.obj
 0001:00005d80       deflateGetDictionary       0000000180006d80 f   deflate.obj
 0001:00005e60       deflateCopy                0000000180006e60 f   deflate.obj
 0001:00006160       deflateReset               0000000180007160 f   deflate.obj
 0001:000061a0       deflateParams              00000001800071a0 f   deflate.obj
 0001:000063f0       deflateTune                00000001800073f0 f   deflate.obj
 0001:00006480       deflateBound               0000000180007480 f   deflate.obj
 0001:00006690       deflatePending             0000000180007690 f   deflate.obj
 0001:00006700       deflatePrime               0000000180007700 f   deflate.obj
 0001:00006830       deflateSetHeader           0000000180007830 f   deflate.obj
 0001:00006890       deflateInit_               0000000180007890 f   deflate.obj
 0001:000068f0       deflateInit2_              00000001800078f0 f   deflate.obj
 0001:00006d80       deflateResetKeep           0000000180007d80 f   deflate.obj
 0001:0000c050       gzclose                    000000018000d050 f   gzclose.obj
 0001:0000c0c0       gzdopen                    000000018000d0c0 f   gzlib.obj
 0001:0000c140       gzbuffer                   000000018000d140 f   gzlib.obj
 0001:0000c1e0       gzrewind                   000000018000d1e0 f   gzlib.obj
 0001:0000c270       gzeof                      000000018000d270 f   gzlib.obj
 0001:0000c2e0       gzerror                    000000018000d2e0 f   gzlib.obj
 0001:0000c3a0       gzclearerr                 000000018000d3a0 f   gzlib.obj
 0001:0000c420       gzopen                     000000018000d420 f   gzlib.obj
 0001:0000c450       gzseek                     000000018000d450 f   gzlib.obj
 0001:0000c4b0       gztell                     000000018000d4b0 f   gzlib.obj
 0001:0000c500       gzoffset                   000000018000d500 f   gzlib.obj
 0001:0000c550       gzopen_w                   000000018000d550 f   gzlib.obj
 0001:0000c580       gzopen64                   000000018000d580 f   gzlib.obj
 0001:0000c5b0       gzseek64                   000000018000d5b0 f   gzlib.obj
 0001:0000c8c0       gztell64                   000000018000d8c0 f   gzlib.obj
 0001:0000c940       gzoffset64                 000000018000d940 f   gzlib.obj
 0001:0000ca00       gz_error                   000000018000da00 f   gzlib.obj
 0001:0000d4f0       __local_stdio_printf_options 000000018000e4f0 f i gzlib.obj
 0001:0000d500       snprintf                   000000018000e500 f i gzlib.obj
 0001:0000d570       vsnprintf                  000000018000e570 f i gzlib.obj
 0001:0000d610       gzread                     000000018000e610 f   gzread.obj
 0001:0000d6e0       gzfread                    000000018000e6e0 f   gzread.obj
 0001:0000d7d0       gzgets                     000000018000e7d0 f   gzread.obj
 0001:0000da00       gzgetc                     000000018000ea00 f   gzread.obj
 0001:0000db00       gzungetc                   000000018000eb00 f   gzread.obj
 0001:0000dd50       gzdirect                   000000018000ed50 f   gzread.obj
 0001:0000ddb0       gzclose_r                  000000018000edb0 f   gzread.obj
 0001:0000deb0       gzgetc_                    000000018000eeb0 f   gzread.obj
 0001:0000eeb0       gzsetparams                000000018000feb0 f   gzwrite.obj
 0001:0000efe0       gzwrite                    000000018000ffe0 f   gzwrite.obj
 0001:0000f070       gzfwrite                   0000000180010070 f   gzwrite.obj
 0001:0000f150       gzprintf                   0000000180010150 f   gzwrite.obj
 0001:0000f1b0       gzputs                     00000001800101b0 f   gzwrite.obj
 0001:0000f250       gzputc                     0000000180010250 f   gzwrite.obj
 0001:0000f3d0       gzflush                    00000001800103d0 f   gzwrite.obj
 0001:0000f490       gzclose_w                  0000000180010490 f   gzwrite.obj
 0001:0000f5d0       gzvprintf                  00000001800105d0 f   gzwrite.obj
 0001:000104e0       inflateBack                00000001800114e0 f   infback.obj
 0001:00012160       inflateBackEnd             0000000180013160 f   infback.obj
 0001:000121d0       inflateBackInit_           00000001800131d0 f   infback.obj
 0001:00012b40       inflate_fast               0000000180013b40 f   inffas8664.obj
 0001:00012ff0       inflate                    0000000180013ff0 f   inflate.obj
 0001:00015e70       inflateEnd                 0000000180016e70 f   inflate.obj
 0001:00015f00       inflateSetDictionary       0000000180016f00 f   inflate.obj
 0001:00016000       inflateGetDictionary       0000000180017000 f   inflate.obj
 0001:000160e0       inflateSync                00000001800170e0 f   inflate.obj
 0001:000162f0       inflateCopy                00000001800172f0 f   inflate.obj
 0001:00016550       inflateReset               0000000180017550 f   inflate.obj
 0001:000165c0       inflateReset2              00000001800175c0 f   inflate.obj
 0001:000166c0       inflatePrime               00000001800176c0 f   inflate.obj
 0001:000167a0       inflateMark                00000001800177a0 f   inflate.obj
 0001:00016840       inflateGetHeader           0000000180017840 f   inflate.obj
 0001:000168b0       inflateInit_               00000001800178b0 f   inflate.obj
 0001:000168f0       inflateInit2_              00000001800178f0 f   inflate.obj
 0001:00016a60       inflateSyncPoint           0000000180017a60 f   inflate.obj
 0001:00016ad0       inflateUndermine           0000000180017ad0 f   inflate.obj
 0001:00016b20       inflateValidate            0000000180017b20 f   inflate.obj
 0001:00016b90       inflateCodesUsed           0000000180017b90 f   inflate.obj
 0001:00016bf0       inflateResetKeep           0000000180017bf0 f   inflate.obj
 0001:00018150       inflate_table              0000000180019150 f   inftrees.obj
 0001:00018b30       fill_fopen64_filefunc      0000000180019b30 f   ioapi.obj
 0001:00018bc0       fill_fopen_filefunc        0000000180019bc0 f   ioapi.obj
 0001:00018c50       call_zopen64               0000000180019c50 f   ioapi.obj
 0001:00018cc0       call_zseek64               0000000180019cc0 f   ioapi.obj
 0001:00018d50       call_ztell64               0000000180019d50 f   ioapi.obj
 0001:00018dc0       fill_zlib_filefunc64_32_def_from_filefunc32 0000000180019dc0 f   ioapi.obj
 0001:00019470       fill_win32_filefunc        000000018001a470 f   iowin32.obj
 0001:00019500       fill_win32_filefunc64      000000018001a500 f   iowin32.obj
 0001:00019590       fill_win32_filefunc64A     000000018001a590 f   iowin32.obj
 0001:00019620       fill_win32_filefunc64W     000000018001a620 f   iowin32.obj
 0001:000196b0       win32_open_file_func       000000018001a6b0 f   iowin32.obj
 0001:00019780       win32_read_file_func       000000018001a780 f   iowin32.obj
 0001:00019830       win32_write_file_func      000000018001a830 f   iowin32.obj
 0001:000198e0       win32_tell64_file_func     000000018001a8e0 f   iowin32.obj
 0001:00019980       win32_seek64_file_func     000000018001a980 f   iowin32.obj
 0001:00019a70       win32_close_file_func      000000018001aa70 f   iowin32.obj
 0001:00019ad0       win32_error_file_func      000000018001aad0 f   iowin32.obj
 0001:00019c60       win32_open64_file_func     000000018001ac60 f   iowin32.obj
 0001:00019d30       win32_open64_file_funcA    000000018001ad30 f   iowin32.obj
 0001:00019e00       win32_open64_file_funcW    000000018001ae00 f   iowin32.obj
 0001:00019ee0       win32_tell_file_func       000000018001aee0 f   iowin32.obj
 0001:00019f80       win32_seek_file_func       000000018001af80 f   iowin32.obj
 0001:0001a370       _tr_init                   000000018001b370 f   trees.obj
 0001:0001a430       _tr_tally                  000000018001b430 f   trees.obj
 0001:0001a5e0       _tr_flush_block            000000018001b5e0 f   trees.obj
 0001:0001aa60       _tr_flush_bits             000000018001ba60 f   trees.obj
 0001:0001aa80       _tr_align                  000000018001ba80 f   trees.obj
 0001:0001ad90       _tr_stored_block           000000018001bd90 f   trees.obj
 0001:0001f040       uncompress                 0000000180020040 f   uncompr.obj
 0001:0001f080       uncompress2                0000000180020080 f   uncompr.obj
 0001:0001f370       unzStringFileNameCompare   0000000180020370 f   unzip.obj
 0001:0001f3d0       unzOpen                    00000001800203d0 f   unzip.obj
 0001:0001f400       unzOpen64                  0000000180020400 f   unzip.obj
 0001:0001f430       unzOpen2                   0000000180020430 f   unzip.obj
 0001:0001f4a0       unzOpen2_64                00000001800204a0 f   unzip.obj
 0001:0001f530       unzClose                   0000000180020530 f   unzip.obj
 0001:0001f5b0       unzGetGlobalInfo           00000001800205b0 f   unzip.obj
 0001:0001f600       unzGetGlobalInfo64         0000000180020600 f   unzip.obj
 0001:0001f650       unzGetGlobalComment        0000000180020650 f   unzip.obj
 0001:0001f750       unzGoToFirstFile           0000000180020750 f   unzip.obj
 0001:0001f840       unzGoToNextFile            0000000180020840 f   unzip.obj
 0001:0001f9a0       unzLocateFile              00000001800209a0 f   unzip.obj
 0001:0001fb70       unzGetFilePos              0000000180020b70 f   unzip.obj
 0001:0001fbc0       unzGoToFilePos             0000000180020bc0 f   unzip.obj
 0001:0001fc10       unzGetFilePos64            0000000180020c10 f   unzip.obj
 0001:0001fc90       unzGoToFilePos64           0000000180020c90 f   unzip.obj
 0001:0001fd80       unzGetCurrentFileInfo64    0000000180020d80 f   unzip.obj
 0001:0001fe00       unzGetCurrentFileInfo      0000000180020e00 f   unzip.obj
 0001:0001ffb0       unzGetCurrentFileZStreamPos64 0000000180020fb0 f   unzip.obj
 0001:00020010       unzOpenCurrentFile         0000000180021010 f   unzip.obj
 0001:00020040       unzOpenCurrentFilePassword 0000000180021040 f   unzip.obj
 0001:00020080       unzOpenCurrentFile2        0000000180021080 f   unzip.obj
 0001:000200d0       unzOpenCurrentFile3        00000001800210d0 f   unzip.obj
 0001:000204e0       unzCloseCurrentFile        00000001800214e0 f   unzip.obj
 0001:000205f0       unzReadCurrentFile         00000001800215f0 f   unzip.obj
 0001:00020b70       unztell                    0000000180021b70 f   unzip.obj
 0001:00020bd0       unztell64                  0000000180021bd0 f   unzip.obj
 0001:00020c30       unzeof                     0000000180021c30 f   unzip.obj
 0001:00020ca0       unzGetLocalExtrafield      0000000180021ca0 f   unzip.obj
 0001:00020de0       unzGetOffset64             0000000180021de0 f   unzip.obj
 0001:00020e60       unzGetOffset               0000000180021e60 f   unzip.obj
 0001:00020ea0       unzSetOffset64             0000000180021ea0 f   unzip.obj
 0001:00020f90       unzSetOffset               0000000180021f90 f   unzip.obj
 0001:00023b90       zipOpen                    0000000180024b90 f   zip.obj
 0001:00023bc0       zipOpen64                  0000000180024bc0 f   zip.obj
 0001:00023bf0       zipOpen2                   0000000180024bf0 f   zip.obj
 0001:00023c80       zipOpen2_64                0000000180024c80 f   zip.obj
 0001:00023d30       zipOpenNewFileInZip        0000000180024d30 f   zip.obj
 0001:00023e20       zipOpenNewFileInZip64      0000000180024e20 f   zip.obj
 0001:00023f10       zipOpenNewFileInZip2       0000000180024f10 f   zip.obj
 0001:00024000       zipOpenNewFileInZip2_64    0000000180025000 f   zip.obj
 0001:000240f0       zipOpenNewFileInZip3       00000001800250f0 f   zip.obj
 0001:000241f0       zipOpenNewFileInZip3_64    00000001800251f0 f   zip.obj
 0001:000242f0       zipOpenNewFileInZip4       00000001800252f0 f   zip.obj
 0001:000243f0       zipOpenNewFileInZip4_64    00000001800253f0 f   zip.obj
 0001:00024d60       zipWriteInFileInZip        0000000180025d60 f   zip.obj
 0001:00025040       zipCloseFileInZip          0000000180026040 f   zip.obj
 0001:00025070       zipCloseFileInZipRaw       0000000180026070 f   zip.obj
 0001:000250b0       zipCloseFileInZipRaw64     00000001800260b0 f   zip.obj
 0001:000258b0       zipClose                   00000001800268b0 f   zip.obj
 0001:00025b00       zipRemoveExtraInfoBlock    0000000180026b00 f   zip.obj
 0001:00026f40       LoadCentralDirectoryRecord 0000000180027f40 f   zip.obj
 0001:000276d0       zipOpen3                   00000001800286d0 f   zip.obj
 0001:000278e0       Write_LocalFileHeader      00000001800288e0 f   zip.obj
 0001:00027ea0       Write_Zip64EndOfCentralDirectoryLocator 0000000180028ea0 f   zip.obj
 0001:00027f90       Write_Zip64EndOfCentralDirectoryRecord 0000000180028f90 f   zip.obj
 0001:000281a0       Write_EndOfCentralDirectoryRecord 00000001800291a0 f   zip.obj
 0001:000283e0       Write_GlobalComment        00000001800293e0 f   zip.obj
 0001:000296d0       zlibVersion                000000018002a6d0 f   zutil.obj
 0001:000296e0       zlibCompileFlags           000000018002a6e0 f   zutil.obj
 0001:00029820       zError                     000000018002a820 f   zutil.obj
 0001:00029850       zcalloc                    000000018002a850 f   zutil.obj
 0001:00029880       zcfree                     000000018002a880 f   zutil.obj
 0001:00029911       ReadFile                   000000018002a911 f   kernel32:KERNEL32.dll
 0001:00029917       SetFilePointerEx           000000018002a917 f   kernel32:KERNEL32.dll
 0001:0002991d       WriteFile                  000000018002a91d f   kernel32:KERNEL32.dll
 0001:00029923       CreateFile2                000000018002a923 f   kernel32:KERNEL32.dll
 0001:00029929       CloseHandle                000000018002a929 f   kernel32:KERNEL32.dll
 0001:0002992f       GetLastError               000000018002a92f f   kernel32:KERNEL32.dll
 0001:00029935       MultiByteToWideChar        000000018002a935 f   kernel32:KERNEL32.dll
 0001:00029950       _alloca_probe              000000018002a950 f   MSVCRTD:chkstk.obj
 0001:00029950       __chkstk                   000000018002a950 f   MSVCRTD:chkstk.obj
 0001:00029ec0       _CRT_INIT                  000000018002aec0 f   MSVCRTD:dll_dllmain.obj
 0001:00029f00       _DllMainCRTStartup         000000018002af00 f   MSVCRTD:dll_dllmain.obj
 0001:0002a040       __security_init_cookie     000000018002b040 f   MSVCRTD:gs_support.obj
 0001:0002a0e0       DllMain                    000000018002b0e0 f   MSVCRTD:dll_dllmain_stub.obj
 0001:0002a130       ?__scrt_initialize_type_info@@YAXXZ 000000018002b130 f   MSVCRTD:tncleanup.obj
 0001:0002a150       ?__scrt_uninitialize_type_info@@YAXXZ 000000018002b150 f   MSVCRTD:tncleanup.obj
 0001:0002a170       __local_stdio_scanf_options 000000018002b170 f i MSVCRTD:default_local_stdio_options.obj
 0001:0002a180       __scrt_initialize_default_local_stdio_options 000000018002b180 f   MSVCRTD:default_local_stdio_options.obj
 0001:0002a1e0       ?configure_argv@__scrt_narrow_argv_policy@@SAHXZ 000000018002b1e0 f i MSVCRTD:utility.obj
 0001:0002a300       ?initialize_environment@__scrt_narrow_environment_policy@@SAHXZ 000000018002b300 f i MSVCRTD:utility.obj
 0001:0002a3d0       NtCurrentTeb               000000018002b3d0 f i MSVCRTD:utility.obj
 0001:0002a3e0       __scrt_acquire_startup_lock 000000018002b3e0 f   MSVCRTD:utility.obj
 0001:0002a460       __scrt_dllmain_after_initialize_c 000000018002b460 f   MSVCRTD:utility.obj
 0001:0002a4a0       __scrt_dllmain_before_initialize_c 000000018002b4a0 f   MSVCRTD:utility.obj
 0001:0002a4d0       __scrt_dllmain_crt_thread_attach 000000018002b4d0 f   MSVCRTD:utility.obj
 0001:0002a510       __scrt_dllmain_crt_thread_detach 000000018002b510 f   MSVCRTD:utility.obj
 0001:0002a530       __scrt_dllmain_exception_filter 000000018002b530 f   MSVCRTD:utility.obj
 0001:0002a5b0       __scrt_dllmain_uninitialize_c 000000018002b5b0 f   MSVCRTD:utility.obj
 0001:0002a5f0       __scrt_dllmain_uninitialize_critical 000000018002b5f0 f   MSVCRTD:utility.obj
 0001:0002a610       __scrt_initialize_crt      000000018002b610 f   MSVCRTD:utility.obj
 0001:0002a670       __scrt_initialize_onexit_tables 000000018002b670 f   MSVCRTD:utility.obj
 0001:0002a7c0       __scrt_is_nonwritable_in_current_image 000000018002b7c0 f   MSVCRTD:utility.obj
 0001:0002a870       __scrt_release_startup_lock 000000018002b870 f   MSVCRTD:utility.obj
 0001:0002a8b0       __scrt_uninitialize_crt    000000018002b8b0 f   MSVCRTD:utility.obj
 0001:0002a900       _onexit                    000000018002b900 f   MSVCRTD:utility.obj
 0001:0002a9a0       at_quick_exit              000000018002b9a0 f   MSVCRTD:utility.obj
 0001:0002aa00       atexit                     000000018002ba00 f   MSVCRTD:utility.obj
 0001:0002aa40       __scrt_get_dyn_tls_init_callback 000000018002ba40 f   MSVCRTD:dyn_tls_init.obj
 0001:0002aa50       __crt_debugger_hook        000000018002ba50 f   MSVCRTD:utility_desktop.obj
 0001:0002aa70       __scrt_fastfail            000000018002ba70 f   MSVCRTD:utility_desktop.obj
 0001:0002ac70       __scrt_get_show_window_mode 000000018002bc70 f   MSVCRTD:utility_desktop.obj
 0001:0002ace0       __scrt_initialize_mta      000000018002bce0 f   MSVCRTD:utility_desktop.obj
 0001:0002ad00       __scrt_initialize_winrt    000000018002bd00 f   MSVCRTD:utility_desktop.obj
 0001:0002ad10       __scrt_is_managed_app      000000018002bd10 f   MSVCRTD:utility_desktop.obj
 0001:0002ade0       __scrt_set_unhandled_exception_filter 000000018002bde0 f   MSVCRTD:utility_desktop.obj
 0001:0002ae00       __scrt_exe_initialize_mta  000000018002be00 f   MSVCRTD:utility_desktop.obj
 0001:0002ae00       __scrt_stub_for_initialize_mta 000000018002be00 f   MSVCRTD:utility_desktop.obj
 0001:0002ae10       __scrt_unhandled_exception_filter 000000018002be10 f   MSVCRTD:utility_desktop.obj
 0001:0002aed0       _RTC_Initialize            000000018002bed0 f   MSVCRTD:initsect.obj
 0001:0002af30       _RTC_Terminate             000000018002bf30 f   MSVCRTD:initsect.obj
 0001:0002af90       _guard_check_icall_nop     000000018002bf90 f i MSVCRTD:guard_support.obj
 0001:0002afa0       ReadNoFence64              000000018002bfa0 f i MSVCRTD:guard_support.obj
 0001:0002afd0       ReadPointerNoFence         000000018002bfd0 f i MSVCRTD:guard_support.obj
 0001:0002aff0       _guard_icall_checks_enforced 000000018002bff0 f i MSVCRTD:guard_support.obj
 0001:0002b040       _guard_rf_checks_enforced  000000018002c040 f i MSVCRTD:guard_support.obj
 0001:0002b050       __isa_available_init       000000018002c050 f   MSVCRTD:cpu_disp.obj
 0001:0002b4d0       _get_startup_argv_mode     000000018002c4d0 f   MSVCRTD:argv_mode.obj
 0001:0002b4e0       __scrt_is_ucrt_dll_in_use  000000018002c4e0 f   MSVCRTD:ucrt_detection.obj
 0001:0002b510       __GSHandlerCheck           000000018002c510 f   MSVCRTD:gshandler.obj
 0001:0002b560       __GSHandlerCheckCommon     000000018002c560 f   MSVCRTD:gshandler.obj
 0001:0002b6b0       __security_check_cookie    000000018002c6b0 f   MSVCRTD:amdsecgs.obj
 0001:0002b6e0       __raise_securityfailure    000000018002c6e0 f   MSVCRTD:gs_report.obj
 0001:0002b730       __report_gsfailure         000000018002c730 f   MSVCRTD:gs_report.obj
 0001:0002b840       __report_rangecheckfailure 000000018002c840 f   MSVCRTD:gs_report.obj
 0001:0002b860       __report_securityfailure   000000018002c860 f   MSVCRTD:gs_report.obj
 0001:0002b930       __report_securityfailureEx 000000018002c930 f   MSVCRTD:gs_report.obj
 0001:0002bc2e       memcpy                     000000018002cc2e f   vcruntimed:VCRUNTIME140D.dll
 0001:0002bc34       memset                     000000018002cc34 f   vcruntimed:VCRUNTIME140D.dll
 0001:0002bc3a       memchr                     000000018002cc3a f   vcruntimed:VCRUNTIME140D.dll
 0001:0002bc40       __C_specific_handler       000000018002cc40 f   vcruntimed:VCRUNTIME140D.dll
 0001:0002bc46       __std_type_info_destroy_list 000000018002cc46 f   vcruntimed:VCRUNTIME140D.dll
 0001:0002bc4c       __current_exception        000000018002cc4c f   vcruntimed:VCRUNTIME140D.dll
 0001:0002bc52       __current_exception_context 000000018002cc52 f   vcruntimed:VCRUNTIME140D.dll
 0001:0002bc58       __stdio_common_vsprintf    000000018002cc58 f   ucrtd:ucrtbased.dll
 0001:0002bc5e       strlen                     000000018002cc5e f   ucrtd:ucrtbased.dll
 0001:0002bc64       free                       000000018002cc64 f   ucrtd:ucrtbased.dll
 0001:0002bc6a       malloc                     000000018002cc6a f   ucrtd:ucrtbased.dll
 0001:0002bc70       wcstombs                   000000018002cc70 f   ucrtd:ucrtbased.dll
 0001:0002bc76       _wopen                     000000018002cc76 f   ucrtd:ucrtbased.dll
 0001:0002bc7c       _lseeki64                  000000018002cc7c f   ucrtd:ucrtbased.dll
 0001:0002bc82       _open                      000000018002cc82 f   ucrtd:ucrtbased.dll
 0001:0002bc88       _errno                     000000018002cc88 f   ucrtd:ucrtbased.dll
 0001:0002bc8e       strerror                   000000018002cc8e f   ucrtd:ucrtbased.dll
 0001:0002bc94       _close                     000000018002cc94 f   ucrtd:ucrtbased.dll
 0001:0002bc9a       _read                      000000018002cc9a f   ucrtd:ucrtbased.dll
 0001:0002bca0       _write                     000000018002cca0 f   ucrtd:ucrtbased.dll
 0001:0002bca6       fclose                     000000018002cca6 f   ucrtd:ucrtbased.dll
 0001:0002bcac       ferror                     000000018002ccac f   ucrtd:ucrtbased.dll
 0001:0002bcb2       fopen                      000000018002ccb2 f   ucrtd:ucrtbased.dll
 0001:0002bcb8       fread                      000000018002ccb8 f   ucrtd:ucrtbased.dll
 0001:0002bcbe       fseek                      000000018002ccbe f   ucrtd:ucrtbased.dll
 0001:0002bcc4       _fseeki64                  000000018002ccc4 f   ucrtd:ucrtbased.dll
 0001:0002bcca       ftell                      000000018002ccca f   ucrtd:ucrtbased.dll
 0001:0002bcd0       _ftelli64                  000000018002ccd0 f   ucrtd:ucrtbased.dll
 0001:0002bcd6       fwrite                     000000018002ccd6 f   ucrtd:ucrtbased.dll
 0001:0002bcdc       strcmp                     000000018002ccdc f   ucrtd:ucrtbased.dll
 0001:0002bce2       srand                      000000018002cce2 f   ucrtd:ucrtbased.dll
 0001:0002bce8       rand                       000000018002cce8 f   ucrtd:ucrtbased.dll
 0001:0002bcee       _time64                    000000018002ccee f   ucrtd:ucrtbased.dll
 0001:0002bcf4       _initterm                  000000018002ccf4 f   ucrtd:ucrtbased.dll
 0001:0002bcfa       _initterm_e                000000018002ccfa f   ucrtd:ucrtbased.dll
 0001:0002bd00       _seh_filter_dll            000000018002cd00 f   ucrtd:ucrtbased.dll
 0001:0002bd06       _configure_narrow_argv     000000018002cd06 f   ucrtd:ucrtbased.dll
 0001:0002bd0c       _initialize_narrow_environment 000000018002cd0c f   ucrtd:ucrtbased.dll
 0001:0002bd12       _initialize_onexit_table   000000018002cd12 f   ucrtd:ucrtbased.dll
 0001:0002bd18       _register_onexit_function  000000018002cd18 f   ucrtd:ucrtbased.dll
 0001:0002bd1e       _execute_onexit_table      000000018002cd1e f   ucrtd:ucrtbased.dll
 0001:0002bd24       _crt_atexit                000000018002cd24 f   ucrtd:ucrtbased.dll
 0001:0002bd2a       _crt_at_quick_exit         000000018002cd2a f   ucrtd:ucrtbased.dll
 0001:0002bd30       _cexit                     000000018002cd30 f   ucrtd:ucrtbased.dll
 0001:0002bd36       terminate                  000000018002cd36 f   ucrtd:ucrtbased.dll
 0001:0002bd3c       QueryPerformanceCounter    000000018002cd3c f   kernel32:KERNEL32.dll
 0001:0002bd42       GetCurrentProcessId        000000018002cd42 f   kernel32:KERNEL32.dll
 0001:0002bd48       GetCurrentThreadId         000000018002cd48 f   kernel32:KERNEL32.dll
 0001:0002bd4e       GetSystemTimeAsFileTime    000000018002cd4e f   kernel32:KERNEL32.dll
 0001:0002bd54       DisableThreadLibraryCalls  000000018002cd54 f   kernel32:KERNEL32.dll
 0001:0002bd5a       InitializeSListHead        000000018002cd5a f   kernel32:KERNEL32.dll
 0001:0002bd60       RtlCaptureContext          000000018002cd60 f   kernel32:KERNEL32.dll
 0001:0002bd66       RtlLookupFunctionEntry     000000018002cd66 f   kernel32:KERNEL32.dll
 0001:0002bd6c       RtlVirtualUnwind           000000018002cd6c f   kernel32:KERNEL32.dll
 0001:0002bd72       IsDebuggerPresent          000000018002cd72 f   kernel32:KERNEL32.dll
 0001:0002bd78       UnhandledExceptionFilter   000000018002cd78 f   kernel32:KERNEL32.dll
 0001:0002bd7e       SetUnhandledExceptionFilter 000000018002cd7e f   kernel32:KERNEL32.dll
 0001:0002bd84       GetStartupInfoW            000000018002cd84 f   kernel32:KERNEL32.dll
 0001:0002bd8a       IsProcessorFeaturePresent  000000018002cd8a f   kernel32:KERNEL32.dll
 0001:0002bd90       GetModuleHandleW           000000018002cd90 f   kernel32:KERNEL32.dll
 0001:0002bd96       GetCurrentProcess          000000018002cd96 f   kernel32:KERNEL32.dll
 0001:0002bd9c       TerminateProcess           000000018002cd9c f   kernel32:KERNEL32.dll
 0001:0002bdb0       __scrt_stub_for_acrt_initialize 000000018002cdb0 f   MSVCRTD:ucrt_stubs.obj
 0001:0002bdb0       __acrt_initialize          000000018002cdb0 f   MSVCRTD:ucrt_stubs.obj
 0001:0002bdb0       __vcrt_initialize          000000018002cdb0 f   MSVCRTD:ucrt_stubs.obj
 0001:0002bdc0       __scrt_stub_for_acrt_thread_attach 000000018002cdc0 f   MSVCRTD:ucrt_stubs.obj
 0001:0002bdc0       __acrt_thread_attach       000000018002cdc0 f   MSVCRTD:ucrt_stubs.obj
 0001:0002bdc0       __vcrt_thread_attach       000000018002cdc0 f   MSVCRTD:ucrt_stubs.obj
 0001:0002bdd0       __scrt_stub_for_acrt_thread_detach 000000018002cdd0 f   MSVCRTD:ucrt_stubs.obj
 0001:0002bdd0       __acrt_thread_detach       000000018002cdd0 f   MSVCRTD:ucrt_stubs.obj
 0001:0002bdd0       __vcrt_thread_detach       000000018002cdd0 f   MSVCRTD:ucrt_stubs.obj
 0001:0002bde0       __vcrt_uninitialize        000000018002cde0 f   MSVCRTD:ucrt_stubs.obj
 0001:0002bde0       __acrt_uninitialize        000000018002cde0 f   MSVCRTD:ucrt_stubs.obj
 0001:0002bde0       __scrt_stub_for_acrt_uninitialize 000000018002cde0 f   MSVCRTD:ucrt_stubs.obj
 0001:0002bdf0       __acrt_uninitialize_critical 000000018002cdf0 f   MSVCRTD:ucrt_stubs.obj
 0001:0002bdf0       __vcrt_uninitialize_critical 000000018002cdf0 f   MSVCRTD:ucrt_stubs.obj
 0001:0002bdf0       __scrt_stub_for_acrt_uninitialize_critical 000000018002cdf0 f   MSVCRTD:ucrt_stubs.obj
 0001:0002be00       _is_c_termination_complete 000000018002ce00 f   MSVCRTD:ucrt_stubs.obj
 0001:0002be00       __scrt_stub_for_is_c_termination_complete 000000018002ce00 f   MSVCRTD:ucrt_stubs.obj
 0001:0002d210       _guard_dispatch_icall_nop  000000018002e210 f   MSVCRTD:guard_dispatch.obj
 0002:00000000       __xc_a                     0000000180031000     MSVCRTD:initializers.obj
 0002:00000110       __xc_z                     0000000180031110     MSVCRTD:initializers.obj
 0002:00000220       __xi_a                     0000000180031220     MSVCRTD:initializers.obj
 0002:00000330       __xi_z                     0000000180031330     MSVCRTD:initializers.obj
 0002:00000440       __xp_a                     0000000180031440     MSVCRTD:initializers.obj
 0002:00000550       __xp_z                     0000000180031550     MSVCRTD:initializers.obj
 0002:00000660       __xt_a                     0000000180031660     MSVCRTD:initializers.obj
 0002:00000770       __xt_z                     0000000180031770     MSVCRTD:initializers.obj
 0002:00002ef0       deflate_copyright          0000000180033ef0     deflate.obj
 0002:000044e0       inflate_copyright          00000001800354e0     inftrees.obj
 0002:00004650       _length_code               0000000180035650     trees.obj
 0002:00004750       _dist_code                 0000000180035750     trees.obj
 0002:00005340       unz_copyright              0000000180036340     unzip.obj
 0002:000053b0       zip_copyright              00000001800363b0     zip.obj
 0002:00005410       z_errmsg                   0000000180036410     zutil.obj
 0002:00005470       _pRawDllMain               0000000180036470     MSVCRTD:dll_dllmain.obj
 0002:00005470       _pDefaultRawDllMain        0000000180036470     MSVCRTD:dll_dllmain.obj
 0002:000054d0       _load_config_used          00000001800364d0     MSVCRTD:loadcfg.obj
 0002:00005900       __rtc_iaa                  0000000180036900     MSVCRTD:initsect.obj
 0002:00005a10       __rtc_izz                  0000000180036a10     MSVCRTD:initsect.obj
 0002:00005b20       __rtc_taa                  0000000180036b20     MSVCRTD:initsect.obj
 0002:00005c30       __rtc_tzz                  0000000180036c30     MSVCRTD:initsect.obj
 0003:00000850       __scrt_native_dllmain_reason 0000000180039850     MSVCRTD:utility.obj
 0003:00000858       __security_cookie_complement 0000000180039858     MSVCRTD:gs_cookie.obj
 0003:00000860       __security_cookie          0000000180039860     MSVCRTD:gs_cookie.obj
 0003:00000870       __isa_available            0000000180039870     MSVCRTD:cpu_disp.obj
 0003:00000874       __isa_enabled              0000000180039874     MSVCRTD:cpu_disp.obj
 0003:00000878       __memcpy_nt_iters          0000000180039878     MSVCRTD:cpu_disp.obj
 0003:00000880       __memset_nt_iters          0000000180039880     MSVCRTD:cpu_disp.obj
 0003:00000890       __scrt_ucrt_dll_is_in_use  0000000180039890     MSVCRTD:ucrt_stubs.obj
 0003:000009c0       ?__type_info_root_node@@3U__type_info_node@@A 00000001800399c0     MSVCRTD:tncleanup.obj
 0003:000009d8       ?_OptionsStorage@?1??__local_stdio_printf_options@@9@4_KA 00000001800399d8     MSVCRTD:default_local_stdio_options.obj
 0003:000009e8       ?_OptionsStorage@?1??__local_stdio_scanf_options@@9@4_KA 00000001800399e8     MSVCRTD:default_local_stdio_options.obj
 0003:000009f8       __scrt_current_native_startup_state 00000001800399f8     MSVCRTD:utility.obj
 0003:00000a00       __scrt_native_startup_lock 0000000180039a00     MSVCRTD:utility.obj
 0003:00000a50       __scrt_debugger_hook_flag  0000000180039a50     MSVCRTD:utility_desktop.obj
 0003:00000a54       __favor                    0000000180039a54     MSVCRTD:cpu_disp.obj
 0003:000010e8       ?_OptionsStorage@?1??__local_stdio_printf_options@@9@9 000000018003a0e8     <common>
 0003:00001100       __dyn_tls_init_callback    000000018003a100     <common>
 0005:00000000       __imp_ReadFile             000000018003d000     kernel32:KERNEL32.dll
 0005:00000008       __imp_SetFilePointerEx     000000018003d008     kernel32:KERNEL32.dll
 0005:00000010       __imp_WriteFile            000000018003d010     kernel32:KERNEL32.dll
 0005:00000018       __imp_CreateFile2          000000018003d018     kernel32:KERNEL32.dll
 0005:00000020       __imp_CloseHandle          000000018003d020     kernel32:KERNEL32.dll
 0005:00000028       __imp_GetLastError         000000018003d028     kernel32:KERNEL32.dll
 0005:00000030       __imp_MultiByteToWideChar  000000018003d030     kernel32:KERNEL32.dll
 0005:00000038       __imp_GetCurrentProcess    000000018003d038     kernel32:KERNEL32.dll
 0005:00000040       __imp_GetModuleHandleW     000000018003d040     kernel32:KERNEL32.dll
 0005:00000048       __imp_IsProcessorFeaturePresent 000000018003d048     kernel32:KERNEL32.dll
 0005:00000050       __imp_GetStartupInfoW      000000018003d050     kernel32:KERNEL32.dll
 0005:00000058       __imp_SetUnhandledExceptionFilter 000000018003d058     kernel32:KERNEL32.dll
 0005:00000060       __imp_UnhandledExceptionFilter 000000018003d060     kernel32:KERNEL32.dll
 0005:00000068       __imp_IsDebuggerPresent    000000018003d068     kernel32:KERNEL32.dll
 0005:00000070       __imp_RtlVirtualUnwind     000000018003d070     kernel32:KERNEL32.dll
 0005:00000078       __imp_RtlLookupFunctionEntry 000000018003d078     kernel32:KERNEL32.dll
 0005:00000080       __imp_RtlCaptureContext    000000018003d080     kernel32:KERNEL32.dll
 0005:00000088       __imp_InitializeSListHead  000000018003d088     kernel32:KERNEL32.dll
 0005:00000090       __imp_DisableThreadLibraryCalls 000000018003d090     kernel32:KERNEL32.dll
 0005:00000098       __imp_GetSystemTimeAsFileTime 000000018003d098     kernel32:KERNEL32.dll
 0005:000000a0       __imp_GetCurrentThreadId   000000018003d0a0     kernel32:KERNEL32.dll
 0005:000000a8       __imp_GetCurrentProcessId  000000018003d0a8     kernel32:KERNEL32.dll
 0005:000000b0       __imp_QueryPerformanceCounter 000000018003d0b0     kernel32:KERNEL32.dll
 0005:000000b8       __imp_TerminateProcess     000000018003d0b8     kernel32:KERNEL32.dll
 0005:000000c0       \177KERNEL32_NULL_THUNK_DATA 000000018003d0c0     kernel32:KERNEL32.dll
 0005:00000138       __imp___C_specific_handler 000000018003d138     vcruntimed:VCRUNTIME140D.dll
 0005:00000140       __imp___std_type_info_destroy_list 000000018003d140     vcruntimed:VCRUNTIME140D.dll
 0005:00000148       __imp___current_exception  000000018003d148     vcruntimed:VCRUNTIME140D.dll
 0005:00000150       __imp___current_exception_context 000000018003d150     vcruntimed:VCRUNTIME140D.dll
 0005:00000158       __imp_memchr               000000018003d158     vcruntimed:VCRUNTIME140D.dll
 0005:00000160       __imp_memcpy               000000018003d160     vcruntimed:VCRUNTIME140D.dll
 0005:00000168       __imp_memset               000000018003d168     vcruntimed:VCRUNTIME140D.dll
 0005:00000170       \177VCRUNTIME140D_NULL_THUNK_DATA 000000018003d170     vcruntimed:VCRUNTIME140D.dll
 0005:000001d0       __imp_fseek                000000018003d1d0     ucrtd:ucrtbased.dll
 0005:000001d8       __imp__fseeki64            000000018003d1d8     ucrtd:ucrtbased.dll
 0005:000001e0       __imp_ftell                000000018003d1e0     ucrtd:ucrtbased.dll
 0005:000001e8       __imp__open                000000018003d1e8     ucrtd:ucrtbased.dll
 0005:000001f0       __imp_fwrite               000000018003d1f0     ucrtd:ucrtbased.dll
 0005:000001f8       __imp_strcmp               000000018003d1f8     ucrtd:ucrtbased.dll
 0005:00000200       __imp_srand                000000018003d200     ucrtd:ucrtbased.dll
 0005:00000208       __imp_rand                 000000018003d208     ucrtd:ucrtbased.dll
 0005:00000210       __imp__time64              000000018003d210     ucrtd:ucrtbased.dll
 0005:00000218       __imp__initterm            000000018003d218     ucrtd:ucrtbased.dll
 0005:00000220       __imp__initterm_e          000000018003d220     ucrtd:ucrtbased.dll
 0005:00000228       __imp__seh_filter_dll      000000018003d228     ucrtd:ucrtbased.dll
 0005:00000230       __imp__configure_narrow_argv 000000018003d230     ucrtd:ucrtbased.dll
 0005:00000238       __imp_fopen                000000018003d238     ucrtd:ucrtbased.dll
 0005:00000240       __imp__initialize_onexit_table 000000018003d240     ucrtd:ucrtbased.dll
 0005:00000248       __imp__register_onexit_function 000000018003d248     ucrtd:ucrtbased.dll
 0005:00000250       __imp__execute_onexit_table 000000018003d250     ucrtd:ucrtbased.dll
 0005:00000258       __imp__crt_atexit          000000018003d258     ucrtd:ucrtbased.dll
 0005:00000260       __imp__crt_at_quick_exit   000000018003d260     ucrtd:ucrtbased.dll
 0005:00000268       __imp__cexit               000000018003d268     ucrtd:ucrtbased.dll
 0005:00000270       __imp_terminate            000000018003d270     ucrtd:ucrtbased.dll
 0005:00000278       __imp_ferror               000000018003d278     ucrtd:ucrtbased.dll
 0005:00000280       __imp__lseeki64            000000018003d280     ucrtd:ucrtbased.dll
 0005:00000288       __imp__wopen               000000018003d288     ucrtd:ucrtbased.dll
 0005:00000290       __imp_wcstombs             000000018003d290     ucrtd:ucrtbased.dll
 0005:00000298       __imp_malloc               000000018003d298     ucrtd:ucrtbased.dll
 0005:000002a0       __imp_free                 000000018003d2a0     ucrtd:ucrtbased.dll
 0005:000002a8       __imp_strlen               000000018003d2a8     ucrtd:ucrtbased.dll
 0005:000002b0       __imp___stdio_common_vsprintf 000000018003d2b0     ucrtd:ucrtbased.dll
 0005:000002b8       __imp_fread                000000018003d2b8     ucrtd:ucrtbased.dll
 0005:000002c0       __imp_fclose               000000018003d2c0     ucrtd:ucrtbased.dll
 0005:000002c8       __imp__write               000000018003d2c8     ucrtd:ucrtbased.dll
 0005:000002d0       __imp__read                000000018003d2d0     ucrtd:ucrtbased.dll
 0005:000002d8       __imp__close               000000018003d2d8     ucrtd:ucrtbased.dll
 0005:000002e0       __imp_strerror             000000018003d2e0     ucrtd:ucrtbased.dll
 0005:000002e8       __imp__initialize_narrow_environment 000000018003d2e8     ucrtd:ucrtbased.dll
 0005:000002f0       __imp__errno               000000018003d2f0     ucrtd:ucrtbased.dll
 0005:000002f8       __imp__ftelli64            000000018003d2f8     ucrtd:ucrtbased.dll
 0005:00000300       \177ucrtbased_NULL_THUNK_DATA 000000018003d300     ucrtd:ucrtbased.dll
 0005:00000390       __IMPORT_DESCRIPTOR_KERNEL32 000000018003d390     kernel32:KERNEL32.dll
 0005:000003a4       __IMPORT_DESCRIPTOR_VCRUNTIME140D 000000018003d3a4     vcruntimed:VCRUNTIME140D.dll
 0005:000003b8       __IMPORT_DESCRIPTOR_ucrtbased 000000018003d3b8     ucrtd:ucrtbased.dll
 0005:000003cc       __NULL_IMPORT_DESCRIPTOR   000000018003d3cc     kernel32:KERNEL32.dll
 0006:00000000       __guard_check_icall_fptr   000000018003e000     MSVCRTD:guard_support.obj
 0006:00000010       __guard_xfg_check_icall_fptr 000000018003e010     MSVCRTD:guard_support.obj
 0006:00000020       __guard_dispatch_icall_fptr 000000018003e020     MSVCRTD:guard_support.obj
 0006:00000030       __guard_xfg_dispatch_icall_fptr 000000018003e030     MSVCRTD:guard_support.obj
 0006:00000040       __guard_xfg_table_dispatch_icall_fptr 000000018003e040     MSVCRTD:guard_support.obj

 entry point at        0001:00000514

 Static symbols

 0004:fffc5000       $pdata$vsnprintf           0000000180000000     gzwrite.obj
 0002:fffcf000       $unwind$vsnprintf          0000000180000000     gzwrite.obj
 0000:fffbf000       .debug$S                   0000000180000000     zlibwapi.exp
 0000:fffbf000       .debug$S                   0000000180000000     ucrtd:ucrtbased.dll
 0000:fffbf000       .debug$S                   0000000180000000     ucrtd:ucrtbased.dll
 0000:fffbf000       .debug$S                   0000000180000000     ucrtd:ucrtbased.dll
 0000:fffbf000       .debug$S                   0000000180000000     ucrtd:ucrtbased.dll
 0000:fffbf000       .debug$S                   0000000180000000     ucrtd:ucrtbased.dll
 0000:fffbf000       .debug$S                   0000000180000000     ucrtd:ucrtbased.dll
 0000:fffbf000       .debug$S                   0000000180000000     ucrtd:ucrtbased.dll
 0000:fffbf000       .debug$S                   0000000180000000     ucrtd:ucrtbased.dll
 0000:fffbf000       .debug$S                   0000000180000000     ucrtd:ucrtbased.dll
 0000:fffbf000       .debug$S                   0000000180000000     ucrtd:ucrtbased.dll
 0000:fffbf000       .debug$S                   0000000180000000     ucrtd:ucrtbased.dll
 0000:fffbf000       .debug$S                   0000000180000000     ucrtd:ucrtbased.dll
 0000:fffbf000       .debug$S                   0000000180000000     ucrtd:ucrtbased.dll
 0000:fffbf000       .debug$S                   0000000180000000     ucrtd:ucrtbased.dll
 0000:fffbf000       .debug$S                   0000000180000000     ucrtd:ucrtbased.dll
 0000:fffbf000       .debug$S                   0000000180000000     ucrtd:ucrtbased.dll
 0000:fffbf000       .debug$S                   0000000180000000     ucrtd:ucrtbased.dll
 0000:fffbf000       .debug$S                   0000000180000000     ucrtd:ucrtbased.dll
 0000:fffbf000       .debug$S                   0000000180000000     ucrtd:ucrtbased.dll
 0000:fffbf000       .debug$S                   0000000180000000     ucrtd:ucrtbased.dll
 0000:fffbf000       .debug$S                   0000000180000000     ucrtd:ucrtbased.dll
 0000:fffbf000       .debug$S                   0000000180000000     ucrtd:ucrtbased.dll
 0000:fffbf000       .debug$S                   0000000180000000     ucrtd:ucrtbased.dll
 0000:fffbf000       .debug$S                   0000000180000000     ucrtd:ucrtbased.dll
 0000:fffbf000       .debug$S                   0000000180000000     ucrtd:ucrtbased.dll
 0000:fffbf000       .debug$S                   0000000180000000     ucrtd:ucrtbased.dll
 0000:fffbf000       .debug$S                   0000000180000000     ucrtd:ucrtbased.dll
 0000:fffbf000       .debug$S                   0000000180000000     ucrtd:ucrtbased.dll
 0000:fffbf000       .debug$S                   0000000180000000     ucrtd:ucrtbased.dll
 0000:fffbf000       .debug$S                   0000000180000000     ucrtd:ucrtbased.dll
 0000:fffbf000       .debug$S                   0000000180000000     ucrtd:ucrtbased.dll
 0000:fffbf000       .debug$S                   0000000180000000     ucrtd:ucrtbased.dll
 0000:fffbf000       .debug$S                   0000000180000000     ucrtd:ucrtbased.dll
 0000:fffbf000       .debug$S                   0000000180000000     ucrtd:ucrtbased.dll
 0000:fffbf000       .debug$S                   0000000180000000     ucrtd:ucrtbased.dll
 0000:fffbf000       .debug$S                   0000000180000000     ucrtd:ucrtbased.dll
 0000:fffbf000       .debug$S                   0000000180000000     ucrtd:ucrtbased.dll
 0000:fffbf000       .debug$S                   0000000180000000     ucrtd:ucrtbased.dll
 0000:fffbf000       .debug$S                   0000000180000000     kernel32:KERNEL32.dll
 0000:fffbf000       .debug$S                   0000000180000000     kernel32:KERNEL32.dll
 0000:fffbf000       .debug$S                   0000000180000000     kernel32:KERNEL32.dll
 0000:fffbf000       .debug$S                   0000000180000000     kernel32:KERNEL32.dll
 0000:fffbf000       .debug$S                   0000000180000000     kernel32:KERNEL32.dll
 0000:fffbf000       .debug$S                   0000000180000000     kernel32:KERNEL32.dll
 0000:fffbf000       .debug$S                   0000000180000000     kernel32:KERNEL32.dll
 0000:fffbf000       .debug$S                   0000000180000000     kernel32:KERNEL32.dll
 0000:fffbf000       .debug$S                   0000000180000000     kernel32:KERNEL32.dll
 0000:fffbf000       .debug$S                   0000000180000000     kernel32:KERNEL32.dll
 0000:fffbf000       .debug$S                   0000000180000000     kernel32:KERNEL32.dll
 0000:fffbf000       .debug$S                   0000000180000000     kernel32:KERNEL32.dll
 0000:fffbf000       .debug$S                   0000000180000000     kernel32:KERNEL32.dll
 0000:fffbf000       .debug$S                   0000000180000000     kernel32:KERNEL32.dll
 0000:fffbf000       .debug$S                   0000000180000000     kernel32:KERNEL32.dll
 0000:fffbf000       .debug$S                   0000000180000000     kernel32:KERNEL32.dll
 0000:fffbf000       .debug$S                   0000000180000000     kernel32:KERNEL32.dll
 0000:fffbf000       .debug$S                   0000000180000000     kernel32:KERNEL32.dll
 0000:fffbf000       .debug$S                   0000000180000000     kernel32:KERNEL32.dll
 0000:fffbf000       .debug$S                   0000000180000000     kernel32:KERNEL32.dll
 0000:fffbf000       .debug$S                   0000000180000000     kernel32:KERNEL32.dll
 0000:fffbf000       .debug$S                   0000000180000000     kernel32:KERNEL32.dll
 0000:fffbf000       .debug$S                   0000000180000000     kernel32:KERNEL32.dll
 0000:fffbf000       .debug$S                   0000000180000000     kernel32:KERNEL32.dll
 0000:fffc2000       __guard_fids_?dllmain_dispatch@@YAHQEAUHINSTANCE__@@KQEAX@Z 0000000180000000     MSVCRTD:dll_dllmain.obj
 0000:fffc2000       __guard_fids__             0000000180000000     MSVCRTD:guard_support.obj
 0000:fffc2000       __guard_fids__             0000000180000000     MSVCRTD:guard_support.obj
 0000:fffc2000       __guard_fids__guard_icall_checks_enforced 0000000180000000     MSVCRTD:guard_support.obj
 0000:fffc2000       __guard_fids___scrt_set_unhandled_exception_filter 0000000180000000     MSVCRTD:utility_desktop.obj
 0000:fffbf000       .debug$S                   0000000180000000     vcruntimed:VCRUNTIME140D.dll
 0000:fffbf000       .debug$S                   0000000180000000     vcruntimed:VCRUNTIME140D.dll
 0000:fffbf000       .debug$S                   0000000180000000     vcruntimed:VCRUNTIME140D.dll
 0000:fffbf000       .debug$S                   0000000180000000     vcruntimed:VCRUNTIME140D.dll
 0000:fffbf000       .debug$S                   0000000180000000     vcruntimed:VCRUNTIME140D.dll
 0000:fffbf000       .debug$S                   0000000180000000     vcruntimed:VCRUNTIME140D.dll
 0000:fffbf000       .debug$S                   0000000180000000     vcruntimed:VCRUNTIME140D.dll
 0001:00000a50       $$000000                   0000000180001a50     gvmat64.obj
 0001:00000de0       $$000000                   0000000180001de0     inffasx64.obj
 0001:00002070       adler32_combine_           0000000180003070 f   adler32.obj
 0001:00002b20       crc32_little               0000000180003b20 f   crc32.obj
 0001:00003320       crc32_big                  0000000180004320 f   crc32.obj
 0001:00003b80       gf2_matrix_times           0000000180004b80 f   crc32.obj
 0001:00003be0       gf2_matrix_square          0000000180004be0 f   crc32.obj
 0001:00003c40       crc32_combine_             0000000180004c40 f   crc32.obj
 0001:00006ec0       deflateStateCheck          0000000180007ec0 f   deflate.obj
 0001:00006f80       slide_hash                 0000000180007f80 f   deflate.obj
 0001:00007090       fill_window                0000000180008090 f   deflate.obj
 0001:00007540       deflate_stored             0000000180008540 f   deflate.obj
 0001:00008000       deflate_fast               0000000180009000 f   deflate.obj
 0001:00008a60       deflate_slow               0000000180009a60 f   deflate.obj
 0001:00009760       deflate_rle                000000018000a760 f   deflate.obj
 0001:00009fe0       deflate_huff               000000018000afe0 f   deflate.obj
 0001:0000a360       lm_init                    000000018000b360 f   deflate.obj
 0001:0000a4e0       putShortMSB                000000018000b4e0 f   deflate.obj
 0001:0000a550       flush_pending              000000018000b550 f   deflate.obj
 0001:0000a660       read_buf                   000000018000b660 f   deflate.obj
 0001:0000cb50       gz_reset                   000000018000db50 f   gzlib.obj
 0001:0000cbe0       gz_open                    000000018000dbe0 f   gzlib.obj
 0001:0000d064       $LN49                      000000018000e064     gzlib.obj
 0001:0000d090       $LN48                      000000018000e090     gzlib.obj
 0001:0000ded0       gz_load                    000000018000eed0 f   gzread.obj
 0001:0000dfd0       gz_avail                   000000018000efd0 f   gzread.obj
 0001:0000e100       gz_look                    000000018000f100 f   gzread.obj
 0001:0000e3d0       gz_decomp                  000000018000f3d0 f   gzread.obj
 0001:0000e560       gz_fetch                   000000018000f560 f   gzread.obj
 0001:0000e690       gz_skip                    000000018000f690 f   gzread.obj
 0001:0000e790       gz_read                    000000018000f790 f   gzread.obj
 0001:0000f830       gz_init                    0000000180010830 f   gzwrite.obj
 0001:0000fa10       gz_comp                    0000000180010a10 f   gzwrite.obj
 0001:0000fcf0       gz_zero                    0000000180010cf0 f   gzwrite.obj
 0001:0000fe10       gz_write                   0000000180010e10 f   gzwrite.obj
 0001:00012100       $LN347                     0000000180013100     infback.obj
 0001:00012350       fixedtables                0000000180013350 f   infback.obj
 0001:00015de0       $LN525                     0000000180016de0     inflate.obj
 0001:00016d30       inflateStateCheck          0000000180017d30 f   inflate.obj
 0001:00016db0       fixedtables                0000000180017db0 f   inflate.obj
 0001:00016e00       updatewindow               0000000180017e00 f   inflate.obj
 0001:00017050       syncsearch                 0000000180018050 f   inflate.obj
 0001:00018ea0       fopen_file_func            0000000180019ea0 f   ioapi.obj
 0001:00018f50       fread_file_func            0000000180019f50 f   ioapi.obj
 0001:00018fa0       fwrite_file_func           0000000180019fa0 f   ioapi.obj
 0001:00018ff0       ftell64_file_func          0000000180019ff0 f   ioapi.obj
 0001:00019020       fseek64_file_func          000000018001a020 f   ioapi.obj
 0001:000190c0       fclose_file_func           000000018001a0c0 f   ioapi.obj
 0001:000190f0       ferror_file_func           000000018001a0f0 f   ioapi.obj
 0001:00019120       fopen64_file_func          000000018001a120 f   ioapi.obj
 0001:000191d0       ftell_file_func            000000018001a1d0 f   ioapi.obj
 0001:00019200       fseek_file_func            000000018001a200 f   ioapi.obj
 0001:00019b10       win32_translate_open_mode  000000018001ab10 f   iowin32.obj
 0001:00019bd0       win32_build_iowin          000000018001abd0 f   iowin32.obj
 0001:00019ea0       MySetFilePointerEx         000000018001aea0 f   iowin32.obj
 0001:0001b010       tr_static_init             000000018001c010 f   trees.obj
 0001:0001b020       init_block                 000000018001c020 f   trees.obj
 0001:0001b120       pqdownheap                 000000018001c120 f   trees.obj
 0001:0001b320       gen_bitlen                 000000018001c320 f   trees.obj
 0001:0001b700       gen_codes                  000000018001c700 f   trees.obj
 0001:0001b7f0       build_tree                 000000018001c7f0 f   trees.obj
 0001:0001bd40       scan_tree                  000000018001cd40 f   trees.obj
 0001:0001bf80       send_tree                  000000018001cf80 f   trees.obj
 0001:0001cc90       build_bl_tree              000000018001dc90 f   trees.obj
 0001:0001cd70       send_all_trees             000000018001dd70 f   trees.obj
 0001:0001d390       compress_block             000000018001e390 f   trees.obj
 0001:0001dd70       detect_data_type           000000018001ed70 f   trees.obj
 0001:0001de70       bi_reverse                 000000018001ee70 f   trees.obj
 0001:0001ded0       bi_windup                  000000018001eed0 f   trees.obj
 0001:0001dfc0       bi_flush                   000000018001efc0 f   trees.obj
 0001:00020fc0       unz64local_getByte         0000000180021fc0 f   unzip.obj
 0001:00021050       unz64local_getShort        0000000180022050 f   unzip.obj
 0001:000210f0       unz64local_getLong         00000001800220f0 f   unzip.obj
 0001:000211f0       unz64local_getLong64       00000001800221f0 f   unzip.obj
 0001:000213f0       strcmpcasenosensitive_internal 00000001800223f0 f   unzip.obj
 0001:000214e0       unz64local_SearchCentralDir 00000001800224e0 f   unzip.obj
 0001:00021730       unz64local_SearchCentralDir64 0000000180022730 f   unzip.obj
 0001:00021ac0       unzOpenInternal            0000000180022ac0 f   unzip.obj
 0001:00022030       unz64local_DosDateToTmuDate 0000000180023030 f   unzip.obj
 0001:00022100       unz64local_GetCurrentFileInfoInternal 0000000180023100 f   unzip.obj
 0001:00022980       unz64local_CheckCurrentFileCoherencyHeader 0000000180023980 f   unzip.obj
 0001:00023b70       time                       0000000180024b70 f   zip.obj
 0001:00025ca0       decrypt_byte               0000000180026ca0 f   zip.obj
 0001:00025cf0       update_keys                0000000180026cf0 f   zip.obj
 0001:00025dc0       init_keys                  0000000180026dc0 f   zip.obj
 0001:00025e40       crypthead                  0000000180026e40 f   zip.obj
 0001:00026060       allocate_new_datablock     0000000180027060 f   zip.obj
 0001:000260b0       free_datablock             00000001800270b0 f   zip.obj
 0001:00026100       init_linkedlist            0000000180027100 f   zip.obj
 0001:00026130       free_linkedlist            0000000180027130 f   zip.obj
 0001:00026170       add_data_in_datablock      0000000180027170 f   zip.obj
 0001:00026320       zip64local_putValue        0000000180027320 f   zip.obj
 0001:000263f0       zip64local_putValue_inmemory 00000001800273f0 f   zip.obj
 0001:00026490       zip64local_TmzDateToDosDate 0000000180027490 f   zip.obj
 0001:00026530       zip64local_getByte         0000000180027530 f   zip.obj
 0001:000265c0       zip64local_getShort        00000001800275c0 f   zip.obj
 0001:00026660       zip64local_getLong         0000000180027660 f   zip.obj
 0001:00026760       zip64local_getLong64       0000000180027760 f   zip.obj
 0001:00026960       zip64local_SearchCentralDir 0000000180027960 f   zip.obj
 0001:00026bb0       zip64local_SearchCentralDir64 0000000180027bb0 f   zip.obj
 0001:00027d10       zip64FlushWriteBuffer      0000000180028d10 f   zip.obj
 0001:00029940       $$000000                   000000018002a940     MSVCRTD:chkstk.obj
 0001:000299c0       ?dllmain_crt_dispatch@@YAHQEAUHINSTANCE__@@KQEAX@Z 000000018002a9c0 f   MSVCRTD:dll_dllmain.obj
 0001:00029a70       ?dllmain_crt_process_attach@@YAHQEAUHINSTANCE__@@QEAX@Z 000000018002aa70 f   MSVCRTD:dll_dllmain.obj
 0001:00029c00       ?dllmain_crt_process_detach@@YAH_N@Z 000000018002ac00 f   MSVCRTD:dll_dllmain.obj
 0001:00029cc0       ?dllmain_dispatch@@YAHQEAUHINSTANCE__@@KQEAX@Z 000000018002acc0 f   MSVCRTD:dll_dllmain.obj
 0001:00029e50       ?dllmain_raw@@YAHQEAUHINSTANCE__@@KQEAX@Z 000000018002ae50 f   MSVCRTD:dll_dllmain.obj
 0001:00029f50       __get_entropy              000000018002af50 f   MSVCRTD:gs_support.obj
 0001:0002a200       ?find_pe_section@@YAPEAU_IMAGE_SECTION_HEADER@@QEAE_K@Z 000000018002b200 f   MSVCRTD:utility.obj
 0001:0002a320       ?is_potentially_valid_image_base@@YA_NQEAX@Z 000000018002b320 f   MSVCRTD:utility.obj
 0001:0002b6a0       $$000000                   000000018002c6a0     MSVCRTD:amdsecgs.obj
 0001:0002ba90       capture_current_context    000000018002ca90 f   MSVCRTD:gs_report.obj
 0001:0002bb50       capture_previous_context   000000018002cb50 f   MSVCRTD:gs_report.obj
 0001:0002d200       $$000000                   000000018002e200     MSVCRTD:guard_dispatch.obj
 0001:0002e220       ?fin$0@?0??dllmain_crt_process_attach@@YAHQEAUHINSTANCE__@@QEAX@Z@4HA 000000018002f220 f   MSVCRTD:dll_dllmain.obj
 0001:0002e240       ?fin$0@?0??dllmain_crt_process_detach@@YAH_N@Z@4HA 000000018002f240 f   MSVCRTD:dll_dllmain.obj
 0001:0002e25a       ?fin$1@?0??dllmain_crt_process_detach@@YAH_N@Z@4HA 000000018002f25a f   MSVCRTD:dll_dllmain.obj
 0001:0002e280       ?filt$0@?0??dllmain_dispatch@@YAHQEAUHINSTANCE__@@KQEAX@Z@4HA 000000018002f280 f   MSVCRTD:dll_dllmain.obj
 0001:0002e2e0       __scrt_is_nonwritable_in_current_image$filt$0 000000018002f2e0 f   MSVCRTD:utility.obj
 0002:00000880       crc_table                  0000000180031880     crc32.obj
 0002:00002f40       configuration_table        0000000180033f40     deflate.obj
 0002:00002fe0       ?my_version@?1??deflateInit2_@@9@9 0000000180033fe0     deflate.obj
 0002:00003020       ?lenfix@?1??fixedtables@@9@9 0000000180034020     infback.obj
 0002:00003820       ?distfix@?1??fixedtables@@9@9 0000000180034820     infback.obj
 0002:000038a0       ?order@?1??inflateBack@@9@9 00000001800348a0     infback.obj
 0002:00003a80       ?lenfix@?1??fixedtables@@9@9 0000000180034a80     inflate.obj
 0002:00004280       ?distfix@?1??fixedtables@@9@9 0000000180035280     inflate.obj
 0002:00004300       ?order@?1??inflate@@9@9    0000000180035300     inflate.obj
 0002:00004510       ?lbase@?1??inflate_table@@9@9 0000000180035510     inftrees.obj
 0002:00004550       ?lext@?1??inflate_table@@9@9 0000000180035550     inftrees.obj
 0002:00004590       ?dbase@?1??inflate_table@@9@9 0000000180035590     inftrees.obj
 0002:000045d0       ?dext@?1??inflate_table@@9@9 00000001800355d0     inftrees.obj
 0002:00004950       extra_lbits                0000000180035950     trees.obj
 0002:000049d0       extra_dbits                00000001800359d0     trees.obj
 0002:00004a50       extra_blbits               0000000180035a50     trees.obj
 0002:00004aa0       bl_order                   0000000180035aa0     trees.obj
 0002:00004ac0       static_ltree               0000000180035ac0     trees.obj
 0002:00004f40       static_dtree               0000000180035f40     trees.obj
 0002:00004fc0       base_length                0000000180035fc0     trees.obj
 0002:00005040       base_dist                  0000000180036040     trees.obj
 0002:000050b8       static_l_desc              00000001800360b8     trees.obj
 0002:000050d8       static_d_desc              00000001800360d8     trees.obj
 0002:000050f8       static_bl_desc             00000001800360f8     trees.obj
 0002:00005480       GS_ExceptionPointers       0000000180036480     MSVCRTD:gs_report.obj
 0002:00005d40       $unwind$compress3          0000000180036d40     zlibaddons.obj
 0002:00005d48       $unwind$compress4          0000000180036d48     zlibaddons.obj
 0002:00005d50       $unwind$uncompress3        0000000180036d50     zlibaddons.obj
 0002:00005d58       $unwind$uncompress4        0000000180036d58     zlibaddons.obj
 0002:00005d64       $unwind$adler32            0000000180036d64     adler32.obj
 0002:00005d6c       $unwind$adler32_z          0000000180036d6c     adler32.obj
 0002:00005d74       $unwind$adler32_combine    0000000180036d74     adler32.obj
 0002:00005d7c       $unwind$adler32_combine_   0000000180036d7c     adler32.obj
 0002:00005d84       $unwind$adler32_combine64  0000000180036d84     adler32.obj
 0002:00005d90       $unwind$compress           0000000180036d90     compress.obj
 0002:00005d98       $unwind$compress2          0000000180036d98     compress.obj
 0002:00005da4       $unwind$crc32              0000000180036da4     crc32.obj
 0002:00005dac       $unwind$crc32_z            0000000180036dac     crc32.obj
 0002:00005db4       $unwind$crc32_combine      0000000180036db4     crc32.obj
 0002:00005dbc       $unwind$crc32_little       0000000180036dbc     crc32.obj
 0002:00005dc4       $unwind$crc32_big          0000000180036dc4     crc32.obj
 0002:00005dcc       $unwind$gf2_matrix_times   0000000180036dcc     crc32.obj
 0002:00005dd4       $unwind$gf2_matrix_square  0000000180036dd4     crc32.obj
 0002:00005ddc       $unwind$crc32_combine_     0000000180036ddc     crc32.obj
 0002:00005de4       $unwind$crc32_combine64    0000000180036de4     crc32.obj
 0002:00005df4       $unwind$deflate            0000000180036df4     deflate.obj
 0002:00005dfc       $unwind$deflateEnd         0000000180036dfc     deflate.obj
 0002:00005e04       $unwind$deflateSetDictionary 0000000180036e04     deflate.obj
 0002:00005e0c       $unwind$deflateGetDictionary 0000000180036e0c     deflate.obj
 0002:00005e14       $unwind$deflateCopy        0000000180036e14     deflate.obj
 0002:00005e1c       $unwind$deflateReset       0000000180036e1c     deflate.obj
 0002:00005e24       $unwind$deflateParams      0000000180036e24     deflate.obj
 0002:00005e2c       $unwind$deflateTune        0000000180036e2c     deflate.obj
 0002:00005e34       $unwind$deflateBound       0000000180036e34     deflate.obj
 0002:00005e3c       $unwind$deflatePending     0000000180036e3c     deflate.obj
 0002:00005e44       $unwind$deflatePrime       0000000180036e44     deflate.obj
 0002:00005e4c       $unwind$deflateSetHeader   0000000180036e4c     deflate.obj
 0002:00005e54       $unwind$deflateInit_       0000000180036e54     deflate.obj
 0002:00005e5c       $unwind$deflateInit2_      0000000180036e5c     deflate.obj
 0002:00005e64       $unwind$deflateResetKeep   0000000180036e64     deflate.obj
 0002:00005e6c       $unwind$deflateStateCheck  0000000180036e6c     deflate.obj
 0002:00005e74       $unwind$slide_hash         0000000180036e74     deflate.obj
 0002:00005e7c       $unwind$fill_window        0000000180036e7c     deflate.obj
 0002:00005e84       $unwind$deflate_stored     0000000180036e84     deflate.obj
 0002:00005e8c       $unwind$deflate_fast       0000000180036e8c     deflate.obj
 0002:00005e94       $unwind$deflate_slow       0000000180036e94     deflate.obj
 0002:00005e9c       $unwind$deflate_rle        0000000180036e9c     deflate.obj
 0002:00005ea4       $unwind$deflate_huff       0000000180036ea4     deflate.obj
 0002:00005eac       $unwind$lm_init            0000000180036eac     deflate.obj
 0002:00005eb4       $unwind$flush_pending      0000000180036eb4     deflate.obj
 0002:00005ebc       $unwind$read_buf           0000000180036ebc     deflate.obj
 0002:00005ed8       $unwind$gzclose            0000000180036ed8     gzclose.obj
 0002:00005ee0       $unwind$vsnprintf          0000000180036ee0     gzlib.obj
 0002:00005ee8       $unwind$snprintf           0000000180036ee8     gzlib.obj
 0002:00005ef0       $unwind$gzdopen            0000000180036ef0     gzlib.obj
 0002:00005ef8       $unwind$gzbuffer           0000000180036ef8     gzlib.obj
 0002:00005f00       $unwind$gzrewind           0000000180036f00     gzlib.obj
 0002:00005f08       $unwind$gzeof              0000000180036f08     gzlib.obj
 0002:00005f10       $unwind$gzerror            0000000180036f10     gzlib.obj
 0002:00005f18       $unwind$gzclearerr         0000000180036f18     gzlib.obj
 0002:00005f20       $unwind$gzopen             0000000180036f20     gzlib.obj
 0002:00005f28       $unwind$gzseek             0000000180036f28     gzlib.obj
 0002:00005f30       $unwind$gztell             0000000180036f30     gzlib.obj
 0002:00005f38       $unwind$gzoffset           0000000180036f38     gzlib.obj
 0002:00005f40       $unwind$gzopen_w           0000000180036f40     gzlib.obj
 0002:00005f48       $unwind$gzopen64           0000000180036f48     gzlib.obj
 0002:00005f50       $unwind$gzseek64           0000000180036f50     gzlib.obj
 0002:00005f58       $unwind$gztell64           0000000180036f58     gzlib.obj
 0002:00005f60       $unwind$gzoffset64         0000000180036f60     gzlib.obj
 0002:00005f68       $unwind$gz_error           0000000180036f68     gzlib.obj
 0002:00005f70       $unwind$gz_reset           0000000180036f70     gzlib.obj
 0002:00005f78       $unwind$gz_open            0000000180036f78     gzlib.obj
 0002:00005f90       $unwind$gzread             0000000180036f90     gzread.obj
 0002:00005f98       $unwind$gzfread            0000000180036f98     gzread.obj
 0002:00005fa0       $unwind$gzgets             0000000180036fa0     gzread.obj
 0002:00005fa8       $unwind$gzgetc             0000000180036fa8     gzread.obj
 0002:00005fb0       $unwind$gzungetc           0000000180036fb0     gzread.obj
 0002:00005fb8       $unwind$gzdirect           0000000180036fb8     gzread.obj
 0002:00005fc0       $unwind$gzclose_r          0000000180036fc0     gzread.obj
 0002:00005fc8       $unwind$gzgetc_            0000000180036fc8     gzread.obj
 0002:00005fd0       $unwind$gz_load            0000000180036fd0     gzread.obj
 0002:00005fd8       $unwind$gz_avail           0000000180036fd8     gzread.obj
 0002:00005fe0       $unwind$gz_look            0000000180036fe0     gzread.obj
 0002:00005fe8       $unwind$gz_decomp          0000000180036fe8     gzread.obj
 0002:00005ff0       $unwind$gz_fetch           0000000180036ff0     gzread.obj
 0002:00005ff8       $unwind$gz_skip            0000000180036ff8     gzread.obj
 0002:00006000       $unwind$gz_read            0000000180037000     gzread.obj
 0002:00006014       $unwind$gzsetparams        0000000180037014     gzwrite.obj
 0002:0000601c       $unwind$gzwrite            000000018003701c     gzwrite.obj
 0002:00006024       $unwind$gzfwrite           0000000180037024     gzwrite.obj
 0002:0000602c       $unwind$gzprintf           000000018003702c     gzwrite.obj
 0002:00006034       $unwind$gzputs             0000000180037034     gzwrite.obj
 0002:0000603c       $unwind$gzputc             000000018003703c     gzwrite.obj
 0002:00006044       $unwind$gzflush            0000000180037044     gzwrite.obj
 0002:0000604c       $unwind$gzclose_w          000000018003704c     gzwrite.obj
 0002:00006054       $unwind$gzvprintf          0000000180037054     gzwrite.obj
 0002:0000605c       $unwind$gz_init            000000018003705c     gzwrite.obj
 0002:00006064       $unwind$gz_comp            0000000180037064     gzwrite.obj
 0002:0000606c       $unwind$gz_zero            000000018003706c     gzwrite.obj
 0002:00006074       $unwind$gz_write           0000000180037074     gzwrite.obj
 0002:00006088       $unwind$inflateBack        0000000180037088     infback.obj
 0002:00006090       $unwind$inflateBackEnd     0000000180037090     infback.obj
 0002:00006098       $unwind$inflateBackInit_   0000000180037098     infback.obj
 0002:000060a4       $unwind$inflate_fast       00000001800370a4     inffas8664.obj
 0002:000060ac       $unwind$inflate            00000001800370ac     inflate.obj
 0002:000060b4       $unwind$inflateEnd         00000001800370b4     inflate.obj
 0002:000060bc       $unwind$inflateSetDictionary 00000001800370bc     inflate.obj
 0002:000060c4       $unwind$inflateGetDictionary 00000001800370c4     inflate.obj
 0002:000060cc       $unwind$inflateSync        00000001800370cc     inflate.obj
 0002:000060d4       $unwind$inflateCopy        00000001800370d4     inflate.obj
 0002:000060dc       $unwind$inflateReset       00000001800370dc     inflate.obj
 0002:000060e4       $unwind$inflateReset2      00000001800370e4     inflate.obj
 0002:000060ec       $unwind$inflatePrime       00000001800370ec     inflate.obj
 0002:000060f4       $unwind$inflateMark        00000001800370f4     inflate.obj
 0002:000060fc       $unwind$inflateGetHeader   00000001800370fc     inflate.obj
 0002:00006104       $unwind$inflateInit_       0000000180037104     inflate.obj
 0002:0000610c       $unwind$inflateInit2_      000000018003710c     inflate.obj
 0002:00006114       $unwind$inflateSyncPoint   0000000180037114     inflate.obj
 0002:0000611c       $unwind$inflateUndermine   000000018003711c     inflate.obj
 0002:00006124       $unwind$inflateValidate    0000000180037124     inflate.obj
 0002:0000612c       $unwind$inflateCodesUsed   000000018003712c     inflate.obj
 0002:00006134       $unwind$inflateResetKeep   0000000180037134     inflate.obj
 0002:0000613c       $unwind$inflateStateCheck  000000018003713c     inflate.obj
 0002:00006144       $unwind$updatewindow       0000000180037144     inflate.obj
 0002:0000614c       $unwind$syncsearch         000000018003714c     inflate.obj
 0002:00006164       $unwind$inflate_table      0000000180037164     inftrees.obj
 0002:0000616c       $unwind$call_zopen64       000000018003716c     ioapi.obj
 0002:00006174       $unwind$call_zseek64       0000000180037174     ioapi.obj
 0002:0000617c       $unwind$call_ztell64       000000018003717c     ioapi.obj
 0002:00006184       $unwind$fopen_file_func    0000000180037184     ioapi.obj
 0002:0000618c       $unwind$fread_file_func    000000018003718c     ioapi.obj
 0002:00006194       $unwind$fwrite_file_func   0000000180037194     ioapi.obj
 0002:0000619c       $unwind$ftell64_file_func  000000018003719c     ioapi.obj
 0002:000061a4       $unwind$fseek64_file_func  00000001800371a4     ioapi.obj
 0002:000061ac       $unwind$fclose_file_func   00000001800371ac     ioapi.obj
 0002:000061b4       $unwind$ferror_file_func   00000001800371b4     ioapi.obj
 0002:000061bc       $unwind$fopen64_file_func  00000001800371bc     ioapi.obj
 0002:000061c4       $unwind$ftell_file_func    00000001800371c4     ioapi.obj
 0002:000061cc       $unwind$fseek_file_func    00000001800371cc     ioapi.obj
 0002:000061e0       $unwind$win32_open_file_func 00000001800371e0     iowin32.obj
 0002:000061e8       $unwind$win32_read_file_func 00000001800371e8     iowin32.obj
 0002:000061f0       $unwind$win32_write_file_func 00000001800371f0     iowin32.obj
 0002:000061f8       $unwind$win32_tell64_file_func 00000001800371f8     iowin32.obj
 0002:00006200       $unwind$win32_seek64_file_func 0000000180037200     iowin32.obj
 0002:00006208       $unwind$win32_close_file_func 0000000180037208     iowin32.obj
 0002:00006210       $unwind$win32_error_file_func 0000000180037210     iowin32.obj
 0002:00006218       $unwind$win32_build_iowin  0000000180037218     iowin32.obj
 0002:00006224       $unwind$win32_open64_file_func 0000000180037224     iowin32.obj
 0002:0000622c       $unwind$win32_open64_file_funcA 000000018003722c     iowin32.obj
 0002:00006234       $unwind$win32_open64_file_funcW 0000000180037234     iowin32.obj
 0002:0000623c       $unwind$MySetFilePointerEx 000000018003723c     iowin32.obj
 0002:00006244       $unwind$win32_tell_file_func 0000000180037244     iowin32.obj
 0002:0000624c       $unwind$win32_seek_file_func 000000018003724c     iowin32.obj
 0002:00006260       $unwind$_tr_init           0000000180037260     trees.obj
 0002:00006268       $unwind$_tr_tally          0000000180037268     trees.obj
 0002:00006270       $unwind$_tr_flush_block    0000000180037270     trees.obj
 0002:00006278       $unwind$_tr_flush_bits     0000000180037278     trees.obj
 0002:00006280       $unwind$_tr_align          0000000180037280     trees.obj
 0002:00006288       $unwind$_tr_stored_block   0000000180037288     trees.obj
 0002:00006290       $unwind$init_block         0000000180037290     trees.obj
 0002:00006298       $unwind$pqdownheap         0000000180037298     trees.obj
 0002:000062a0       $unwind$gen_bitlen         00000001800372a0     trees.obj
 0002:000062a8       $unwind$gen_codes          00000001800372a8     trees.obj
 0002:000062b0       $unwind$build_tree         00000001800372b0     trees.obj
 0002:000062b8       $unwind$scan_tree          00000001800372b8     trees.obj
 0002:000062c0       $unwind$send_tree          00000001800372c0     trees.obj
 0002:000062c8       $unwind$build_bl_tree      00000001800372c8     trees.obj
 0002:000062d0       $unwind$send_all_trees     00000001800372d0     trees.obj
 0002:000062d8       $unwind$compress_block     00000001800372d8     trees.obj
 0002:000062e0       $unwind$detect_data_type   00000001800372e0     trees.obj
 0002:000062e8       $unwind$bi_reverse         00000001800372e8     trees.obj
 0002:00006300       $unwind$uncompress         0000000180037300     uncompr.obj
 0002:00006308       $unwind$uncompress2        0000000180037308     uncompr.obj
 0002:00006314       $unwind$unzStringFileNameCompare 0000000180037314     unzip.obj
 0002:0000631c       $unwind$unzOpen            000000018003731c     unzip.obj
 0002:00006324       $unwind$unzOpen64          0000000180037324     unzip.obj
 0002:0000632c       $unwind$unzOpen2           000000018003732c     unzip.obj
 0002:00006334       $unwind$unzOpen2_64        0000000180037334     unzip.obj
 0002:00006340       $unwind$unzClose           0000000180037340     unzip.obj
 0002:00006348       $unwind$unzGetGlobalInfo   0000000180037348     unzip.obj
 0002:00006350       $unwind$unzGetGlobalInfo64 0000000180037350     unzip.obj
 0002:0000635c       $unwind$unzGetGlobalComment 000000018003735c     unzip.obj
 0002:00006364       $unwind$unzGoToFirstFile   0000000180037364     unzip.obj
 0002:0000636c       $unwind$unzGoToNextFile    000000018003736c     unzip.obj
 0002:00006374       $unwind$unzLocateFile      0000000180037374     unzip.obj
 0002:00006380       $unwind$unzGetFilePos      0000000180037380     unzip.obj
 0002:00006388       $unwind$unzGoToFilePos     0000000180037388     unzip.obj
 0002:00006390       $unwind$unzGetFilePos64    0000000180037390     unzip.obj
 0002:00006398       $unwind$unzGoToFilePos64   0000000180037398     unzip.obj
 0002:000063a0       $unwind$unzGetCurrentFileInfo64 00000001800373a0     unzip.obj
 0002:000063a8       $unwind$unzGetCurrentFileInfo 00000001800373a8     unzip.obj
 0002:000063b4       $unwind$unzGetCurrentFileZStreamPos64 00000001800373b4     unzip.obj
 0002:000063bc       $unwind$unzOpenCurrentFile 00000001800373bc     unzip.obj
 0002:000063c4       $unwind$unzOpenCurrentFilePassword 00000001800373c4     unzip.obj
 0002:000063cc       $unwind$unzOpenCurrentFile2 00000001800373cc     unzip.obj
 0002:000063d4       $unwind$unzOpenCurrentFile3 00000001800373d4     unzip.obj
 0002:000063e0       $unwind$unzCloseCurrentFile 00000001800373e0     unzip.obj
 0002:000063e8       $unwind$unzReadCurrentFile 00000001800373e8     unzip.obj
 0002:000063f0       $unwind$unztell            00000001800373f0     unzip.obj
 0002:000063f8       $unwind$unztell64          00000001800373f8     unzip.obj
 0002:00006400       $unwind$unzeof             0000000180037400     unzip.obj
 0002:00006408       $unwind$unzGetLocalExtrafield 0000000180037408     unzip.obj
 0002:00006410       $unwind$unzGetOffset64     0000000180037410     unzip.obj
 0002:00006418       $unwind$unzGetOffset       0000000180037418     unzip.obj
 0002:00006420       $unwind$unzSetOffset64     0000000180037420     unzip.obj
 0002:00006428       $unwind$unzSetOffset       0000000180037428     unzip.obj
 0002:00006430       $unwind$unz64local_getByte 0000000180037430     unzip.obj
 0002:00006438       $unwind$unz64local_getShort 0000000180037438     unzip.obj
 0002:00006440       $unwind$unz64local_getLong 0000000180037440     unzip.obj
 0002:00006448       $unwind$unz64local_getLong64 0000000180037448     unzip.obj
 0002:00006450       $unwind$strcmpcasenosensitive_internal 0000000180037450     unzip.obj
 0002:00006458       $unwind$unz64local_SearchCentralDir 0000000180037458     unzip.obj
 0002:00006460       $unwind$unz64local_SearchCentralDir64 0000000180037460     unzip.obj
 0002:00006468       $unwind$unzOpenInternal    0000000180037468     unzip.obj
 0002:00006474       $unwind$unz64local_DosDateToTmuDate 0000000180037474     unzip.obj
 0002:0000647c       $unwind$unz64local_GetCurrentFileInfoInternal 000000018003747c     unzip.obj
 0002:00006488       $unwind$unz64local_CheckCurrentFileCoherencyHeader 0000000180037488     unzip.obj
 0002:000064b8       $unwind$time               00000001800374b8     zip.obj
 0002:000064c0       $unwind$zipOpen            00000001800374c0     zip.obj
 0002:000064c8       $unwind$zipOpen64          00000001800374c8     zip.obj
 0002:000064d0       $unwind$zipOpen2           00000001800374d0     zip.obj
 0002:000064d8       $unwind$zipOpen2_64        00000001800374d8     zip.obj
 0002:000064e4       $unwind$zipOpenNewFileInZip 00000001800374e4     zip.obj
 0002:000064ec       $unwind$zipOpenNewFileInZip64 00000001800374ec     zip.obj
 0002:000064f4       $unwind$zipOpenNewFileInZip2 00000001800374f4     zip.obj
 0002:000064fc       $unwind$zipOpenNewFileInZip2_64 00000001800374fc     zip.obj
[...]
 0004:00000468       $pdata$gz_write            000000018003b468     gzwrite.obj
 0004:00000474       $pdata$inflateBack         000000018003b474     infback.obj
 0004:00000480       $pdata$inflateBackEnd      000000018003b480     infback.obj
 0004:0000048c       $pdata$inflateBackInit_    000000018003b48c     infback.obj
 0004:00000498       $pdata$inflate_fast        000000018003b498     inffas8664.obj
 0004:000004a4       $pdata$inflate             000000018003b4a4     inflate.obj
 0004:000004b0       $pdata$inflateEnd          000000018003b4b0     inflate.obj
 0004:000004bc       $pdata$inflateSetDictionary 000000018003b4bc     inflate.obj
 0004:000004c8       $pdata$inflateGetDictionary 000000018003b4c8     inflate.obj
 0004:000004d4       $pdata$inflateSync         000000018003b4d4     inflate.obj
 0004:000004e0       $pdata$inflateCopy         000000018003b4e0     inflate.obj
 0004:000004ec       $pdata$inflateReset        000000018003b4ec     inflate.obj
 0004:000004f8       $pdata$inflateReset2       000000018003b4f8     inflate.obj
 0004:00000504       $pdata$inflatePrime        000000018003b504     inflate.obj
 0004:00000510       $pdata$inflateMark         000000018003b510     inflate.obj
 0004:0000051c       $pdata$inflateGetHeader    000000018003b51c     inflate.obj
 0004:00000528       $pdata$inflateInit_        000000018003b528     inflate.obj
 0004:00000534       $pdata$inflateInit2_       000000018003b534     inflate.obj
 0004:00000540       $pdata$inflateSyncPoint    000000018003b540     inflate.obj
 0004:0000054c       $pdata$inflateUndermine    000000018003b54c     inflate.obj
 0004:00000558       $pdata$inflateValidate     000000018003b558     inflate.obj
 0004:00000564       $pdata$inflateCodesUsed    000000018003b564     inflate.obj
 0004:00000570       $pdata$inflateResetKeep    000000018003b570     inflate.obj
 0004:0000057c       $pdata$inflateStateCheck   000000018003b57c     inflate.obj
 0004:00000588       $pdata$updatewindow        000000018003b588     inflate.obj
 0004:00000594       $pdata$syncsearch          000000018003b594     inflate.obj
 0004:000005a0       $pdata$inflate_table       000000018003b5a0     inftrees.obj
 0004:000005ac       $pdata$call_zopen64        000000018003b5ac     ioapi.obj
 0004:000005b8       $pdata$call_zseek64        000000018003b5b8     ioapi.obj
 0004:000005c4       $pdata$call_ztell64        000000018003b5c4     ioapi.obj
 0004:000005d0       $pdata$fopen_file_func     000000018003b5d0     ioapi.obj
 0004:000005dc       $pdata$fread_file_func     000000018003b5dc     ioapi.obj
 0004:000005e8       $pdata$fwrite_file_func    000000018003b5e8     ioapi.obj
 0004:000005f4       $pdata$ftell64_file_func   000000018003b5f4     ioapi.obj
 0004:00000600       $pdata$fseek64_file_func   000000018003b600     ioapi.obj
 0004:0000060c       $pdata$fclose_file_func    000000018003b60c     ioapi.obj
 0004:00000618       $pdata$ferror_file_func    000000018003b618     ioapi.obj
 0004:00000624       $pdata$fopen64_file_func   000000018003b624     ioapi.obj
 0004:00000630       $pdata$ftell_file_func     000000018003b630     ioapi.obj
 0004:0000063c       $pdata$fseek_file_func     000000018003b63c     ioapi.obj
 0004:00000648       $pdata$win32_open_file_func 000000018003b648     iowin32.obj
 0004:00000654       $pdata$win32_read_file_func 000000018003b654     iowin32.obj
 0004:00000660       $pdata$win32_write_file_func 000000018003b660     iowin32.obj
 0004:0000066c       $pdata$win32_tell64_file_func 000000018003b66c     iowin32.obj
 0004:00000678       $pdata$win32_seek64_file_func 000000018003b678     iowin32.obj
 0004:00000684       $pdata$win32_close_file_func 000000018003b684     iowin32.obj
 0004:00000690       $pdata$win32_error_file_func 000000018003b690     iowin32.obj
 0004:0000069c       $pdata$win32_build_iowin   000000018003b69c     iowin32.obj
 0004:000006a8       $pdata$win32_open64_file_func 000000018003b6a8     iowin32.obj
 0004:000006b4       $pdata$win32_open64_file_funcA 000000018003b6b4     iowin32.obj
 0004:000006c0       $pdata$win32_open64_file_funcW 000000018003b6c0     iowin32.obj
 0004:000006cc       $pdata$MySetFilePointerEx  000000018003b6cc     iowin32.obj
 0004:000006d8       $pdata$win32_tell_file_func 000000018003b6d8     iowin32.obj
 0004:000006e4       $pdata$win32_seek_file_func 000000018003b6e4     iowin32.obj
 0004:000006f0       $pdata$_tr_init            000000018003b6f0     trees.obj
 0004:000006fc       $pdata$_tr_tally           000000018003b6fc     trees.obj
 0004:00000708       $pdata$_tr_flush_block     000000018003b708     trees.obj
 0004:00000714       $pdata$_tr_flush_bits      000000018003b714     trees.obj
 0004:00000720       $pdata$_tr_align           000000018003b720     trees.obj
 0004:0000072c       $pdata$_tr_stored_block    000000018003b72c     trees.obj
 0004:00000738       $pdata$init_block          000000018003b738     trees.obj
 0004:00000744       $pdata$pqdownheap          000000018003b744     trees.obj
 0004:00000750       $pdata$gen_bitlen          000000018003b750     trees.obj
 0004:0000075c       $pdata$gen_codes           000000018003b75c     trees.obj
 0004:00000768       $pdata$build_tree          000000018003b768     trees.obj
 0004:00000774       $pdata$scan_tree           000000018003b774     trees.obj
 0004:00000780       $pdata$send_tree           000000018003b780     trees.obj
 0004:0000078c       $pdata$build_bl_tree       000000018003b78c     trees.obj
 0004:00000798       $pdata$send_all_trees      000000018003b798     trees.obj
 0004:000007a4       $pdata$compress_block      000000018003b7a4     trees.obj
 0004:000007b0       $pdata$detect_data_type    000000018003b7b0     trees.obj
 0004:000007bc       $pdata$bi_reverse          000000018003b7bc     trees.obj
 0004:000007c8       $pdata$uncompress          000000018003b7c8     uncompr.obj
 0004:000007d4       $pdata$uncompress2         000000018003b7d4     uncompr.obj
 0004:000007e0       $pdata$unzStringFileNameCompare 000000018003b7e0     unzip.obj
 0004:000007ec       $pdata$unzOpen             000000018003b7ec     unzip.obj
 0004:000007f8       $pdata$unzOpen64           000000018003b7f8     unzip.obj
 0004:00000804       $pdata$unzOpen2            000000018003b804     unzip.obj
 0004:00000810       $pdata$unzOpen2_64         000000018003b810     unzip.obj
 0004:0000081c       $pdata$unzClose            000000018003b81c     unzip.obj
 0004:00000828       $pdata$unzGetGlobalInfo    000000018003b828     unzip.obj
 0004:00000834       $pdata$unzGetGlobalInfo64  000000018003b834     unzip.obj
 0004:00000840       $pdata$unzGetGlobalComment 000000018003b840     unzip.obj
 0004:0000084c       $pdata$unzGoToFirstFile    000000018003b84c     unzip.obj
 0004:00000858       $pdata$unzGoToNextFile     000000018003b858     unzip.obj
 0004:00000864       $pdata$unzLocateFile       000000018003b864     unzip.obj
 0004:00000870       $pdata$unzGetFilePos       000000018003b870     unzip.obj
 0004:0000087c       $pdata$unzGoToFilePos      000000018003b87c     unzip.obj
 0004:00000888       $pdata$unzGetFilePos64     000000018003b888     unzip.obj
 0004:00000894       $pdata$unzGoToFilePos64    000000018003b894     unzip.obj
 0004:000008a0       $pdata$unzGetCurrentFileInfo64 000000018003b8a0     unzip.obj
 0004:000008ac       $pdata$unzGetCurrentFileInfo 000000018003b8ac     unzip.obj
 0004:000008b8       $pdata$unzGetCurrentFileZStreamPos64 000000018003b8b8     unzip.obj
 0004:000008c4       $pdata$unzOpenCurrentFile  000000018003b8c4     unzip.obj
 0004:000008d0       $pdata$unzOpenCurrentFilePassword 000000018003b8d0     unzip.obj
 0004:000008dc       $pdata$unzOpenCurrentFile2 000000018003b8dc     unzip.obj
 0004:000008e8       $pdata$unzOpenCurrentFile3 000000018003b8e8     unzip.obj
 0004:000008f4       $pdata$unzCloseCurrentFile 000000018003b8f4     unzip.obj
 0004:00000900       $pdata$unzReadCurrentFile  000000018003b900     unzip.obj
 0004:0000090c       $pdata$unztell             000000018003b90c     unzip.obj
 0004:00000918       $pdata$unztell64           000000018003b918     unzip.obj
 0004:00000924       $pdata$unzeof              000000018003b924     unzip.obj
 0004:00000930       $pdata$unzGetLocalExtrafield 000000018003b930     unzip.obj
 0004:0000093c       $pdata$unzGetOffset64      000000018003b93c     unzip.obj
 0004:00000948       $pdata$unzGetOffset        000000018003b948     unzip.obj
 0004:00000954       $pdata$unzSetOffset64      000000018003b954     unzip.obj
 0004:00000960       $pdata$unzSetOffset        000000018003b960     unzip.obj
 0004:0000096c       $pdata$unz64local_getByte  000000018003b96c     unzip.obj
 0004:00000978       $pdata$unz64local_getShort 000000018003b978     unzip.obj
 0004:00000984       $pdata$unz64local_getLong  000000018003b984     unzip.obj
 0004:00000990       $pdata$unz64local_getLong64 000000018003b990     unzip.obj
 0004:0000099c       $pdata$strcmpcasenosensitive_internal 000000018003b99c     unzip.obj
 0004:000009a8       $pdata$unz64local_SearchCentralDir 000000018003b9a8     unzip.obj
 0004:000009b4       $pdata$unz64local_SearchCentralDir64 000000018003b9b4     unzip.obj
 0004:000009c0       $pdata$unzOpenInternal     000000018003b9c0     unzip.obj
 0004:000009cc       $pdata$unz64local_DosDateToTmuDate 000000018003b9cc     unzip.obj
 0004:000009d8       $pdata$unz64local_GetCurrentFileInfoInternal 000000018003b9d8     unzip.obj
 0004:000009e4       $pdata$unz64local_CheckCurrentFileCoherencyHeader 000000018003b9e4     unzip.obj
 0004:000009f0       $pdata$time                000000018003b9f0     zip.obj
 0004:000009fc       $pdata$zipOpen             000000018003b9fc     zip.obj
 0004:00000a08       $pdata$zipOpen64           000000018003ba08     zip.obj
 0004:00000a14       $pdata$zipOpen2            000000018003ba14     zip.obj
 0004:00000a20       $pdata$zipOpen2_64         000000018003ba20     zip.obj
 0004:00000a2c       $pdata$zipOpenNewFileInZip 000000018003ba2c     zip.obj
 0004:00000a38       $pdata$zipOpenNewFileInZip64 000000018003ba38     zip.obj
 0004:00000a44       $pdata$zipOpenNewFileInZip2 000000018003ba44     zip.obj
 0004:00000a50       $pdata$zipOpenNewFileInZip2_64 000000018003ba50     zip.obj
 0004:00000a5c       $pdata$zipOpenNewFileInZip3 000000018003ba5c     zip.obj
 0004:00000a68       $pdata$zipOpenNewFileInZip3_64 000000018003ba68     zip.obj
 0004:00000a74       $pdata$zipOpenNewFileInZip4 000000018003ba74     zip.obj
 0004:00000a80       $pdata$zipOpenNewFileInZip4_64 000000018003ba80     zip.obj
 0004:00000a8c       $pdata$zipWriteInFileInZip 000000018003ba8c     zip.obj
 0004:00000a98       $pdata$zipCloseFileInZip   000000018003ba98     zip.obj
 0004:00000aa4       $pdata$zipCloseFileInZipRaw 000000018003baa4     zip.obj
 0004:00000ab0       $pdata$zipCloseFileInZipRaw64 000000018003bab0     zip.obj
 0004:00000abc       $pdata$zipClose            000000018003babc     zip.obj
 0004:00000ac8       $pdata$zipRemoveExtraInfoBlock 000000018003bac8     zip.obj
 0004:00000ad4       $pdata$decrypt_byte        000000018003bad4     zip.obj
 0004:00000ae0       $pdata$update_keys         000000018003bae0     zip.obj
 0004:00000aec       $pdata$init_keys           000000018003baec     zip.obj
 0004:00000af8       $pdata$crypthead           000000018003baf8     zip.obj
 0004:00000b04       $pdata$allocate_new_datablock 000000018003bb04     zip.obj
 0004:00000b10       $pdata$free_datablock      000000018003bb10     zip.obj
 0004:00000b1c       $pdata$free_linkedlist     000000018003bb1c     zip.obj
 0004:00000b28       $pdata$add_data_in_datablock 000000018003bb28     zip.obj
 0004:00000b34       $pdata$zip64local_putValue 000000018003bb34     zip.obj
 0004:00000b40       $pdata$zip64local_putValue_inmemory 000000018003bb40     zip.obj
 0004:00000b4c       $pdata$zip64local_TmzDateToDosDate 000000018003bb4c     zip.obj
 0004:00000b58       $pdata$zip64local_getByte  000000018003bb58     zip.obj
 0004:00000b64       $pdata$zip64local_getShort 000000018003bb64     zip.obj
 0004:00000b70       $pdata$zip64local_getLong  000000018003bb70     zip.obj
 0004:00000b7c       $pdata$zip64local_getLong64 000000018003bb7c     zip.obj
 0004:00000b88       $pdata$zip64local_SearchCentralDir 000000018003bb88     zip.obj
 0004:00000b94       $pdata$zip64local_SearchCentralDir64 000000018003bb94     zip.obj
 0004:00000ba0       $pdata$LoadCentralDirectoryRecord 000000018003bba0     zip.obj
 0004:00000bac       $pdata$zipOpen3            000000018003bbac     zip.obj
 0004:00000bb8       $pdata$Write_LocalFileHeader 000000018003bbb8     zip.obj
 0004:00000bc4       $pdata$zip64FlushWriteBuffer 000000018003bbc4     zip.obj
 0004:00000bd0       $pdata$Write_Zip64EndOfCentralDirectoryLocator 000000018003bbd0     zip.obj
 0004:00000bdc       $pdata$Write_Zip64EndOfCentralDirectoryRecord 000000018003bbdc     zip.obj
 0004:00000be8       $pdata$Write_EndOfCentralDirectoryRecord 000000018003bbe8     zip.obj
 0004:00000bf4       $pdata$Write_GlobalComment 000000018003bbf4     zip.obj
 0004:00000c00       $pdata$zlibCompileFlags    000000018003bc00     zutil.obj
 0004:00000c0c       $pdata$zcalloc             000000018003bc0c     zutil.obj
 0004:00000c18       $pdata$zcfree              000000018003bc18     zutil.obj
 0004:00000c30       $pdata$?dllmain_crt_dispatch@@YAHQEAUHINSTANCE__@@KQEAX@Z 000000018003bc30     MSVCRTD:dll_dllmain.obj
 0004:00000c3c       $pdata$?dllmain_crt_process_attach@@YAHQEAUHINSTANCE__@@QEAX@Z 000000018003bc3c     MSVCRTD:dll_dllmain.obj
 0004:00000c48       $pdata$?dllmain_crt_process_detach@@YAH_N@Z 000000018003bc48     MSVCRTD:dll_dllmain.obj
 0004:00000c54       $pdata$?dllmain_dispatch@@YAHQEAUHINSTANCE__@@KQEAX@Z 000000018003bc54     MSVCRTD:dll_dllmain.obj
 0004:00000c60       $pdata$?dllmain_raw@@YAHQEAUHINSTANCE__@@KQEAX@Z 000000018003bc60     MSVCRTD:dll_dllmain.obj
 0004:00000c6c       $pdata$_CRT_INIT           000000018003bc6c     MSVCRTD:dll_dllmain.obj
 0004:00000c78       $pdata$_DllMainCRTStartup  000000018003bc78     MSVCRTD:dll_dllmain.obj
 0004:00000c84       $pdata$__get_entropy       000000018003bc84     MSVCRTD:gs_support.obj
 0004:00000c90       $pdata$__security_init_cookie 000000018003bc90     MSVCRTD:gs_support.obj
 0004:00000c9c       $pdata$DllMain             000000018003bc9c     MSVCRTD:dll_dllmain_stub.obj
 0004:00000ca8       $pdata$?__scrt_initialize_type_info@@YAXXZ 000000018003bca8     MSVCRTD:tncleanup.obj
 0004:00000cb4       $pdata$?__scrt_uninitialize_type_info@@YAXXZ 000000018003bcb4     MSVCRTD:tncleanup.obj
 0004:00000cc0       $pdata$__scrt_initialize_default_local_stdio_options 000000018003bcc0     MSVCRTD:default_local_stdio_options.obj
 0004:00000ccc       $pdata$?configure_argv@__scrt_narrow_argv_policy@@SAHXZ 000000018003bccc     MSVCRTD:utility.obj
 0004:00000cd8       $pdata$?find_pe_section@@YAPEAU_IMAGE_SECTION_HEADER@@QEAE_K@Z 000000018003bcd8     MSVCRTD:utility.obj
 0004:00000ce4       $pdata$?initialize_environment@__scrt_narrow_environment_policy@@SAHXZ 000000018003bce4     MSVCRTD:utility.obj
 0004:00000cf0       $pdata$?is_potentially_valid_image_base@@YA_NQEAX@Z 000000018003bcf0     MSVCRTD:utility.obj
 0004:00000cfc       $pdata$__scrt_acquire_startup_lock 000000018003bcfc     MSVCRTD:utility.obj
 0004:00000d08       $pdata$__scrt_dllmain_after_initialize_c 000000018003bd08     MSVCRTD:utility.obj
 0004:00000d14       $pdata$__scrt_dllmain_before_initialize_c 000000018003bd14     MSVCRTD:utility.obj
 0004:00000d20       $pdata$__scrt_dllmain_crt_thread_attach 000000018003bd20     MSVCRTD:utility.obj
 0004:00000d2c       $pdata$__scrt_dllmain_crt_thread_detach 000000018003bd2c     MSVCRTD:utility.obj
 0004:00000d38       $pdata$__scrt_dllmain_exception_filter 000000018003bd38     MSVCRTD:utility.obj
 0004:00000d44       $pdata$__scrt_dllmain_uninitialize_c 000000018003bd44     MSVCRTD:utility.obj
 0004:00000d50       $pdata$__scrt_dllmain_uninitialize_critical 000000018003bd50     MSVCRTD:utility.obj
 0004:00000d5c       $pdata$__scrt_initialize_crt 000000018003bd5c     MSVCRTD:utility.obj
 0004:00000d68       $pdata$__scrt_initialize_onexit_tables 000000018003bd68     MSVCRTD:utility.obj
 0004:00000d74       $pdata$__scrt_is_nonwritable_in_current_image 000000018003bd74     MSVCRTD:utility.obj
 0004:00000d80       $pdata$__scrt_release_startup_lock 000000018003bd80     MSVCRTD:utility.obj
 0004:00000d8c       $pdata$__scrt_uninitialize_crt 000000018003bd8c     MSVCRTD:utility.obj
 0004:00000d98       $pdata$_onexit             000000018003bd98     MSVCRTD:utility.obj
 0004:00000da4       $pdata$at_quick_exit       000000018003bda4     MSVCRTD:utility.obj
 0004:00000db0       $pdata$atexit              000000018003bdb0     MSVCRTD:utility.obj
 0004:00000dbc       $pdata$__scrt_fastfail     000000018003bdbc     MSVCRTD:utility_desktop.obj
 0004:00000dc8       $pdata$__scrt_get_show_window_mode 000000018003bdc8     MSVCRTD:utility_desktop.obj
 0004:00000dd4       $pdata$__scrt_initialize_mta 000000018003bdd4     MSVCRTD:utility_desktop.obj
 0004:00000de0       $pdata$__scrt_is_managed_app 000000018003bde0     MSVCRTD:utility_desktop.obj
 0004:00000dec       $pdata$__scrt_set_unhandled_exception_filter 000000018003bdec     MSVCRTD:utility_desktop.obj
 0004:00000df8       $pdata$__scrt_unhandled_exception_filter 000000018003bdf8     MSVCRTD:utility_desktop.obj
 0004:00000e04       $pdata$_RTC_Initialize     000000018003be04     MSVCRTD:initsect.obj
 0004:00000e10       $pdata$_RTC_Terminate      000000018003be10     MSVCRTD:initsect.obj
 0004:00000e1c       $pdata$ReadNoFence64       000000018003be1c     MSVCRTD:guard_support.obj
 0004:00000e28       $pdata$ReadPointerNoFence  000000018003be28     MSVCRTD:guard_support.obj
 0004:00000e34       $pdata$_guard_icall_checks_enforced 000000018003be34     MSVCRTD:guard_support.obj
 0004:00000e40       $pdata$__isa_available_init 000000018003be40     MSVCRTD:cpu_disp.obj
 0004:00000e4c       $pdata$__scrt_is_ucrt_dll_in_use 000000018003be4c     MSVCRTD:ucrt_detection.obj
 0004:00000e58       $pdata$__GSHandlerCheck    000000018003be58     MSVCRTD:gshandler.obj
 0004:00000e64       $pdata$__GSHandlerCheckCommon 000000018003be64     MSVCRTD:gshandler.obj
 0004:00000e7c       $pdata$__raise_securityfailure 000000018003be7c     MSVCRTD:gs_report.obj
 0004:00000e88       $pdata$__report_gsfailure  000000018003be88     MSVCRTD:gs_report.obj
 0004:00000e94       $pdata$__report_rangecheckfailure 000000018003be94     MSVCRTD:gs_report.obj
 0004:00000ea0       $pdata$__report_securityfailure 000000018003bea0     MSVCRTD:gs_report.obj
 0004:00000eac       $pdata$__report_securityfailureEx 000000018003beac     MSVCRTD:gs_report.obj
 0004:00000eb8       $pdata$capture_current_context 000000018003beb8     MSVCRTD:gs_report.obj
 0004:00000ec4       $pdata$capture_previous_context 000000018003bec4     MSVCRTD:gs_report.obj
 0004:00000edc       $pdata$?fin$0@?0??dllmain_crt_process_attach@@YAHQEAUHINSTANCE__@@QEAX@Z@4HA 000000018003bedc     MSVCRTD:dll_dllmain.obj
 0004:00000ee8       $pdata$?fin$0@?0??dllmain_crt_process_detach@@YAH_N@Z@4HA 000000018003bee8     MSVCRTD:dll_dllmain.obj
 0004:00000ef4       $pdata$?fin$1@?0??dllmain_crt_process_detach@@YAH_N@Z@4HA 000000018003bef4     MSVCRTD:dll_dllmain.obj
 0004:00000f00       $pdata$?filt$0@?0??dllmain_dispatch@@YAHQEAUHINSTANCE__@@KQEAX@Z@4HA 000000018003bf00     MSVCRTD:dll_dllmain.obj
 0004:00000f0c       $pdata$__scrt_is_nonwritable_in_current_image$filt$0 000000018003bf0c     MSVCRTD:utility.obj
 0005:000007de       .idata$6                   000000018003d7de     kernel32:KERNEL32.dll
 0005:00000876       .idata$6                   000000018003d876     vcruntimed:VCRUNTIME140D.dll
 0005:00000a86       .idata$6                   000000018003da86     ucrtd:ucrtbased.dll
 0007:00000170       $R000000                   000000018003f170     zlib.res
