 zlibwapi

 Timestamp is 5ecbf65c (Tue May 26 00:46:20 2020)

 Preferred load address is 10000000

 Start         Length     Name                   Class
 0001:00000000 000232c3H .text$mn                CODE
 0002:00000000 00000104H .CRT$XCA                DATA
 0002:00000104 00000104H .CRT$XCZ                DATA
 0002:00000208 00000104H .CRT$XIA                DATA
 0002:0000030c 00000104H .CRT$XIZ                DATA
 0002:00000410 00000104H .CRT$XPA                DATA
 0002:00000514 00000104H .CRT$XPZ                DATA
 0002:00000618 00000104H .CRT$XTA                DATA
 0002:0000071c 00000104H .CRT$XTZ                DATA
 0002:00000820 00004d4cH .rdata                  DATA
 0002:0000556c 0000019cH .rdata$zzzdbg           DATA
 0002:00005708 00000104H .rtc$IAA                DATA
 0002:0000580c 00000104H .rtc$IZZ                DATA
 0002:00005910 00000104H .rtc$TAA                DATA
 0002:00005a14 00000104H .rtc$TZZ                DATA
 0002:00005b18 000001a8H .xdata$x                DATA
 0002:00005cc0 000010f6H .edata                  DATA
 0003:00000000 00000888H .data                   DATA
 0003:00000888 00000458H .bss                    DATA
 0004:00000000 000001bcH .idata$5                DATA
 0004:000001bc 0000003cH .idata$2                DATA
 0004:000001f8 00000014H .idata$3                DATA
 0004:0000020c 000001bcH .idata$4                DATA
 0004:000003c8 000005d6H .idata$6                DATA
 0005:00000000 00000109H .00cfg                  DATA
 0006:00000000 00000170H .rsrc$01                DATA
 0006:00000170 000004dcH .rsrc$02                DATA

  Address         Publics by Value              Rva+Base       Lib:Object

 0000:00000000       ___guard_longjmp_table     00000000     <absolute>
 0000:00000000       ___guard_fids_count        00000000     <absolute>
 0000:00000000       ___hybrid_code_map         00000000     <absolute>
 0000:00000000       ___arm64x_native_entrypoint 00000000     <absolute>
 0000:00000000       ___guard_eh_cont_table     00000000     <absolute>
 0000:00000000       ___x64_code_ranges_to_entry_points 00000000     <absolute>
 0000:00000000       ___hybrid_auxiliary_iat    00000000     <absolute>
 0000:00000000       ___guard_longjmp_count     00000000     <absolute>
 0000:00000000       ___guard_fids_table        00000000     <absolute>
 0000:00000000       ___volatile_metadata       00000000     <absolute>
 0000:00000000       ___guard_iat_table         00000000     <absolute>
 0000:00000000       ___dynamic_value_reloc_table 00000000     <absolute>
 0000:00000000       ___safe_se_handler_count   00000000     <absolute>
 0000:00000000       ___hybrid_code_map_count   00000000     <absolute>
 0000:00000000       ___guard_iat_count         00000000     <absolute>
 0000:00000000       ___safe_se_handler_table   00000000     <absolute>
 0000:00000000       ___enclave_config          00000000     <absolute>
 0000:00000000       ___AbsoluteZero            00000000     <absolute>
 0000:00000000       ___guard_eh_cont_count     00000000     <absolute>
 0000:00000000       ___arm64x_redirection_metadata 00000000     <absolute>
 0000:00000100       ___guard_flags             00000100     <absolute>
 0000:00000000       ___ImageBase               10000000     <linker-defined>
 0001:00000a70       _longest_match             10001a70 f   match686.obj
 0001:00000c54       _match_init                10001c54 f   match686.obj
 0001:00000dd0       _inflate_fast              10001dd0 f   inffas32.obj
 0001:00001650       _adler32@12                10002650 f   adler32.obj
 0001:00001670       _adler32_z@12              10002670 f   adler32.obj
 0001:00001c10       _adler32_combine@12        10002c10 f   adler32.obj
 0001:00001d30       _adler32_combine64@16      10002d30 f   adler32.obj
 0001:00001f10       _compress@16               10002f10 f   compress.obj
 0001:00001f30       _compress2@20              10002f30 f   compress.obj
 0001:00002060       _compressBound@4           10003060 f   compress.obj
 0001:000020e0       _crc32@12                  100030e0 f   crc32.obj
 0001:00002100       _crc32_z@12                10003100 f   crc32.obj
 0001:00002350       _crc32_combine@12          10003350 f   crc32.obj
 0001:00002370       _get_crc_table@0           10003370 f   crc32.obj
 0001:00003050       _crc32_combine64@16        10004050 f   crc32.obj
 0001:00003460       _deflate@8                 10004460 f   deflate.obj
 0001:00004480       _deflateEnd@4              10005480 f   deflate.obj
 0001:00004590       _deflateSetDictionary@12   10005590 f   deflate.obj
 0001:00004800       _deflateGetDictionary@12   10005800 f   deflate.obj
 0001:000048a0       _deflateCopy@8             100058a0 f   deflate.obj
 0001:00004b00       _deflateReset@4            10005b00 f   deflate.obj
 0001:00004b30       _deflateParams@12          10005b30 f   deflate.obj
 0001:00004ce0       _deflateTune@20            10005ce0 f   deflate.obj
 0001:00004d40       _deflateBound@8            10005d40 f   deflate.obj
 0001:00004ed0       _deflatePending@12         10005ed0 f   deflate.obj
 0001:00004f20       _deflatePrime@12           10005f20 f   deflate.obj
 0001:00005000       _deflateSetHeader@8        10006000 f   deflate.obj
 0001:00005040       _deflateInit_@16           10006040 f   deflate.obj
 0001:00005070       _deflateInit2_@32          10006070 f   deflate.obj
 0001:000053e0       _deflateResetKeep@4        100063e0 f   deflate.obj
 0001:000089d0       _gzclose@4                 100099d0 f   gzclose.obj
 0001:00008a30       _gzdopen@8                 10009a30 f   gzlib.obj
 0001:00008aa0       _gzbuffer@8                10009aa0 f   gzlib.obj
 0001:00008b10       _gzrewind@4                10009b10 f   gzlib.obj
 0001:00008ba0       _gzeof@4                   10009ba0 f   gzlib.obj
 0001:00008c00       _gzerror@8                 10009c00 f   gzlib.obj
 0001:00008c80       _gzclearerr@4              10009c80 f   gzlib.obj
 0001:00008cf0       _gzopen@8                  10009cf0 f   gzlib.obj
 0001:00008d10       _gzseek@12                 10009d10 f   gzlib.obj
 0001:00008d70       _gztell@4                  10009d70 f   gzlib.obj
 0001:00008dc0       _gzoffset@4                10009dc0 f   gzlib.obj
 0001:00008e10       _gzopen_w@8                10009e10 f   gzlib.obj
 0001:00008e30       _gzopen64@8                10009e30 f   gzlib.obj
 0001:00008e50       _gzseek64@16               10009e50 f   gzlib.obj
 0001:00009130       _gztell64@4                1000a130 f   gzlib.obj
 0001:000091b0       _gzoffset64@4              1000a1b0 f   gzlib.obj
 0001:00009250       _gz_error                  1000a250 f   gzlib.obj
 0001:00009bb0       ___local_stdio_printf_options 1000abb0 f i gzlib.obj
 0001:00009bc0       _snprintf                  1000abc0 f i gzlib.obj
 0001:00009c10       _vsnprintf                 1000ac10 f i gzlib.obj
 0001:00009c80       _gzread@12                 1000ac80 f   gzread.obj
 0001:00009d20       _gzfread@16                1000ad20 f   gzread.obj
 0001:00009dd0       _gzgets@12                 1000add0 f   gzread.obj
 0001:00009f80       _gzgetc@4                  1000af80 f   gzread.obj
 0001:0000a050       _gzungetc@8                1000b050 f   gzread.obj
 0001:0000a220       _gzdirect@4                1000b220 f   gzread.obj
 0001:0000a270       _gzclose_r@4               1000b270 f   gzread.obj
 0001:0000a360       _gzgetc_@4                 1000b360 f   gzread.obj
 0001:0000b020       _gzsetparams@12            1000c020 f   gzwrite.obj
 0001:0000b110       _gzwrite@12                1000c110 f   gzwrite.obj
 0001:0000b180       _gzfwrite@16               1000c180 f   gzwrite.obj
 0001:0000b220       _gzprintf                  1000c220 f   gzwrite.obj
 0001:0000b260       _gzputs@8                  1000c260 f   gzwrite.obj
 0001:0000b2e0       _gzputc@8                  1000c2e0 f   gzwrite.obj
 0001:0000b410       _gzflush@8                 1000c410 f   gzwrite.obj
 0001:0000b4b0       _gzclose_w@4               1000c4b0 f   gzwrite.obj
 0001:0000b5d0       _gzvprintf                 1000c5d0 f   gzwrite.obj
 0001:0000c1b0       _inflateBack@20            1000d1b0 f   infback.obj
 0001:0000d580       _inflateBackEnd@4          1000e580 f   infback.obj
 0001:0000d5d0       _inflateBackInit_@20       1000e5d0 f   infback.obj
 0001:0000dc80       _compress3@20              1000ec80 f   zlibaddons.obj
 0001:0000dcb0       _compress4@24              1000ecb0 f   zlibaddons.obj
 0001:0000ddf0       _uncompress3@20            1000edf0 f   zlibaddons.obj
 0001:0000de10       _uncompress4@20            1000ee10 f   zlibaddons.obj
 0001:0000e070       _inflate@8                 1000f070 f   inflate.obj
 0001:00010230       _inflateEnd@4              10011230 f   inflate.obj
 0001:000102b0       _inflateSetDictionary@12   100112b0 f   inflate.obj
 0001:00010380       _inflateGetDictionary@12   10011380 f   inflate.obj
 0001:00010420       _inflateSync@4             10011420 f   inflate.obj
 0001:000105b0       _inflateCopy@8             100115b0 f   inflate.obj
 0001:00010770       _inflateReset@4            10011770 f   inflate.obj
 0001:000107d0       _inflateReset2@8           100117d0 f   inflate.obj
 0001:000108a0       _inflatePrime@12           100118a0 f   inflate.obj
 0001:00010940       _inflateMark@4             10011940 f   inflate.obj
 0001:000109c0       _inflateGetHeader@8        100119c0 f   inflate.obj
 0001:00010a20       _inflateInit_@12           10011a20 f   inflate.obj
 0001:00010a40       _inflateInit2_@16          10011a40 f   inflate.obj
 0001:00010b60       _inflateSyncPoint@4        10011b60 f   inflate.obj
 0001:00010bc0       _inflateUndermine@8        10011bc0 f   inflate.obj
 0001:00010c00       _inflateValidate@8         10011c00 f   inflate.obj
 0001:00010c60       _inflateCodesUsed@4        10011c60 f   inflate.obj
 0001:00010ca0       _inflateResetKeep@4        10011ca0 f   inflate.obj
 0001:00011c60       _inflate_table             10012c60 f   inftrees.obj
 0001:00012370       _fill_fopen64_filefunc     10013370 f   ioapi.obj
 0001:000123d0       _fill_fopen_filefunc       100133d0 f   ioapi.obj
 0001:00012430       _call_zopen64              10013430 f   ioapi.obj
 0001:00012480       _call_zseek64              10013480 f   ioapi.obj
 0001:00012500       _call_ztell64              10013500 f   ioapi.obj
 0001:00012560       _fill_zlib_filefunc64_32_def_from_filefunc32 10013560 f   ioapi.obj
 0001:00012a10       _fill_win32_filefunc       10013a10 f   iowin32.obj
 0001:00012a70       _fill_win32_filefunc64     10013a70 f   iowin32.obj
 0001:00012ad0       _fill_win32_filefunc64A    10013ad0 f   iowin32.obj
 0001:00012b30       _fill_win32_filefunc64W    10013b30 f   iowin32.obj
 0001:00012b90       _win32_open_file_func      10013b90 f   iowin32.obj
 0001:00012c00       _win32_read_file_func      10013c00 f   iowin32.obj
 0001:00012c70       _win32_write_file_func     10013c70 f   iowin32.obj
 0001:00012ce0       _win32_tell64_file_func    10013ce0 f   iowin32.obj
 0001:00012d70       _win32_seek64_file_func    10013d70 f   iowin32.obj
 0001:00012e30       _win32_close_file_func     10013e30 f   iowin32.obj
 0001:00012e80       _win32_error_file_func     10013e80 f   iowin32.obj
 0001:00012fa0       _win32_open64_file_func    10013fa0 f   iowin32.obj
 0001:00013010       _win32_open64_file_funcA   10014010 f   iowin32.obj
 0001:00013080       _win32_open64_file_funcW   10014080 f   iowin32.obj
 0001:00013160       _win32_tell_file_func      10014160 f   iowin32.obj
 0001:000131e0       _win32_seek_file_func      100141e0 f   iowin32.obj
 0001:000134c0       __tr_init                  100144c0 f   trees.obj
 0001:00013550       __tr_tally                 10014550 f   trees.obj
 0001:00013690       __tr_flush_block           10014690 f   trees.obj
 0001:00013a60       __tr_flush_bits            10014a60 f   trees.obj
 0001:00013a80       __tr_align                 10014a80 f   trees.obj
 0001:00013cf0       __tr_stored_block          10014cf0 f   trees.obj
 0001:000172a0       _uncompress@16             100182a0 f   uncompr.obj
 0001:000172c0       _uncompress2@16            100182c0 f   uncompr.obj
 0001:000174b0       _unzStringFileNameCompare@12 100184b0 f   unzip.obj
 0001:000174f0       _unzOpen@4                 100184f0 f   unzip.obj
 0001:00017510       _unzOpen64@4               10018510 f   unzip.obj
 0001:00017530       _unzOpen2@8                10018530 f   unzip.obj
 0001:00017580       _unzOpen2_64@8             10018580 f   unzip.obj
 0001:000175e0       _unzClose@4                100185e0 f   unzip.obj
 0001:00017640       _unzGetGlobalInfo@8        10018640 f   unzip.obj
 0001:00017680       _unzGetGlobalInfo64@8      10018680 f   unzip.obj
 0001:000176c0       _unzGetGlobalComment@12    100186c0 f   unzip.obj
 0001:00017790       _unzGoToFirstFile@4        10018790 f   unzip.obj
 0001:00017830       _unzGoToNextFile@4         10018830 f   unzip.obj
 0001:00017970       _unzLocateFile@12          10018970 f   unzip.obj
 0001:00017ad0       _unzGetFilePos@8           10018ad0 f   unzip.obj
 0001:00017b10       _unzGoToFilePos@8          10018b10 f   unzip.obj
 0001:00017b60       _unzGetFilePos64@8         10018b60 f   unzip.obj
 0001:00017bd0       _unzGoToFilePos64@8        10018bd0 f   unzip.obj
 0001:00017c70       _unzGetCurrentFileInfo64@32 10018c70 f   unzip.obj
 0001:00017cb0       _unzGetCurrentFileInfo@32  10018cb0 f   unzip.obj
 0001:00017db0       _unzGetCurrentFileZStreamPos64@4 10018db0 f   unzip.obj
 0001:00017e10       _unzOpenCurrentFile@4      10018e10 f   unzip.obj
 0001:00017e30       _unzOpenCurrentFilePassword@8 10018e30 f   unzip.obj
 0001:00017e50       _unzOpenCurrentFile2@16    10018e50 f   unzip.obj
 0001:00017e70       _unzOpenCurrentFile3@20    10018e70 f   unzip.obj
 0001:000181e0       _unzCloseCurrentFile@4     100191e0 f   unzip.obj
 0001:000182d0       _unzReadCurrentFile@12     100192d0 f   unzip.obj
 0001:000187b0       _unztell@4                 100197b0 f   unzip.obj
 0001:000187f0       _unztell64@4               100197f0 f   unzip.obj
 0001:00018840       _unzeof@4                  10019840 f   unzip.obj
 0001:000188a0       _unzGetLocalExtrafield@12  100198a0 f   unzip.obj
 0001:000189b0       _unzGetOffset64@4          100199b0 f   unzip.obj
 0001:00018a60       _unzGetOffset@4            10019a60 f   unzip.obj
 0001:00018a90       _unzSetOffset64@12         10019a90 f   unzip.obj
 0001:00018b30       _unzSetOffset@8            10019b30 f   unzip.obj
 0001:0001b240       _zipOpen@8                 1001c240 f   zip.obj
 0001:0001b260       _zipOpen64@8               1001c260 f   zip.obj
 0001:0001b280       _zipOpen2@16               1001c280 f   zip.obj
 0001:0001b2d0       _zipOpen2_64@16            1001c2d0 f   zip.obj
 0001:0001b330       _zipOpenNewFileInZip@40    1001c330 f   zip.obj
 0001:0001b380       _zipOpenNewFileInZip64@44  1001c380 f   zip.obj
 0001:0001b3d0       _zipOpenNewFileInZip2@44   1001c3d0 f   zip.obj
 0001:0001b420       _zipOpenNewFileInZip2_64@48 1001c420 f   zip.obj
 0001:0001b470       _zipOpenNewFileInZip3@64   1001c470 f   zip.obj
 0001:0001b4d0       _zipOpenNewFileInZip3_64@68 1001c4d0 f   zip.obj
 0001:0001b530       _zipOpenNewFileInZip4@72   1001c530 f   zip.obj
 0001:0001b590       _zipOpenNewFileInZip4_64@76 1001c590 f   zip.obj
 0001:0001bce0       _zipWriteInFileInZip@12    1001cce0 f   zip.obj
 0001:0001bee0       _zipCloseFileInZip@4       1001cee0 f   zip.obj
 0001:0001bf00       _zipCloseFileInZipRaw@12   1001cf00 f   zip.obj
 0001:0001bf20       _zipCloseFileInZipRaw64@16 1001cf20 f   zip.obj
 0001:0001c620       _zipClose@8                1001d620 f   zip.obj
 0001:0001c840       _zipRemoveExtraInfoBlock@12 1001d840 f   zip.obj
 0001:0001d930       _LoadCentralDirectoryRecord 1001e930 f   zip.obj
 0001:0001df70       _zipOpen3@16               1001ef70 f   zip.obj
 0001:0001e130       _Write_LocalFileHeader     1001f130 f   zip.obj
 0001:0001e5f0       _Write_Zip64EndOfCentralDirectoryLocator 1001f5f0 f   zip.obj
 0001:0001e6b0       _Write_Zip64EndOfCentralDirectoryRecord 1001f6b0 f   zip.obj
 0001:0001e860       _Write_EndOfCentralDirectoryRecord 1001f860 f   zip.obj
 0001:0001ea50       _Write_GlobalComment       1001fa50 f   zip.obj
 0001:0001f910       _zlibVersion@0             10020910 f   zutil.obj
 0001:0001f920       _zlibCompileFlags@0        10020920 f   zutil.obj
 0001:0001fa50       _zError@4                  10020a50 f   zutil.obj
 0001:0001fa70       _zcalloc                   10020a70 f   zutil.obj
 0001:0001fa90       _zcfree                    10020a90 f   zutil.obj
 0001:0001fb06       _CreateFileA@28            10020b06 f   kernel32:KERNEL32.dll
 0001:0001fb0c       _CreateFileW@28            10020b0c f   kernel32:KERNEL32.dll
 0001:0001fb12       _ReadFile@20               10020b12 f   kernel32:KERNEL32.dll
 0001:0001fb18       _SetFilePointer@16         10020b18 f   kernel32:KERNEL32.dll
 0001:0001fb1e       _WriteFile@20              10020b1e f   kernel32:KERNEL32.dll
 0001:0001fb24       _CloseHandle@4             10020b24 f   kernel32:KERNEL32.dll
 0001:0001fb2a       _GetLastError@0            10020b2a f   kernel32:KERNEL32.dll
 0001:0001fb30       __allrem                   10020b30 f   MSVCRTD:llrem.obj
 0001:0001fc10       __allshr                   10020c10 f   MSVCRTD:llshr.obj
 0001:0001fc40       __allmul                   10020c40 f   MSVCRTD:llmul.obj
 0001:0001fc90       __allshl                   10020c90 f   MSVCRTD:llshl.obj
 0001:0001fcc0       __aulldiv                  10020cc0 f   MSVCRTD:ulldiv.obj
 0001:0001fd50       __aullshr                  10020d50 f   MSVCRTD:ullshr.obj
 0001:0001fd80       __chkstk                   10020d80 f   MSVCRTD:chkstk.obj
 0001:0001fd80       __alloca_probe             10020d80 f   MSVCRTD:chkstk.obj
 0001:000203c0       __CRT_INIT@12              100213c0 f   MSVCRTD:dll_dllmain.obj
 0001:000203e0       __DllMainCRTStartup@12     100213e0 f   MSVCRTD:dll_dllmain.obj
 0001:000204a0       ___security_init_cookie    100214a0 f   MSVCRTD:gs_support.obj
 0001:00020540       _DllMain@12                10021540 f   MSVCRTD:dll_dllmain_stub.obj
 0001:00020570       ?__scrt_initialize_type_info@@YAXXZ 10021570 f   MSVCRTD:tncleanup.obj
 0001:00020590       ?__scrt_uninitialize_type_info@@YAXXZ 10021590 f   MSVCRTD:tncleanup.obj
 0001:000205b0       ___local_stdio_scanf_options 100215b0 f i MSVCRTD:default_local_stdio_options.obj
 0001:000205c0       ___scrt_initialize_default_local_stdio_options 100215c0 f   MSVCRTD:default_local_stdio_options.obj
 0001:00020610       ?configure_argv@__scrt_narrow_argv_policy@@SAHXZ 10021610 f i MSVCRTD:utility.obj
 0001:000206e0       ?initialize_environment@__scrt_narrow_environment_policy@@SAHXZ 100216e0 f i MSVCRTD:utility.obj
 0001:00020780       _NtCurrentTeb              10021780 f i MSVCRTD:utility.obj
 0001:00020790       ___scrt_acquire_startup_lock 10021790 f   MSVCRTD:utility.obj
 0001:000207f0       ___scrt_dllmain_after_initialize_c 100217f0 f   MSVCRTD:utility.obj
 0001:00020830       ___scrt_dllmain_before_initialize_c 10021830 f   MSVCRTD:utility.obj
 0001:00020860       ___scrt_dllmain_crt_thread_attach 10021860 f   MSVCRTD:utility.obj
 0001:000208a0       ___scrt_dllmain_crt_thread_detach 100218a0 f   MSVCRTD:utility.obj
 0001:000208c0       ___scrt_dllmain_exception_filter 100218c0 f   MSVCRTD:utility.obj
 0001:00020920       ___scrt_dllmain_uninitialize_c 10021920 f   MSVCRTD:utility.obj
 0001:00020960       ___scrt_dllmain_uninitialize_critical 10021960 f   MSVCRTD:utility.obj
 0001:00020980       ___scrt_initialize_crt     10021980 f   MSVCRTD:utility.obj
 0001:000209e0       ___scrt_initialize_onexit_tables 100219e0 f   MSVCRTD:utility.obj
 0001:00020af0       ___scrt_is_nonwritable_in_current_image 10021af0 f   MSVCRTD:utility.obj
 0001:00020c70       ___scrt_release_startup_lock 10021c70 f   MSVCRTD:utility.obj
 0001:00020ca0       ___scrt_uninitialize_crt   10021ca0 f   MSVCRTD:utility.obj
 0001:00020cf0       __onexit                   10021cf0 f   MSVCRTD:utility.obj
 0001:00020d70       _at_quick_exit             10021d70 f   MSVCRTD:utility.obj
 0001:00020dc0       _atexit                    10021dc0 f   MSVCRTD:utility.obj
 0001:00020e00       ___scrt_get_dyn_tls_init_callback 10021e00 f   MSVCRTD:dyn_tls_init.obj
 0001:00020e10       ___scrt_fastfail           10021e10 f   MSVCRTD:utility_desktop.obj
 0001:00020fa0       ___scrt_get_show_window_mode 10021fa0 f   MSVCRTD:utility_desktop.obj
 0001:00020ff0       ___scrt_initialize_mta     10021ff0 f   MSVCRTD:utility_desktop.obj
 0001:00021000       ___scrt_initialize_winrt   10022000 f   MSVCRTD:utility_desktop.obj
 0001:00021010       ___scrt_is_managed_app     10022010 f   MSVCRTD:utility_desktop.obj
 0001:000210c0       ___scrt_set_unhandled_exception_filter 100220c0 f   MSVCRTD:utility_desktop.obj
 0001:000210e0       ___scrt_exe_initialize_mta 100220e0 f   MSVCRTD:utility_desktop.obj
 0001:000210e0       ___scrt_stub_for_initialize_mta 100220e0 f   MSVCRTD:utility_desktop.obj
 0001:000210f0       ___scrt_unhandled_exception_filter@4 100220f0 f   MSVCRTD:utility_desktop.obj
 0001:00021190       __crt_debugger_hook        10022190 f   MSVCRTD:utility_desktop.obj
 0001:000211b0       __RTC_Initialize           100221b0 f   MSVCRTD:initsect.obj
 0001:000211f0       __RTC_Terminate            100221f0 f   MSVCRTD:initsect.obj
 0001:00021230       __except_handler4          10022230 f   MSVCRTD:chandler4gs.obj
 0001:00021280       @_guard_check_icall_nop@4  10022280 f i MSVCRTD:guard_support.obj
 0001:00021290       _ReadNoFence               10022290 f i MSVCRTD:guard_support.obj
 0001:000212b0       _ReadPointerNoFence        100222b0 f i MSVCRTD:guard_support.obj
 0001:000212d0       __guard_icall_checks_enforced 100222d0 f i MSVCRTD:guard_support.obj
 0001:00021310       ___isa_available_init      10022310 f   MSVCRTD:cpu_disp.obj
 0001:00021710       __get_startup_argv_mode    10022710 f   MSVCRTD:argv_mode.obj
 0001:00021720       ___scrt_is_ucrt_dll_in_use 10022720 f   MSVCRTD:ucrt_detection.obj
 0001:00021750       @__security_check_cookie@4 10022750 f   MSVCRTD:secchk.obj
 0001:00021770       ___raise_securityfailure   10022770 f   MSVCRTD:gs_report.obj
 0001:000217b0       ___report_gsfailure        100227b0 f   MSVCRTD:gs_report.obj
 0001:00021900       ___report_rangecheckfailure 10022900 f   MSVCRTD:gs_report.obj
 0001:00021910       ___report_securityfailure  10022910 f   MSVCRTD:gs_report.obj
 0001:00021a20       ___report_securityfailureEx 10022a20 f   MSVCRTD:gs_report.obj
 0001:00021b8e       _memcpy                    10022b8e f   vcruntimed:VCRUNTIME140D.dll
 0001:00021b94       _memset                    10022b94 f   vcruntimed:VCRUNTIME140D.dll
 0001:00021b9a       _memchr                    10022b9a f   vcruntimed:VCRUNTIME140D.dll
 0001:00021ba0       ___std_type_info_destroy_list 10022ba0 f   vcruntimed:VCRUNTIME140D.dll
 0001:00021ba6       ___current_exception       10022ba6 f   vcruntimed:VCRUNTIME140D.dll
 0001:00021bac       ___current_exception_context 10022bac f   vcruntimed:VCRUNTIME140D.dll
 0001:00021bb2       __except_handler4_common   10022bb2 f   vcruntimed:VCRUNTIME140D.dll
 0001:00021bb8       ___stdio_common_vsprintf   10022bb8 f   ucrtd:ucrtbased.dll
 0001:00021bbe       _strlen                    10022bbe f   ucrtd:ucrtbased.dll
 0001:00021bc4       _free                      10022bc4 f   ucrtd:ucrtbased.dll
 0001:00021bca       _malloc                    10022bca f   ucrtd:ucrtbased.dll
 0001:00021bd0       _wcstombs                  10022bd0 f   ucrtd:ucrtbased.dll
 0001:00021bd6       __wopen                    10022bd6 f   ucrtd:ucrtbased.dll
 0001:00021bdc       __lseeki64                 10022bdc f   ucrtd:ucrtbased.dll
 0001:00021be2       __open                     10022be2 f   ucrtd:ucrtbased.dll
 0001:00021be8       __errno                    10022be8 f   ucrtd:ucrtbased.dll
 0001:00021bee       _strerror                  10022bee f   ucrtd:ucrtbased.dll
 0001:00021bf4       __close                    10022bf4 f   ucrtd:ucrtbased.dll
 0001:00021bfa       __read                     10022bfa f   ucrtd:ucrtbased.dll
 0001:00021c00       __write                    10022c00 f   ucrtd:ucrtbased.dll
 0001:00021c06       _fclose                    10022c06 f   ucrtd:ucrtbased.dll
 0001:00021c0c       _ferror                    10022c0c f   ucrtd:ucrtbased.dll
 0001:00021c12       _fopen                     10022c12 f   ucrtd:ucrtbased.dll
 0001:00021c18       _fread                     10022c18 f   ucrtd:ucrtbased.dll
 0001:00021c1e       _fseek                     10022c1e f   ucrtd:ucrtbased.dll
 0001:00021c24       __fseeki64                 10022c24 f   ucrtd:ucrtbased.dll
 0001:00021c2a       _ftell                     10022c2a f   ucrtd:ucrtbased.dll
 0001:00021c30       __ftelli64                 10022c30 f   ucrtd:ucrtbased.dll
 0001:00021c36       _fwrite                    10022c36 f   ucrtd:ucrtbased.dll
 0001:00021c3c       _strcmp                    10022c3c f   ucrtd:ucrtbased.dll
 0001:00021c42       _srand                     10022c42 f   ucrtd:ucrtbased.dll
 0001:00021c48       _rand                      10022c48 f   ucrtd:ucrtbased.dll
 0001:00021c4e       __time64                   10022c4e f   ucrtd:ucrtbased.dll
 0001:00021c54       __initterm                 10022c54 f   ucrtd:ucrtbased.dll
 0001:00021c5a       __initterm_e               10022c5a f   ucrtd:ucrtbased.dll
 0001:00021c60       __seh_filter_dll           10022c60 f   ucrtd:ucrtbased.dll
 0001:00021c66       __configure_narrow_argv    10022c66 f   ucrtd:ucrtbased.dll
 0001:00021c6c       __initialize_narrow_environment 10022c6c f   ucrtd:ucrtbased.dll
 0001:00021c72       __initialize_onexit_table  10022c72 f   ucrtd:ucrtbased.dll
 0001:00021c78       __register_onexit_function 10022c78 f   ucrtd:ucrtbased.dll
 0001:00021c7e       __execute_onexit_table     10022c7e f   ucrtd:ucrtbased.dll
 0001:00021c84       __crt_atexit               10022c84 f   ucrtd:ucrtbased.dll
 0001:00021c8a       __crt_at_quick_exit        10022c8a f   ucrtd:ucrtbased.dll
 0001:00021c90       __cexit                    10022c90 f   ucrtd:ucrtbased.dll
 0001:00021c96       _terminate                 10022c96 f   ucrtd:ucrtbased.dll
 0001:00021c9c       _QueryPerformanceCounter@4 10022c9c f   kernel32:KERNEL32.dll
 0001:00021ca2       _GetCurrentProcessId@0     10022ca2 f   kernel32:KERNEL32.dll
 0001:00021ca8       _GetCurrentThreadId@0      10022ca8 f   kernel32:KERNEL32.dll
 0001:00021cae       _GetSystemTimeAsFileTime@4 10022cae f   kernel32:KERNEL32.dll
 0001:00021cb4       _DisableThreadLibraryCalls@4 10022cb4 f   kernel32:KERNEL32.dll
 0001:00021cba       _InitializeSListHead@4     10022cba f   kernel32:KERNEL32.dll
 0001:00021cc0       _IsDebuggerPresent@0       10022cc0 f   kernel32:KERNEL32.dll
 0001:00021cc6       _UnhandledExceptionFilter@4 10022cc6 f   kernel32:KERNEL32.dll
 0001:00021ccc       _SetUnhandledExceptionFilter@4 10022ccc f   kernel32:KERNEL32.dll
 0001:00021cd2       _GetStartupInfoW@4         10022cd2 f   kernel32:KERNEL32.dll
 0001:00021cd8       _IsProcessorFeaturePresent@4 10022cd8 f   kernel32:KERNEL32.dll
 0001:00021cde       _GetModuleHandleW@4        10022cde f   kernel32:KERNEL32.dll
 0001:00021ce4       _GetCurrentProcess@0       10022ce4 f   kernel32:KERNEL32.dll
 0001:00021cea       _TerminateProcess@8        10022cea f   kernel32:KERNEL32.dll
 0001:00021cf0       ___vcrt_initialize         10022cf0 f   MSVCRTD:ucrt_stubs.obj
 0001:00021cf0       ___scrt_stub_for_acrt_initialize 10022cf0 f   MSVCRTD:ucrt_stubs.obj
 0001:00021cf0       ___acrt_initialize         10022cf0 f   MSVCRTD:ucrt_stubs.obj
 0001:00021d00       ___vcrt_thread_attach      10022d00 f   MSVCRTD:ucrt_stubs.obj
 0001:00021d00       ___scrt_stub_for_acrt_thread_attach 10022d00 f   MSVCRTD:ucrt_stubs.obj
 0001:00021d00       ___acrt_thread_attach      10022d00 f   MSVCRTD:ucrt_stubs.obj
 0001:00021d10       ___vcrt_thread_detach      10022d10 f   MSVCRTD:ucrt_stubs.obj
 0001:00021d10       ___acrt_thread_detach      10022d10 f   MSVCRTD:ucrt_stubs.obj
 0001:00021d10       ___scrt_stub_for_acrt_thread_detach 10022d10 f   MSVCRTD:ucrt_stubs.obj
 0001:00021d20       ___acrt_uninitialize       10022d20 f   MSVCRTD:ucrt_stubs.obj
 0001:00021d20       ___scrt_stub_for_acrt_uninitialize 10022d20 f   MSVCRTD:ucrt_stubs.obj
 0001:00021d20       ___vcrt_uninitialize       10022d20 f   MSVCRTD:ucrt_stubs.obj
 0001:00021d30       ___scrt_stub_for_acrt_uninitialize_critical 10022d30 f   MSVCRTD:ucrt_stubs.obj
 0001:00021d30       ___acrt_uninitialize_critical 10022d30 f   MSVCRTD:ucrt_stubs.obj
 0001:00021d30       ___vcrt_uninitialize_critical 10022d30 f   MSVCRTD:ucrt_stubs.obj
 0001:00021d40       __is_c_termination_complete 10022d40 f   MSVCRTD:ucrt_stubs.obj
 0001:00021d40       ___scrt_stub_for_is_c_termination_complete 10022d40 f   MSVCRTD:ucrt_stubs.obj
 0001:00021d50       __filter_x86_sse2_floating_point_exception_default 10022d50 f   MSVCRTD:x86_exception_filter.obj
 0001:00021d50       __filter_x86_sse2_floating_point_exception 10022d50 f   MSVCRTD:x86_exception_filter.obj
 0002:00000000       ___xc_a                    10025000     MSVCRTD:initializers.obj
 0002:00000104       ___xc_z                    10025104     MSVCRTD:initializers.obj
 0002:00000208       ___xi_a                    10025208     MSVCRTD:initializers.obj
 0002:0000030c       ___xi_z                    1002530c     MSVCRTD:initializers.obj
 0002:00000410       ___xp_a                    10025410     MSVCRTD:initializers.obj
 0002:00000514       ___xp_z                    10025514     MSVCRTD:initializers.obj
 0002:00000618       ___xt_a                    10025618     MSVCRTD:initializers.obj
 0002:0000071c       ___xt_z                    1002571c     MSVCRTD:initializers.obj
 0002:00002e88       _deflate_copyright         10027e88     deflate.obj
 0002:00004438       _inflate_copyright         10029438     inftrees.obj
 0002:000045a8       __length_code              100295a8     trees.obj
 0002:000046a8       __dist_code                100296a8     trees.obj
 0002:00005238       _unz_copyright             1002a238     unzip.obj
 0002:000052a0       _zip_copyright             1002a2a0     zip.obj
 0002:00005300       _z_errmsg                  1002a300     zutil.obj
 0002:00005330       __pRawDllMain              1002a330     MSVCRTD:dll_dllmain.obj
 0002:00005330       __pDefaultRawDllMain       1002a330     MSVCRTD:dll_dllmain.obj
 0002:00005378       __load_config_used         1002a378     MSVCRTD:loadcfg.obj
 0002:00005708       ___rtc_iaa                 1002a708     MSVCRTD:initsect.obj
 0002:0000580c       ___rtc_izz                 1002a80c     MSVCRTD:initsect.obj
 0002:00005910       ___rtc_taa                 1002a910     MSVCRTD:initsect.obj
 0002:00005a14       ___rtc_tzz                 1002aa14     MSVCRTD:initsect.obj
 0003:00000760       ___scrt_native_dllmain_reason 1002c760     MSVCRTD:utility.obj
 0003:00000764       ___security_cookie_complement 1002c764     MSVCRTD:gs_cookie.obj
 0003:00000768       ___security_cookie         1002c768     MSVCRTD:gs_cookie.obj
 0003:00000770       ___isa_enabled             1002c770     MSVCRTD:cpu_disp.obj
 0003:00000774       ___scrt_ucrt_dll_is_in_use 1002c774     MSVCRTD:ucrt_stubs.obj
 0003:00000898       ?__type_info_root_node@@3U__type_info_node@@A 1002c898     MSVCRTD:tncleanup.obj
 0003:000008a8       ?_OptionsStorage@?1??__local_stdio_printf_options@@9@4_KA 1002c8a8     MSVCRTD:default_local_stdio_options.obj
 0003:000008b8       ?_OptionsStorage@?1??__local_stdio_scanf_options@@9@4_KA 1002c8b8     MSVCRTD:default_local_stdio_options.obj
 0003:000008c4       ___scrt_current_native_startup_state 1002c8c4     MSVCRTD:utility.obj
 0003:000008c8       ___scrt_native_startup_lock 1002c8c8     MSVCRTD:utility.obj
 0003:000008f0       ___scrt_debugger_hook_flag 1002c8f0     MSVCRTD:utility_desktop.obj
 0003:000008f4       ___isa_available           1002c8f4     MSVCRTD:cpu_disp.obj
 0003:000008f8       ___favor                   1002c8f8     MSVCRTD:cpu_disp.obj
 0003:00000cc0       ?_OptionsStorage@?1??__local_stdio_printf_options@@9@9 1002ccc0     <common>
 0003:00000cd4       ___dyn_tls_init_callback   1002ccd4     <common>
 0004:00000000       __imp__CreateFileA@28      1002d000     kernel32:KERNEL32.dll
 0004:00000004       __imp__CreateFileW@28      1002d004     kernel32:KERNEL32.dll
 0004:00000008       __imp__ReadFile@20         1002d008     kernel32:KERNEL32.dll
 0004:0000000c       __imp__SetFilePointer@16   1002d00c     kernel32:KERNEL32.dll
 0004:00000010       __imp__WriteFile@20        1002d010     kernel32:KERNEL32.dll
 0004:00000014       __imp__CloseHandle@4       1002d014     kernel32:KERNEL32.dll
 0004:00000018       __imp__GetLastError@0      1002d018     kernel32:KERNEL32.dll
 0004:0000001c       __imp__GetCurrentProcess@0 1002d01c     kernel32:KERNEL32.dll
 0004:00000020       __imp__GetModuleHandleW@4  1002d020     kernel32:KERNEL32.dll
 0004:00000024       __imp__IsProcessorFeaturePresent@4 1002d024     kernel32:KERNEL32.dll
 0004:00000028       __imp__GetStartupInfoW@4   1002d028     kernel32:KERNEL32.dll
 0004:0000002c       __imp__SetUnhandledExceptionFilter@4 1002d02c     kernel32:KERNEL32.dll
 0004:00000030       __imp__UnhandledExceptionFilter@4 1002d030     kernel32:KERNEL32.dll
 0004:00000034       __imp__IsDebuggerPresent@0 1002d034     kernel32:KERNEL32.dll
 0004:00000038       __imp__InitializeSListHead@4 1002d038     kernel32:KERNEL32.dll
 0004:0000003c       __imp__DisableThreadLibraryCalls@4 1002d03c     kernel32:KERNEL32.dll
 0004:00000040       __imp__GetSystemTimeAsFileTime@4 1002d040     kernel32:KERNEL32.dll
 0004:00000044       __imp__GetCurrentThreadId@0 1002d044     kernel32:KERNEL32.dll
 0004:00000048       __imp__GetCurrentProcessId@0 1002d048     kernel32:KERNEL32.dll
 0004:0000004c       __imp__QueryPerformanceCounter@4 1002d04c     kernel32:KERNEL32.dll
 0004:00000050       __imp__TerminateProcess@8  1002d050     kernel32:KERNEL32.dll
 0004:00000054       \177KERNEL32_NULL_THUNK_DATA 1002d054     kernel32:KERNEL32.dll
 0004:00000090       __imp____std_type_info_destroy_list 1002d090     vcruntimed:VCRUNTIME140D.dll
 0004:00000094       __imp____current_exception 1002d094     vcruntimed:VCRUNTIME140D.dll
 0004:00000098       __imp____current_exception_context 1002d098     vcruntimed:VCRUNTIME140D.dll
 0004:0000009c       __imp___except_handler4_common 1002d09c     vcruntimed:VCRUNTIME140D.dll
 0004:000000a0       __imp__memchr              1002d0a0     vcruntimed:VCRUNTIME140D.dll
 0004:000000a4       __imp__memcpy              1002d0a4     vcruntimed:VCRUNTIME140D.dll
 0004:000000a8       __imp__memset              1002d0a8     vcruntimed:VCRUNTIME140D.dll
 0004:000000ac       \177VCRUNTIME140D_NULL_THUNK_DATA 1002d0ac     vcruntimed:VCRUNTIME140D.dll
 0004:000000dc       __imp__ferror              1002d0dc     ucrtd:ucrtbased.dll
 0004:000000e0       __imp__fopen               1002d0e0     ucrtd:ucrtbased.dll
 0004:000000e4       __imp__fread               1002d0e4     ucrtd:ucrtbased.dll
 0004:000000e8       __imp__fseek               1002d0e8     ucrtd:ucrtbased.dll
 0004:000000ec       __imp__wcstombs            1002d0ec     ucrtd:ucrtbased.dll
 0004:000000f0       __imp__ftell               1002d0f0     ucrtd:ucrtbased.dll
 0004:000000f4       __imp___ftelli64           1002d0f4     ucrtd:ucrtbased.dll
 0004:000000f8       __imp__fwrite              1002d0f8     ucrtd:ucrtbased.dll
 0004:000000fc       __imp__strcmp              1002d0fc     ucrtd:ucrtbased.dll
 0004:00000100       __imp__srand               1002d100     ucrtd:ucrtbased.dll
 0004:00000104       __imp__rand                1002d104     ucrtd:ucrtbased.dll
 0004:00000108       __imp___time64             1002d108     ucrtd:ucrtbased.dll
 0004:0000010c       __imp___initterm           1002d10c     ucrtd:ucrtbased.dll
 0004:00000110       __imp___write              1002d110     ucrtd:ucrtbased.dll
 0004:00000114       __imp___seh_filter_dll     1002d114     ucrtd:ucrtbased.dll
 0004:00000118       __imp___configure_narrow_argv 1002d118     ucrtd:ucrtbased.dll
 0004:0000011c       __imp___initialize_narrow_environment 1002d11c     ucrtd:ucrtbased.dll
 0004:00000120       __imp___initialize_onexit_table 1002d120     ucrtd:ucrtbased.dll
 0004:00000124       __imp___register_onexit_function 1002d124     ucrtd:ucrtbased.dll
 0004:00000128       __imp___execute_onexit_table 1002d128     ucrtd:ucrtbased.dll
 0004:0000012c       __imp___crt_atexit         1002d12c     ucrtd:ucrtbased.dll
 0004:00000130       __imp___crt_at_quick_exit  1002d130     ucrtd:ucrtbased.dll
 0004:00000134       __imp___cexit              1002d134     ucrtd:ucrtbased.dll
 0004:00000138       __imp__terminate           1002d138     ucrtd:ucrtbased.dll
 0004:0000013c       __imp___read               1002d13c     ucrtd:ucrtbased.dll
 0004:00000140       __imp__malloc              1002d140     ucrtd:ucrtbased.dll
 0004:00000144       __imp__free                1002d144     ucrtd:ucrtbased.dll
 0004:00000148       __imp__strlen              1002d148     ucrtd:ucrtbased.dll
 0004:0000014c       __imp____stdio_common_vsprintf 1002d14c     ucrtd:ucrtbased.dll
 0004:00000150       __imp__fclose              1002d150     ucrtd:ucrtbased.dll
 0004:00000154       __imp___close              1002d154     ucrtd:ucrtbased.dll
 0004:00000158       __imp__strerror            1002d158     ucrtd:ucrtbased.dll
 0004:0000015c       __imp___errno              1002d15c     ucrtd:ucrtbased.dll
 0004:00000160       __imp___open               1002d160     ucrtd:ucrtbased.dll
 0004:00000164       __imp___lseeki64           1002d164     ucrtd:ucrtbased.dll
 0004:00000168       __imp___initterm_e         1002d168     ucrtd:ucrtbased.dll
 0004:0000016c       __imp___wopen              1002d16c     ucrtd:ucrtbased.dll
 0004:00000170       __imp___fseeki64           1002d170     ucrtd:ucrtbased.dll
 0004:00000174       \177ucrtbased_NULL_THUNK_DATA 1002d174     ucrtd:ucrtbased.dll
 0004:000001bc       __IMPORT_DESCRIPTOR_KERNEL32 1002d1bc     kernel32:KERNEL32.dll
 0004:000001d0       __IMPORT_DESCRIPTOR_VCRUNTIME140D 1002d1d0     vcruntimed:VCRUNTIME140D.dll
 0004:000001e4       __IMPORT_DESCRIPTOR_ucrtbased 1002d1e4     ucrtd:ucrtbased.dll
 0004:000001f8       __NULL_IMPORT_DESCRIPTOR   1002d1f8     kernel32:KERNEL32.dll
 0005:00000000       ___guard_check_icall_fptr  1002e000     MSVCRTD:guard_support.obj
 0005:00000004       ___guard_xfg_check_icall_fptr 1002e004     MSVCRTD:guard_support.obj

 entry point at        0001:0000032a

 Static symbols

 0000:fffcf000       .debug$S                   10000000     zlibwapi.exp
 0000:fffcf000       .debug$S                   10000000     ucrtd:ucrtbased.dll
 0000:fffcf000       .debug$S                   10000000     ucrtd:ucrtbased.dll
 0000:fffcf000       .debug$S                   10000000     ucrtd:ucrtbased.dll
 0000:fffcf000       .debug$S                   10000000     ucrtd:ucrtbased.dll
 0000:fffcf000       .debug$S                   10000000     ucrtd:ucrtbased.dll
 0000:fffcf000       .debug$S                   10000000     ucrtd:ucrtbased.dll
 0000:fffcf000       .debug$S                   10000000     ucrtd:ucrtbased.dll
 0000:fffcf000       .debug$S                   10000000     ucrtd:ucrtbased.dll
 0000:fffcf000       .debug$S                   10000000     ucrtd:ucrtbased.dll
 0000:fffcf000       .debug$S                   10000000     ucrtd:ucrtbased.dll
 0000:fffcf000       .debug$S                   10000000     ucrtd:ucrtbased.dll
 0000:fffcf000       .debug$S                   10000000     ucrtd:ucrtbased.dll
 0000:fffcf000       .debug$S                   10000000     ucrtd:ucrtbased.dll
 0000:fffcf000       .debug$S                   10000000     ucrtd:ucrtbased.dll
 0000:fffcf000       .debug$S                   10000000     ucrtd:ucrtbased.dll
 0000:fffcf000       .debug$S                   10000000     ucrtd:ucrtbased.dll
 0000:fffcf000       .debug$S                   10000000     ucrtd:ucrtbased.dll
 0000:fffcf000       .debug$S                   10000000     ucrtd:ucrtbased.dll
 0000:fffcf000       .debug$S                   10000000     ucrtd:ucrtbased.dll
 0000:fffcf000       .debug$S                   10000000     ucrtd:ucrtbased.dll
 0000:fffcf000       .debug$S                   10000000     ucrtd:ucrtbased.dll
 0000:fffcf000       .debug$S                   10000000     ucrtd:ucrtbased.dll
 0000:fffcf000       .debug$S                   10000000     ucrtd:ucrtbased.dll
 0000:fffcf000       .debug$S                   10000000     ucrtd:ucrtbased.dll
 0000:fffcf000       .debug$S                   10000000     ucrtd:ucrtbased.dll
 0000:fffcf000       .debug$S                   10000000     ucrtd:ucrtbased.dll
 0000:fffcf000       .debug$S                   10000000     ucrtd:ucrtbased.dll
 0000:fffcf000       .debug$S                   10000000     ucrtd:ucrtbased.dll
 0000:fffcf000       .debug$S                   10000000     ucrtd:ucrtbased.dll
 0000:fffcf000       .debug$S                   10000000     ucrtd:ucrtbased.dll
 0000:fffcf000       .debug$S                   10000000     ucrtd:ucrtbased.dll
 0000:fffcf000       .debug$S                   10000000     ucrtd:ucrtbased.dll
 0000:fffcf000       .debug$S                   10000000     ucrtd:ucrtbased.dll
 0000:fffcf000       .debug$S                   10000000     ucrtd:ucrtbased.dll
 0000:fffcf000       .debug$S                   10000000     ucrtd:ucrtbased.dll
 0000:fffcf000       .debug$S                   10000000     ucrtd:ucrtbased.dll
 0000:fffcf000       .debug$S                   10000000     ucrtd:ucrtbased.dll
 0000:fffcf000       .debug$S                   10000000     ucrtd:ucrtbased.dll
 0000:fffcf000       .debug$S                   10000000     kernel32:KERNEL32.dll
 0000:fffcf000       .debug$S                   10000000     kernel32:KERNEL32.dll
 0000:fffcf000       .debug$S                   10000000     kernel32:KERNEL32.dll
 0000:fffcf000       .debug$S                   10000000     kernel32:KERNEL32.dll
 0000:fffcf000       .debug$S                   10000000     kernel32:KERNEL32.dll
 0000:fffcf000       .debug$S                   10000000     kernel32:KERNEL32.dll
 0000:fffcf000       .debug$S                   10000000     kernel32:KERNEL32.dll
 0000:fffcf000       .debug$S                   10000000     kernel32:KERNEL32.dll
 0000:fffcf000       .debug$S                   10000000     kernel32:KERNEL32.dll
 0000:fffcf000       .debug$S                   10000000     kernel32:KERNEL32.dll
 0000:fffcf000       .debug$S                   10000000     kernel32:KERNEL32.dll
 0000:fffcf000       .debug$S                   10000000     kernel32:KERNEL32.dll
 0000:fffcf000       .debug$S                   10000000     kernel32:KERNEL32.dll
 0000:fffcf000       .debug$S                   10000000     kernel32:KERNEL32.dll
 0000:fffcf000       .debug$S                   10000000     kernel32:KERNEL32.dll
 0000:fffcf000       .debug$S                   10000000     kernel32:KERNEL32.dll
 0000:fffcf000       .debug$S                   10000000     kernel32:KERNEL32.dll
 0000:fffcf000       .debug$S                   10000000     kernel32:KERNEL32.dll
 0000:fffcf000       .debug$S                   10000000     kernel32:KERNEL32.dll
 0000:fffcf000       .debug$S                   10000000     kernel32:KERNEL32.dll
 0000:fffcf000       .debug$S                   10000000     kernel32:KERNEL32.dll
 0000:fffd2000       __guard_fids___except_handler4 10000000     MSVCRTD:chandler4gs.obj
 0000:fffd2000       __guard_fids_?dllmain_dispatch@@YAHQAUHINSTANCE__@@KQAX@Z 10000000     MSVCRTD:dll_dllmain.obj
 0000:fffd2000       __guard_fids__             10000000     MSVCRTD:guard_support.obj
 0000:fffd2000       __guard_fids__             10000000     MSVCRTD:guard_support.obj
 0000:fffd2000       __guard_fids___guard_icall_checks_enforced 10000000     MSVCRTD:guard_support.obj
 0000:fffd2000       __guard_fids____scrt_set_unhandled_exception_filter 10000000     MSVCRTD:utility_desktop.obj
 0000:fffcf000       .debug$S                   10000000     vcruntimed:VCRUNTIME140D.dll
 0000:fffcf000       .debug$S                   10000000     vcruntimed:VCRUNTIME140D.dll
 0000:fffcf000       .debug$S                   10000000     vcruntimed:VCRUNTIME140D.dll
 0000:fffcf000       .debug$S                   10000000     vcruntimed:VCRUNTIME140D.dll
 0000:fffcf000       .debug$S                   10000000     vcruntimed:VCRUNTIME140D.dll
 0000:fffcf000       .debug$S                   10000000     vcruntimed:VCRUNTIME140D.dll
 0000:fffcf000       .debug$S                   10000000     vcruntimed:VCRUNTIME140D.dll
 0001:00000a70       $$000000                   10001a70     match686.obj
 0001:00000cd0       $$000000                   10001cd0     inffas32.obj
 0001:00001c30       _adler32_combine_          10002c30 f   adler32.obj
 0001:00002380       _crc32_little              10003380 f   crc32.obj
 0001:000028b0       _crc32_big                 100038b0 f   crc32.obj
 0001:00002e50       _gf2_matrix_times          10003e50 f   crc32.obj
 0001:00002e90       _gf2_matrix_square         10003e90 f   crc32.obj
 0001:00002ee0       _crc32_combine_            10003ee0 f   crc32.obj
 0001:000054f0       _deflateStateCheck         100064f0 f   deflate.obj
 0001:00005590       _slide_hash                10006590 f   deflate.obj
 0001:00005660       _fill_window               10006660 f   deflate.obj
 0001:000059b0       _deflate_stored            100069b0 f   deflate.obj
 0001:00006040       _deflate_fast              10007040 f   deflate.obj
 0001:00006640       _deflate_slow              10007640 f   deflate.obj
 0001:00006df0       _deflate_rle               10007df0 f   deflate.obj
 0001:00007350       _deflate_huff              10008350 f   deflate.obj
 0001:000075e0       _lm_init                   100085e0 f   deflate.obj
 0001:000076e0       _putShortMSB               100086e0 f   deflate.obj
 0001:00007730       _flush_pending             10008730 f   deflate.obj
 0001:000077f0       _read_buf                  100087f0 f   deflate.obj
 0001:00009350       _gz_reset                  1000a350 f   gzlib.obj
 0001:000093c0       _gz_open                   1000a3c0 f   gzlib.obj
 0001:000097b4       $LN49                      1000a7b4     gzlib.obj
 0001:000097e0       $LN48                      1000a7e0     gzlib.obj
 0001:0000a370       _gz_load                   1000b370 f   gzread.obj
 0001:0000a420       _gz_avail                  1000b420 f   gzread.obj
 0001:0000a500       _gz_look                   1000b500 f   gzread.obj
 0001:0000a760       _gz_decomp                 1000b760 f   gzread.obj
 0001:0000a8a0       _gz_fetch                  1000b8a0 f   gzread.obj
 0001:0000a990       _gz_skip                   1000b990 f   gzread.obj
 0001:0000aa70       _gz_read                   1000ba70 f   gzread.obj
 0001:0000b7a0       _gz_init                   1000c7a0 f   gzwrite.obj
 0001:0000b910       _gz_comp                   1000c910 f   gzwrite.obj
 0001:0000bb50       _gz_zero                   1000cb50 f   gzwrite.obj
 0001:0000bc60       _gz_write                  1000cc60 f   gzwrite.obj
 0001:0000d538       $LN348                     1000e538     infback.obj
 0001:0000d554       $LN347                     1000e554     infback.obj
 0001:0000d568       $LN349                     1000e568     infback.obj
 0001:0000d6f0       _fixedtables               1000e6f0 f   infback.obj
 0001:0001019c       $LN525                     1001119c     inflate.obj
 0001:00010218       $LN526                     10011218     inflate.obj
 0001:00010da0       _inflateStateCheck         10011da0 f   inflate.obj
 0001:00010e10       _fixedtables               10011e10 f   inflate.obj
 0001:00010e40       _updatewindow              10011e40 f   inflate.obj
 0001:00010fd0       _syncsearch                10011fd0 f   inflate.obj
 0001:000125f0       _fopen_file_func           100135f0 f   ioapi.obj
 0001:00012660       _fread_file_func           10013660 f   ioapi.obj
 0001:00012690       _fwrite_file_func          10013690 f   ioapi.obj
 0001:000126c0       _ftell64_file_func         100136c0 f   ioapi.obj
 0001:000126f0       _fseek64_file_func         100136f0 f   ioapi.obj
 0001:00012770       _fclose_file_func          10013770 f   ioapi.obj
 0001:00012790       _ferror_file_func          10013790 f   ioapi.obj
 0001:000127b0       _fopen64_file_func         100137b0 f   ioapi.obj
 0001:00012820       _ftell_file_func           10013820 f   ioapi.obj
 0001:00012840       _fseek_file_func           10013840 f   ioapi.obj
 0001:00012eb0       _win32_translate_open_mode 10013eb0 f   iowin32.obj
 0001:00012f40       _win32_build_iowin         10013f40 f   iowin32.obj
 0001:000130f0       _MySetFilePointerEx        100140f0 f   iowin32.obj
 0001:00013ef0       _tr_static_init            10014ef0 f   trees.obj
 0001:00013f00       _init_block                10014f00 f   trees.obj
 0001:00013fe0       _pqdownheap                10014fe0 f   trees.obj
 0001:00014170       _gen_bitlen                10015170 f   trees.obj
 0001:00014480       _gen_codes                 10015480 f   trees.obj
 0001:00014540       _build_tree                10015540 f   trees.obj
 0001:00014910       _scan_tree                 10015910 f   trees.obj
 0001:00014af0       _send_tree                 10015af0 f   trees.obj
 0001:000155c0       _build_bl_tree             100165c0 f   trees.obj
 0001:00015680       _send_all_trees            10016680 f   trees.obj
 0001:00015b80       _compress_block            10016b80 f   trees.obj
 0001:00016370       _detect_data_type          10017370 f   trees.obj
 0001:00016450       _bi_reverse                10017450 f   trees.obj
 0001:00016490       _bi_windup                 10017490 f   trees.obj
 0001:00016550       _bi_flush                  10017550 f   trees.obj
 0001:00018b50       _unz64local_getByte        10019b50 f   unzip.obj
 0001:00018bc0       _unz64local_getShort       10019bc0 f   unzip.obj
 0001:00018c40       _unz64local_getLong        10019c40 f   unzip.obj
 0001:00018d10       _unz64local_getLong64      10019d10 f   unzip.obj
 0001:00018ee0       _strcmpcasenosensitive_internal 10019ee0 f   unzip.obj
 0001:00018fb0       _unz64local_SearchCentralDir 10019fb0 f   unzip.obj
 0001:000191f0       _unz64local_SearchCentralDir64 1001a1f0 f   unzip.obj
 0001:00019550       _unzOpenInternal           1001a550 f   unzip.obj
 0001:00019ae0       _unz64local_DosDateToTmuDate 1001aae0 f   unzip.obj
 0001:00019bc0       _unz64local_GetCurrentFileInfoInternal 1001abc0 f   unzip.obj
 0001:0001a290       _unz64local_CheckCurrentFileCoherencyHeader 1001b290 f   unzip.obj
 0001:0001b220       _time                      1001c220 f   zip.obj
 0001:0001c970       _decrypt_byte              1001d970 f   zip.obj
 0001:0001c9a0       _update_keys               1001d9a0 f   zip.obj
 0001:0001ca30       _init_keys                 1001da30 f   zip.obj
 0001:0001ca80       _crypthead                 1001da80 f   zip.obj
 0001:0001cc50       _allocate_new_datablock    1001dc50 f   zip.obj
 0001:0001cc90       _free_datablock            1001dc90 f   zip.obj
 0001:0001ccd0       _init_linkedlist           1001dcd0 f   zip.obj
 0001:0001ccf0       _free_linkedlist           1001dcf0 f   zip.obj
 0001:0001cd20       _add_data_in_datablock     1001dd20 f   zip.obj
 0001:0001ce50       _zip64local_putValue       1001de50 f   zip.obj
 0001:0001cf00       _zip64local_putValue_inmemory 1001df00 f   zip.obj
 0001:0001cf80       _zip64local_TmzDateToDosDate 1001df80 f   zip.obj
 0001:0001d000       _zip64local_getByte        1001e000 f   zip.obj
 0001:0001d070       _zip64local_getShort       1001e070 f   zip.obj
 0001:0001d0f0       _zip64local_getLong        1001e0f0 f   zip.obj
 0001:0001d1c0       _zip64local_getLong64      1001e1c0 f   zip.obj
 0001:0001d390       _zip64local_SearchCentralDir 1001e390 f   zip.obj
 0001:0001d5d0       _zip64local_SearchCentralDir64 1001e5d0 f   zip.obj
 0001:0001e4b0       _zip64FlushWriteBuffer     1001f4b0 f   zip.obj
 0001:0001fb30       $$000000                   10020b30     MSVCRTD:llrem.obj
 0001:0001fc10       $$000000                   10020c10     MSVCRTD:llshr.obj
 0001:0001fc40       $$000000                   10020c40     MSVCRTD:llmul.obj
 0001:0001fc90       $$000000                   10020c90     MSVCRTD:llshl.obj
 0001:0001fcc0       $$000000                   10020cc0     MSVCRTD:ulldiv.obj
 0001:0001fd50       $$000000                   10020d50     MSVCRTD:ullshr.obj
 0001:0001fd80       $$000000                   10020d80     MSVCRTD:chkstk.obj
 0001:0001fdc0       ?dllmain_crt_dispatch@@YGHQAUHINSTANCE__@@KQAX@Z 10020dc0 f   MSVCRTD:dll_dllmain.obj
 0001:0001fe2c       $LN11                      10020e2c     MSVCRTD:dll_dllmain.obj
 0001:0001fe60       ?dllmain_crt_process_attach@@YAHQAUHINSTANCE__@@QAX@Z 10020e60 f   MSVCRTD:dll_dllmain.obj
 0001:00020030       ?dllmain_crt_process_detach@@YAH_N@Z 10021030 f   MSVCRTD:dll_dllmain.obj
 0001:00020170       ?dllmain_dispatch@@YAHQAUHINSTANCE__@@KQAX@Z 10021170 f   MSVCRTD:dll_dllmain.obj
 0001:00020360       ?dllmain_raw@@YGHQAUHINSTANCE__@@KQAX@Z 10021360 f   MSVCRTD:dll_dllmain.obj
 0001:00020410       ___get_entropy             10021410 f   MSVCRTD:gs_support.obj
 0001:00020630       ?find_pe_section@@YAPAU_IMAGE_SECTION_HEADER@@QAEI@Z 10021630 f   MSVCRTD:utility.obj
 0001:000206f0       ?is_potentially_valid_image_base@@YA_NQAX@Z 100216f0 f   MSVCRTD:utility.obj
 0002:00000820       _crc_table                 10025820     crc32.obj
 0002:00002ed0       _configuration_table       10027ed0     deflate.obj
 0002:00002f48       ?my_version@?1??deflateInit2_@@9@9 10027f48     deflate.obj
 0002:00002f78       ?lenfix@?1??fixedtables@@9@9 10027f78     infback.obj
 0002:00003778       ?distfix@?1??fixedtables@@9@9 10028778     infback.obj
 0002:000037f8       ?order@?1??inflateBack@@9@9 100287f8     infback.obj
 0002:000039d8       ?lenfix@?1??fixedtables@@9@9 100289d8     inflate.obj
 0002:000041d8       ?distfix@?1??fixedtables@@9@9 100291d8     inflate.obj
 0002:00004258       ?order@?1??inflate@@9@9    10029258     inflate.obj
 0002:00004468       ?lbase@?1??inflate_table@@9@9 10029468     inftrees.obj
 0002:000044a8       ?lext@?1??inflate_table@@9@9 100294a8     inftrees.obj
 0002:000044e8       ?dbase@?1??inflate_table@@9@9 100294e8     inftrees.obj
 0002:00004528       ?dext@?1??inflate_table@@9@9 10029528     inftrees.obj
 0002:000048a8       _extra_lbits               100298a8     trees.obj
 0002:0000491c       _bl_order                  1002991c     trees.obj
 0002:00004930       _extra_dbits               10029930     trees.obj
 0002:000049a8       _extra_blbits              100299a8     trees.obj
 0002:000049f8       _static_ltree              100299f8     trees.obj
 0002:00004e78       _static_dtree              10029e78     trees.obj
 0002:00004ef0       _base_length               10029ef0     trees.obj
 0002:00004f68       _base_dist                 10029f68     trees.obj
 0002:00004fe0       _static_l_desc             10029fe0     trees.obj
 0002:00004ff4       _static_d_desc             10029ff4     trees.obj
 0002:00005008       _static_bl_desc            1002a008     trees.obj
 0002:00005334       _GS_ExceptionPointers      1002a334     MSVCRTD:gs_report.obj
 0002:00005b18       __sehtable$?dllmain_crt_process_attach@@YAHQAUHINSTANCE__@@QAX@Z 1002ab18     MSVCRTD:dll_dllmain.obj
 0002:00005b38       __sehtable$?dllmain_crt_process_detach@@YAH_N@Z 1002ab38     MSVCRTD:dll_dllmain.obj
 0002:00005b68       __sehtable$?dllmain_dispatch@@YAHQAUHINSTANCE__@@KQAX@Z 1002ab68     MSVCRTD:dll_dllmain.obj
 0002:00005b88       __sehtable$___scrt_is_nonwritable_in_current_image 1002ab88     MSVCRTD:utility.obj
 0002:00005cc0       .edata                     1002acc0     zlibwapi.exp
 0002:00005ce8       rgpv                       1002ace8     zlibwapi.exp
 0002:00005fb4       rgszName                   1002afb4     zlibwapi.exp
 0002:000061c8       rgwOrd                     1002b1c8     zlibwapi.exp
 0002:000062d2       szName                     1002b2d2     zlibwapi.exp
 0002:000062df       $N00001                    1002b2df     zlibwapi.exp
 0002:000062e7       $N00140                    1002b2e7     zlibwapi.exp
 0002:000062f7       $N00174                    1002b2f7     zlibwapi.exp
 0002:00006301       $N00039                    1002b301     zlibwapi.exp
 0002:0000630b       $N00179                    1002b30b     zlibwapi.exp
 0002:00006315       $N00178                    1002b315     zlibwapi.exp
 0002:0000631f       $N00002                    1002b31f     zlibwapi.exp
 0002:00006328       $N00046                    1002b328     zlibwapi.exp
 0002:00006336       $N00003                    1002b336     zlibwapi.exp
 0002:0000633c       $N00142                    1002b33c     zlibwapi.exp
 0002:0000634a       $N00175                    1002b34a     zlibwapi.exp
 0002:00006352       $N00004                    1002b352     zlibwapi.exp
 0002:0000635a       $N00047                    1002b35a     zlibwapi.exp
 0002:00006367       $N00005                    1002b367     zlibwapi.exp
 0002:00006373       $N00006                    1002b373     zlibwapi.exp
 0002:0000637e       $N00173                    1002b37e     zlibwapi.exp
 0002:00006393       $N00007                    1002b393     zlibwapi.exp
 0002:000063a1       $N00008                    1002b3a1     zlibwapi.exp
 0002:000063ae       $N00009                    1002b3ae     zlibwapi.exp
 0002:000063bc       $N00052                    1002b3bc     zlibwapi.exp
 0002:000063cb       $N00051                    1002b3cb     zlibwapi.exp
 0002:000063d8       $N00010                    1002b3d8     zlibwapi.exp
 0002:000063e5       $N00164                    1002b3e5     zlibwapi.exp
 0002:000063f6       $N00011                    1002b3f6     zlibwapi.exp
 0002:0000640b       $N00144                    1002b40b     zlibwapi.exp
 0002:0000641c       $N00145                    1002b41c     zlibwapi.exp
 0002:00006428       $N00110                    1002b428     zlibwapi.exp
 0002:0000643c       $N00111                    1002b43c     zlibwapi.exp
 0002:00006452       $N00112                    1002b452     zlibwapi.exp
 0002:00006469       $N00113                    1002b469     zlibwapi.exp
 0002:00006480       $N00038                    1002b480     zlibwapi.exp
 0002:0000648e       $N00146                    1002b48e     zlibwapi.exp
 0002:00006497       $N00048                    1002b497     zlibwapi.exp
 0002:000064a2       $N00012                    1002b4a2     zlibwapi.exp
 0002:000064aa       $N00147                    1002b4aa     zlibwapi.exp
 0002:000064b4       $N00148                    1002b4b4     zlibwapi.exp
 0002:000064be       $N00149                    1002b4be     zlibwapi.exp
 0002:000064c7       $N00013                    1002b4c7     zlibwapi.exp
 0002:000064cf       $N00034                    1002b4cf     zlibwapi.exp
 0002:000064d5       $N00014                    1002b4d5     zlibwapi.exp
 0002:000064dd       $N00015                    1002b4dd     zlibwapi.exp
 0002:000064e5       $N00171                    1002b4e5     zlibwapi.exp
 0002:000064ed       $N00172                    1002b4ed     zlibwapi.exp
 0002:000064f6       $N00030                    1002b4f6     zlibwapi.exp
 0002:000064fd       $N00161                    1002b4fd     zlibwapi.exp
 0002:00006505       $N00041                    1002b505     zlibwapi.exp
 0002:0000650c       $N00150                    1002b50c     zlibwapi.exp
 0002:00006515       $N00016                    1002b515     zlibwapi.exp
 0002:0000651c       $N00165                    1002b51c     zlibwapi.exp
 0002:00006525       $N00028                    1002b525     zlibwapi.exp
 0002:0000652e       $N00029                    1002b52e     zlibwapi.exp
 0002:00006535       $N00040                    1002b535     zlibwapi.exp
 0002:0000653c       $N00017                    1002b53c     zlibwapi.exp
 0002:00006543       $N00032                    1002b543     zlibwapi.exp
 0002:0000654c       $N00031                    1002b54c     zlibwapi.exp
 0002:00006553       $N00035                    1002b553     zlibwapi.exp
 0002:0000655f       $N00033                    1002b55f     zlibwapi.exp
 0002:00006566       $N00049                    1002b566     zlibwapi.exp
 0002:0000656f       $N00167                    1002b56f     zlibwapi.exp
 0002:00006579       $N00018                    1002b579     zlibwapi.exp
 0002:00006581       $N00019                    1002b581     zlibwapi.exp
 0002:00006589       $N00044                    1002b589     zlibwapi.exp
 0002:00006595       $N00045                    1002b595     zlibwapi.exp
 0002:000065a4       $N00043                    1002b5a4     zlibwapi.exp
 0002:000065b5       $N00168                    1002b5b5     zlibwapi.exp
 0002:000065c6       $N00042                    1002b5c6     zlibwapi.exp
 0002:000065d2       $N00020                    1002b5d2     zlibwapi.exp
 0002:000065dd       $N00166                    1002b5dd     zlibwapi.exp
 0002:000065f2       $N00156                    1002b5f2     zlibwapi.exp
 0002:00006603       $N00021                    1002b603     zlibwapi.exp
 0002:00006611       $N00022                    1002b611     zlibwapi.exp
 0002:0000661e       $N00157                    1002b61e     zlibwapi.exp
 0002:0000662a       $N00158                    1002b62a     zlibwapi.exp
 0002:00006637       $N00159                    1002b637     zlibwapi.exp
 0002:00006645       $N00023                    1002b645     zlibwapi.exp
 0002:00006652       $N00163                    1002b652     zlibwapi.exp
 0002:00006663       $N00024                    1002b663     zlibwapi.exp
 0002:00006678       $N00025                    1002b678     zlibwapi.exp
 0002:00006684       $N00037                    1002b684     zlibwapi.exp
 0002:00006695       $N00160                    1002b695     zlibwapi.exp
 0002:000066a6       $N00169                    1002b6a6     zlibwapi.exp
 0002:000066b6       $N00170                    1002b6b6     zlibwapi.exp
 0002:000066c2       $N00177                    1002b6c2     zlibwapi.exp
 0002:000066ce       $N00176                    1002b6ce     zlibwapi.exp
 0002:000066da       $N00026                    1002b6da     zlibwapi.exp
 0002:000066e5       $N00062                    1002b6e5     zlibwapi.exp
 0002:000066ee       $N00072                    1002b6ee     zlibwapi.exp
 0002:00006702       $N00124                    1002b702     zlibwapi.exp
 0002:0000671a       $N00064                    1002b71a     zlibwapi.exp
 0002:00006730       $N00125                    1002b730     zlibwapi.exp
 0002:0000674e       $N00127                    1002b74e     zlibwapi.exp
 0002:0000675e       $N00100                    1002b75e     zlibwapi.exp
 0002:0000676c       $N00073                    1002b76c     zlibwapi.exp
 0002:00006780       $N00122                    1002b780     zlibwapi.exp
 0002:00006793       $N00063                    1002b793     zlibwapi.exp
 0002:000067a4       $N00076                    1002b7a4     zlibwapi.exp
 0002:000067ba       $N00128                    1002b7ba     zlibwapi.exp
 0002:000067cb       $N00101                    1002b7cb     zlibwapi.exp
 0002:000067da       $N00065                    1002b7da     zlibwapi.exp
 0002:000067eb       $N00066                    1002b7eb     zlibwapi.exp
 0002:000067fb       $N00075                    1002b7fb     zlibwapi.exp
 0002:00006809       $N00077                    1002b809     zlibwapi.exp
 0002:00006812       $N00121                    1002b812     zlibwapi.exp
 0002:0000681e       $N00120                    1002b81e     zlibwapi.exp
 0002:00006828       $N00061                    1002b828     zlibwapi.exp
 0002:00006830       $N00078                    1002b830     zlibwapi.exp
 0002:00006844       $N00069                    1002b844     zlibwapi.exp
 0002:00006858       $N00067                    1002b858     zlibwapi.exp
 0002:0000686b       $N00079                    1002b86b     zlibwapi.exp
 0002:00006886       $N00068                    1002b886     zlibwapi.exp
 0002:00006899       $N00074                    1002b899     zlibwapi.exp
 0002:000068b2       $N00071                    1002b8b2     zlibwapi.exp
 0002:000068b9       $N00126                    1002b8b9     zlibwapi.exp
 0002:000068c3       $N00070                    1002b8c3     zlibwapi.exp
 0002:000068cb       $N00036                    1002b8cb     zlibwapi.exp
 0002:000068d2       $N00084                    1002b8d2     zlibwapi.exp
 0002:000068db       $N00083                    1002b8db     zlibwapi.exp
 0002:000068ed       $N00136                    1002b8ed     zlibwapi.exp
 0002:00006904       $N00087                    1002b904     zlibwapi.exp
 0002:00006919       $N00088                    1002b919     zlibwapi.exp
 0002:00006922       $N00131                    1002b922     zlibwapi.exp
 0002:0000692e       $N00130                    1002b92e     zlibwapi.exp
 0002:00006938       $N00080                    1002b938     zlibwapi.exp
 0002:00006940       $N00086                    1002b940     zlibwapi.exp
 0002:00006955       $N00133                    1002b955     zlibwapi.exp
 0002:0000696d       $N00089                    1002b96d     zlibwapi.exp
 0002:00006982       $N00134                    1002b982     zlibwapi.exp
 0002:0000699a       $N00135                    1002b99a     zlibwapi.exp
 0002:000069b2       $N00132                    1002b9b2     zlibwapi.exp
 0002:000069c8       $N00081                    1002b9c8     zlibwapi.exp
 0002:000069dc       $N00082                    1002b9dc     zlibwapi.exp
 0002:000069f0       $N00050                    1002b9f0     zlibwapi.exp
 0002:00006a01       $N00027                    1002ba01     zlibwapi.exp
 0003:00000004       $SG95224                   1002c004     compress.obj
 0003:0000000c       $SG98899                   1002c00c     gzlib.obj
 0003:00000010       $SG98926                   1002c010     gzlib.obj
 0003:00000018       $SG99045                   1002c018     gzlib.obj
 0003:00000028       $SG99074                   1002c028     gzlib.obj
 0003:0000002c       $SG99075                   1002c02c     gzlib.obj
 0003:0000003c       $SG98893                   1002c03c     gzread.obj
 0003:0000004c       $SG98895                   1002c04c     gzread.obj
 0003:00000054       $SG98896                   1002c054     gzread.obj
 0003:00000064       $SG98915                   1002c064     gzread.obj
 0003:0000007c       $SG98918                   1002c07c     gzread.obj
 0003:000000a4       $SG98920                   1002c0a4     gzread.obj
 0003:000000b4       $SG98922                   1002c0b4     gzread.obj
 0003:000000cc       $SG99002                   1002c0cc     gzread.obj
 0003:000000ec       $SG99018                   1002c0ec     gzread.obj
 0003:00000110       $SG99055                   1002c110     gzread.obj
 0003:00000160       $SG98852                   1002c160     gzwrite.obj
 0003:00000170       $SG98855                   1002c170     gzwrite.obj
 0003:00000180       $SG98856                   1002c180     gzwrite.obj
 0003:00000188       $SG98858                   1002c188     gzwrite.obj
 0003:00000198       $SG98890                   1002c198     gzwrite.obj
 0003:000001c0       $SG98953                   1002c1c0     gzwrite.obj
 0003:000001e8       $SG98968                   1002c1e8     gzwrite.obj
 0003:0000022c       $SG95341                   1002c22c     infback.obj
 0003:00000234       $SG95727                   1002c234     infback.obj
 0003:00000248       $SG95732                   1002c248     infback.obj
 0003:00000268       $SG95744                   1002c268     infback.obj
 0003:0000028c       $SG95748                   1002c28c     infback.obj
 0003:000002a8       $SG95759                   1002c2a8     infback.obj
 0003:000002c4       $SG95767                   1002c2c4     infback.obj
 0003:000002e0       $SG95770                   1002c2e0     infback.obj
 0003:00000308       $SG95772                   1002c308     infback.obj
 0003:00000324       $SG95774                   1002c324     infback.obj
 0003:0000033c       $SG95790                   1002c33c     infback.obj
 0003:00000358       $SG95802                   1002c358     infback.obj
 0003:00000370       $SG95807                   1002c370     infback.obj
 0003:000003d4       $SG95272                   1002c3d4     zlibaddons.obj
 0003:000003dc       $SG95312                   1002c3dc     zlibaddons.obj
 0003:000003e8       $SG95399                   1002c3e8     inflate.obj
 0003:000003f0       $SG95959                   1002c3f0     inflate.obj
 0003:00000408       $SG95961                   1002c408     inflate.obj
 0003:00000424       $SG95965                   1002c424     inflate.obj
 0003:00000438       $SG95969                   1002c438     inflate.obj
 0003:00000454       $SG95971                   1002c454     inflate.obj
 0003:00000470       $SG96018                   1002c470     inflate.obj
 0003:00000484       $SG96035                   1002c484     inflate.obj
 0003:00000498       $SG96039                   1002c498     inflate.obj
 0003:000004b8       $SG96051                   1002c4b8     inflate.obj
 0003:000004dc       $SG96055                   1002c4dc     inflate.obj
 0003:000004f8       $SG96065                   1002c4f8     inflate.obj
 0003:00000514       $SG96071                   1002c514     inflate.obj
 0003:00000530       $SG96074                   1002c530     inflate.obj
 0003:00000558       $SG96076                   1002c558     inflate.obj
 0003:00000574       $SG96078                   1002c574     inflate.obj
 0003:0000058c       $SG96092                   1002c58c     inflate.obj
 0003:000005a8       $SG96103                   1002c5a8     inflate.obj
 0003:000005c0       $SG96113                   1002c5c0     inflate.obj
 0003:000005e0       $SG96126                   1002c5e0     inflate.obj
 0003:000005f8       $SG96131                   1002c5f8     inflate.obj
 0003:00000680       $SG98528                   1002c680     ioapi.obj
 0003:00000684       $SG98531                   1002c684     ioapi.obj
 0003:00000688       $SG98533                   1002c688     ioapi.obj
 0003:0000068c       $SG98552                   1002c68c     ioapi.obj
 0003:00000690       $SG98555                   1002c690     ioapi.obj
 0003:00000694       $SG98557                   1002c694     ioapi.obj
 0003:0000069c       $SG95227                   1002c69c     uncompr.obj
 0003:000006a4       $SG99418                   1002c6a4     unzip.obj
 0003:000006ac       $SG99812                   1002c6ac     zip.obj
 0003:000006b0       $SG99835                   1002c6b0     zip.obj
 0003:000006bc       $SG98855                   1002c6bc     zutil.obj
 0003:000006cc       $SG98856                   1002c6cc     zutil.obj
 0003:000006d8       $SG98858                   1002c6d8     zutil.obj
 0003:000006e4       $SG98859                   1002c6e4     zutil.obj
 0003:000006f4       $SG98860                   1002c6f4     zutil.obj
 0003:00000700       $SG98861                   1002c700     zutil.obj
 0003:00000714       $SG98862                   1002c714     zutil.obj
 0003:00000724       $SG98863                   1002c724     zutil.obj
 0003:0000073c       $SG98866                   1002c73c     zutil.obj
 0003:00000888       $SG99046                   1002c888     gzlib.obj
 0003:0000088c       ?calls@?1??crypthead@@9@9  1002c88c     zip.obj
 0003:00000890       $SG98857                   1002c890     zutil.obj
 0003:00000891       $SG98864                   1002c891     zutil.obj
 0003:00000894       ?__proc_attached@@3HA      1002c894     MSVCRTD:dll_dllmain.obj
 0003:000008cc       ?is_initialized_as_dll@@3_NA 1002c8cc     MSVCRTD:utility.obj
 0003:000008cd       ?module_local_atexit_table_initialized@@3_NA 1002c8cd     MSVCRTD:utility.obj
 0003:000008d0       ?module_local_atexit_table@@3U_onexit_table_t@@A 1002c8d0     MSVCRTD:utility.obj
 0003:000008dc       ?module_local_at_quick_exit_table@@3U_onexit_table_t@@A 1002c8dc     MSVCRTD:utility.obj
 0003:00000900       _GS_ExceptionRecord        1002c900     MSVCRTD:gs_report.obj
 0003:00000950       _GS_ContextRecord          1002c950     MSVCRTD:gs_report.obj
 0004:0000042c       .idata$6                   1002d42c     kernel32:KERNEL32.dll
 0004:000004c6       .idata$6                   1002d4c6     vcruntimed:VCRUNTIME140D.dll
 0004:000006d6       .idata$6                   1002d6d6     ucrtd:ucrtbased.dll
 0006:00000170       $R000000                   1002f170     zlib.res
